<!doctype html public "-//w3c//dtd html 4.0 transitional//en">
<html><head>
<title>Static Call Graph - [.\STM32H563_Modbus\STM32H563_Modbus.axf]</title></head>
<body><HR>
<H1>Static Call Graph for image .\STM32H563_Modbus\STM32H563_Modbus.axf</H1><HR>
<BR><P>#&#060CALLGRAPH&#062# ARM Linker, 6210000: Last Updated: Sat Jul 11 10:17:07 2026
<BR><P>
<H3>Maximum Stack Usage =        592 bytes + Unknown(Cycles, Untraceable Function Pointers)</H3><H3>
Call chain for Maximum Stack Depth:</H3>
__rt_entry_main &rArr; main &rArr; modbus_app_init &rArr; bsp_uart_init &rArr; bsp_uart_stm32h5_init &rArr; HAL_UART_Init &rArr; UART_SetConfig &rArr; __aeabi_uldivmod
<P>
<H3>
Mutually Recursive functions
</H3> <LI><a href="#[6]">SecureFault_Handler</a>&nbsp;&nbsp;&nbsp;&rArr;&nbsp;&nbsp;&nbsp;<a href="#[6]">SecureFault_Handler</a><BR>
 <LI><a href="#[2f]">ADC1_IRQHandler</a>&nbsp;&nbsp;&nbsp;&rArr;&nbsp;&nbsp;&nbsp;<a href="#[2f]">ADC1_IRQHandler</a><BR>
 <LI><a href="#[4]">BusFault_Handler</a>&nbsp;&nbsp;&nbsp;&rArr;&nbsp;&nbsp;&nbsp;<a href="#[4]">BusFault_Handler</a><BR>
 <LI><a href="#[2]">HardFault_Handler</a>&nbsp;&nbsp;&nbsp;&rArr;&nbsp;&nbsp;&nbsp;<a href="#[2]">HardFault_Handler</a><BR>
 <LI><a href="#[3]">MemManage_Handler</a>&nbsp;&nbsp;&nbsp;&rArr;&nbsp;&nbsp;&nbsp;<a href="#[3]">MemManage_Handler</a><BR>
 <LI><a href="#[1]">NMI_Handler</a>&nbsp;&nbsp;&nbsp;&rArr;&nbsp;&nbsp;&nbsp;<a href="#[1]">NMI_Handler</a><BR>
 <LI><a href="#[5]">UsageFault_Handler</a>&nbsp;&nbsp;&nbsp;&rArr;&nbsp;&nbsp;&nbsp;<a href="#[5]">UsageFault_Handler</a><BR>
</UL>
<P>
<H3>
Function Pointers
</H3><UL>
 <LI><a href="#[2f]">ADC1_IRQHandler</a> from startup_stm32h563xx.o(.text) referenced from startup_stm32h563xx.o(RESET)
 <LI><a href="#[4f]">ADC2_IRQHandler</a> from startup_stm32h563xx.o(.text) referenced from startup_stm32h563xx.o(RESET)
 <LI><a href="#[4]">BusFault_Handler</a> from stm32h5xx_it.o(.text.BusFault_Handler) referenced from startup_stm32h563xx.o(RESET)
 <LI><a href="#[7e]">CEC_IRQHandler</a> from startup_stm32h563xx.o(.text) referenced from startup_stm32h563xx.o(RESET)
 <LI><a href="#[79]">CORDIC_IRQHandler</a> from startup_stm32h563xx.o(.text) referenced from startup_stm32h563xx.o(RESET)
 <LI><a href="#[55]">CRS_IRQHandler</a> from startup_stm32h563xx.o(.text) referenced from startup_stm32h563xx.o(RESET)
 <LI><a href="#[30]">DAC1_IRQHandler</a> from startup_stm32h563xx.o(.text) referenced from startup_stm32h563xx.o(RESET)
 <LI><a href="#[73]">DCACHE1_IRQHandler</a> from startup_stm32h563xx.o(.text) referenced from startup_stm32h563xx.o(RESET)
 <LI><a href="#[76]">DCMI_PSSI_IRQHandler</a> from startup_stm32h563xx.o(.text) referenced from startup_stm32h563xx.o(RESET)
 <LI><a href="#[7b]">DTS_IRQHandler</a> from startup_stm32h563xx.o(.text) referenced from startup_stm32h563xx.o(RESET)
 <LI><a href="#[8]">DebugMon_Handler</a> from stm32h5xx_it.o(.text.DebugMon_Handler) referenced from startup_stm32h563xx.o(RESET)
 <LI><a href="#[74]">ETH_IRQHandler</a> from startup_stm32h563xx.o(.text) referenced from startup_stm32h563xx.o(RESET)
 <LI><a href="#[75]">ETH_WKUP_IRQHandler</a> from startup_stm32h563xx.o(.text) referenced from startup_stm32h563xx.o(RESET)
 <LI><a href="#[16]">EXTI0_IRQHandler</a> from startup_stm32h563xx.o(.text) referenced from startup_stm32h563xx.o(RESET)
 <LI><a href="#[20]">EXTI10_IRQHandler</a> from startup_stm32h563xx.o(.text) referenced from startup_stm32h563xx.o(RESET)
 <LI><a href="#[21]">EXTI11_IRQHandler</a> from startup_stm32h563xx.o(.text) referenced from startup_stm32h563xx.o(RESET)
 <LI><a href="#[22]">EXTI12_IRQHandler</a> from startup_stm32h563xx.o(.text) referenced from startup_stm32h563xx.o(RESET)
 <LI><a href="#[23]">EXTI13_IRQHandler</a> from startup_stm32h563xx.o(.text) referenced from startup_stm32h563xx.o(RESET)
 <LI><a href="#[24]">EXTI14_IRQHandler</a> from startup_stm32h563xx.o(.text) referenced from startup_stm32h563xx.o(RESET)
 <LI><a href="#[25]">EXTI15_IRQHandler</a> from startup_stm32h563xx.o(.text) referenced from startup_stm32h563xx.o(RESET)
 <LI><a href="#[17]">EXTI1_IRQHandler</a> from startup_stm32h563xx.o(.text) referenced from startup_stm32h563xx.o(RESET)
 <LI><a href="#[18]">EXTI2_IRQHandler</a> from startup_stm32h563xx.o(.text) referenced from startup_stm32h563xx.o(RESET)
 <LI><a href="#[19]">EXTI3_IRQHandler</a> from startup_stm32h563xx.o(.text) referenced from startup_stm32h563xx.o(RESET)
 <LI><a href="#[1a]">EXTI4_IRQHandler</a> from startup_stm32h563xx.o(.text) referenced from startup_stm32h563xx.o(RESET)
 <LI><a href="#[1b]">EXTI5_IRQHandler</a> from startup_stm32h563xx.o(.text) referenced from startup_stm32h563xx.o(RESET)
 <LI><a href="#[1c]">EXTI6_IRQHandler</a> from startup_stm32h563xx.o(.text) referenced from startup_stm32h563xx.o(RESET)
 <LI><a href="#[1d]">EXTI7_IRQHandler</a> from startup_stm32h563xx.o(.text) referenced from startup_stm32h563xx.o(RESET)
 <LI><a href="#[1e]">EXTI8_IRQHandler</a> from startup_stm32h563xx.o(.text) referenced from startup_stm32h563xx.o(RESET)
 <LI><a href="#[1f]">EXTI9_IRQHandler</a> from startup_stm32h563xx.o(.text) referenced from startup_stm32h563xx.o(RESET)
 <LI><a href="#[31]">FDCAN1_IT0_IRQHandler</a> from board_fdcan.o(.text.FDCAN1_IT0_IRQHandler) referenced from startup_stm32h563xx.o(RESET)
 <LI><a href="#[32]">FDCAN1_IT1_IRQHandler</a> from board_fdcan.o(.text.FDCAN1_IT1_IRQHandler) referenced from startup_stm32h563xx.o(RESET)
 <LI><a href="#[77]">FDCAN2_IT0_IRQHandler</a> from board_fdcan.o(.text.FDCAN2_IT0_IRQHandler) referenced from startup_stm32h563xx.o(RESET)
 <LI><a href="#[78]">FDCAN2_IT1_IRQHandler</a> from board_fdcan.o(.text.FDCAN2_IT1_IRQHandler) referenced from startup_stm32h563xx.o(RESET)
 <LI><a href="#[11]">FLASH_IRQHandler</a> from startup_stm32h563xx.o(.text) referenced from startup_stm32h563xx.o(RESET)
 <LI><a href="#[12]">FLASH_S_IRQHandler</a> from startup_stm32h563xx.o(.text) referenced from startup_stm32h563xx.o(RESET)
 <LI><a href="#[7a]">FMAC_IRQHandler</a> from startup_stm32h563xx.o(.text) referenced from startup_stm32h563xx.o(RESET)
 <LI><a href="#[57]">FMC_IRQHandler</a> from startup_stm32h563xx.o(.text) referenced from startup_stm32h563xx.o(RESET)
 <LI><a href="#[71]">FPU_IRQHandler</a> from startup_stm32h563xx.o(.text) referenced from startup_stm32h563xx.o(RESET)
 <LI><a href="#[26]">GPDMA1_Channel0_IRQHandler</a> from startup_stm32h563xx.o(.text) referenced from startup_stm32h563xx.o(RESET)
 <LI><a href="#[27]">GPDMA1_Channel1_IRQHandler</a> from startup_stm32h563xx.o(.text) referenced from startup_stm32h563xx.o(RESET)
 <LI><a href="#[28]">GPDMA1_Channel2_IRQHandler</a> from startup_stm32h563xx.o(.text) referenced from startup_stm32h563xx.o(RESET)
 <LI><a href="#[29]">GPDMA1_Channel3_IRQHandler</a> from startup_stm32h563xx.o(.text) referenced from startup_stm32h563xx.o(RESET)
 <LI><a href="#[2a]">GPDMA1_Channel4_IRQHandler</a> from startup_stm32h563xx.o(.text) referenced from startup_stm32h563xx.o(RESET)
 <LI><a href="#[2b]">GPDMA1_Channel5_IRQHandler</a> from startup_stm32h563xx.o(.text) referenced from startup_stm32h563xx.o(RESET)
 <LI><a href="#[2c]">GPDMA1_Channel6_IRQHandler</a> from startup_stm32h563xx.o(.text) referenced from startup_stm32h563xx.o(RESET)
 <LI><a href="#[2d]">GPDMA1_Channel7_IRQHandler</a> from startup_stm32h563xx.o(.text) referenced from startup_stm32h563xx.o(RESET)
 <LI><a href="#[64]">GPDMA2_Channel0_IRQHandler</a> from startup_stm32h563xx.o(.text) referenced from startup_stm32h563xx.o(RESET)
 <LI><a href="#[65]">GPDMA2_Channel1_IRQHandler</a> from startup_stm32h563xx.o(.text) referenced from startup_stm32h563xx.o(RESET)
 <LI><a href="#[66]">GPDMA2_Channel2_IRQHandler</a> from startup_stm32h563xx.o(.text) referenced from startup_stm32h563xx.o(RESET)
 <LI><a href="#[67]">GPDMA2_Channel3_IRQHandler</a> from startup_stm32h563xx.o(.text) referenced from startup_stm32h563xx.o(RESET)
 <LI><a href="#[68]">GPDMA2_Channel4_IRQHandler</a> from startup_stm32h563xx.o(.text) referenced from startup_stm32h563xx.o(RESET)
 <LI><a href="#[69]">GPDMA2_Channel5_IRQHandler</a> from startup_stm32h563xx.o(.text) referenced from startup_stm32h563xx.o(RESET)
 <LI><a href="#[6a]">GPDMA2_Channel6_IRQHandler</a> from startup_stm32h563xx.o(.text) referenced from startup_stm32h563xx.o(RESET)
 <LI><a href="#[6b]">GPDMA2_Channel7_IRQHandler</a> from startup_stm32h563xx.o(.text) referenced from startup_stm32h563xx.o(RESET)
 <LI><a href="#[13]">GTZC_IRQHandler</a> from startup_stm32h563xx.o(.text) referenced from startup_stm32h563xx.o(RESET)
 <LI><a href="#[90]">HAL_DCACHE_CleanAndInvalidateByAddrCallback</a> from stm32h5xx_hal_dcache.o(.text.HAL_DCACHE_CleanAndInvalidateByAddrCallback) referenced 2 times from stm32h5xx_hal_dcache.o(.text.HAL_DCACHE_Init)
 <LI><a href="#[8d]">HAL_DCACHE_CleanByAddrCallback</a> from stm32h5xx_hal_dcache.o(.text.HAL_DCACHE_CleanByAddrCallback) referenced 2 times from stm32h5xx_hal_dcache.o(.text.HAL_DCACHE_Init)
 <LI><a href="#[8c]">HAL_DCACHE_ErrorCallback</a> from stm32h5xx_hal_dcache.o(.text.HAL_DCACHE_ErrorCallback) referenced 2 times from stm32h5xx_hal_dcache.o(.text.HAL_DCACHE_Init)
 <LI><a href="#[8e]">HAL_DCACHE_InvalidateByAddrCallback</a> from stm32h5xx_hal_dcache.o(.text.HAL_DCACHE_InvalidateByAddrCallback) referenced 2 times from stm32h5xx_hal_dcache.o(.text.HAL_DCACHE_Init)
 <LI><a href="#[8f]">HAL_DCACHE_InvalidateCompleteCallback</a> from stm32h5xx_hal_dcache.o(.text.HAL_DCACHE_InvalidateCompleteCallback) referenced 2 times from stm32h5xx_hal_dcache.o(.text.HAL_DCACHE_Init)
 <LI><a href="#[91]">HAL_DCACHE_MspInit</a> from dcache.o(.text.HAL_DCACHE_MspInit) referenced 2 times from stm32h5xx_hal_dcache.o(.text.HAL_DCACHE_Init)
 <LI><a href="#[7d]">HASH_IRQHandler</a> from startup_stm32h563xx.o(.text) referenced from startup_stm32h563xx.o(RESET)
 <LI><a href="#[2]">HardFault_Handler</a> from stm32h5xx_it.o(.text.HardFault_Handler) referenced from startup_stm32h563xx.o(RESET)
 <LI><a href="#[3e]">I2C1_ER_IRQHandler</a> from startup_stm32h563xx.o(.text) referenced from startup_stm32h563xx.o(RESET)
 <LI><a href="#[3d]">I2C1_EV_IRQHandler</a> from startup_stm32h563xx.o(.text) referenced from startup_stm32h563xx.o(RESET)
 <LI><a href="#[40]">I2C2_ER_IRQHandler</a> from startup_stm32h563xx.o(.text) referenced from startup_stm32h563xx.o(RESET)
 <LI><a href="#[3f]">I2C2_EV_IRQHandler</a> from startup_stm32h563xx.o(.text) referenced from startup_stm32h563xx.o(RESET)
 <LI><a href="#[5b]">I2C3_ER_IRQHandler</a> from startup_stm32h563xx.o(.text) referenced from startup_stm32h563xx.o(RESET)
 <LI><a href="#[5a]">I2C3_EV_IRQHandler</a> from startup_stm32h563xx.o(.text) referenced from startup_stm32h563xx.o(RESET)
 <LI><a href="#[85]">I2C4_ER_IRQHandler</a> from startup_stm32h563xx.o(.text) referenced from startup_stm32h563xx.o(RESET)
 <LI><a href="#[84]">I2C4_EV_IRQHandler</a> from startup_stm32h563xx.o(.text) referenced from startup_stm32h563xx.o(RESET)
 <LI><a href="#[83]">I3C1_ER_IRQHandler</a> from startup_stm32h563xx.o(.text) referenced from startup_stm32h563xx.o(RESET)
 <LI><a href="#[82]">I3C1_EV_IRQHandler</a> from startup_stm32h563xx.o(.text) referenced from startup_stm32h563xx.o(RESET)
 <LI><a href="#[72]">ICACHE_IRQHandler</a> from startup_stm32h563xx.o(.text) referenced from startup_stm32h563xx.o(RESET)
 <LI><a href="#[2e]">IWDG_IRQHandler</a> from startup_stm32h563xx.o(.text) referenced from startup_stm32h563xx.o(RESET)
 <LI><a href="#[4a]">LPTIM1_IRQHandler</a> from startup_stm32h563xx.o(.text) referenced from startup_stm32h563xx.o(RESET)
 <LI><a href="#[50]">LPTIM2_IRQHandler</a> from startup_stm32h563xx.o(.text) referenced from startup_stm32h563xx.o(RESET)
 <LI><a href="#[86]">LPTIM3_IRQHandler</a> from startup_stm32h563xx.o(.text) referenced from startup_stm32h563xx.o(RESET)
 <LI><a href="#[87]">LPTIM4_IRQHandler</a> from startup_stm32h563xx.o(.text) referenced from startup_stm32h563xx.o(RESET)
 <LI><a href="#[88]">LPTIM5_IRQHandler</a> from startup_stm32h563xx.o(.text) referenced from startup_stm32h563xx.o(RESET)
 <LI><a href="#[89]">LPTIM6_IRQHandler</a> from startup_stm32h563xx.o(.text) referenced from startup_stm32h563xx.o(RESET)
 <LI><a href="#[49]">LPUART1_IRQHandler</a> from startup_stm32h563xx.o(.text) referenced from startup_stm32h563xx.o(RESET)
 <LI><a href="#[3]">MemManage_Handler</a> from stm32h5xx_it.o(.text.MemManage_Handler) referenced from startup_stm32h563xx.o(RESET)
 <LI><a href="#[1]">NMI_Handler</a> from stm32h5xx_it.o(.text.NMI_Handler) referenced from startup_stm32h563xx.o(RESET)
 <LI><a href="#[58]">OCTOSPI1_IRQHandler</a> from startup_stm32h563xx.o(.text) referenced from startup_stm32h563xx.o(RESET)
 <LI><a href="#[c]">PVD_AVD_IRQHandler</a> from startup_stm32h563xx.o(.text) referenced from startup_stm32h563xx.o(RESET)
 <LI><a href="#[9]">PendSV_Handler</a> from stm32h5xx_it.o(.text.PendSV_Handler) referenced from startup_stm32h563xx.o(RESET)
 <LI><a href="#[10]">RAMCFG_IRQHandler</a> from startup_stm32h563xx.o(.text) referenced from startup_stm32h563xx.o(RESET)
 <LI><a href="#[14]">RCC_IRQHandler</a> from startup_stm32h563xx.o(.text) referenced from startup_stm32h563xx.o(RESET)
 <LI><a href="#[15]">RCC_S_IRQHandler</a> from startup_stm32h563xx.o(.text) referenced from startup_stm32h563xx.o(RESET)
 <LI><a href="#[7c]">RNG_IRQHandler</a> from startup_stm32h563xx.o(.text) referenced from startup_stm32h563xx.o(RESET)
 <LI><a href="#[d]">RTC_IRQHandler</a> from startup_stm32h563xx.o(.text) referenced from startup_stm32h563xx.o(RESET)
 <LI><a href="#[e]">RTC_S_IRQHandler</a> from startup_stm32h563xx.o(.text) referenced from startup_stm32h563xx.o(RESET)
 <LI><a href="#[0]">Reset_Handler</a> from startup_stm32h563xx.o(.text) referenced from startup_stm32h563xx.o(RESET)
 <LI><a href="#[62]">SAI1_IRQHandler</a> from startup_stm32h563xx.o(.text) referenced from startup_stm32h563xx.o(RESET)
 <LI><a href="#[63]">SAI2_IRQHandler</a> from startup_stm32h563xx.o(.text) referenced from startup_stm32h563xx.o(RESET)
 <LI><a href="#[59]">SDMMC1_IRQHandler</a> from startup_stm32h563xx.o(.text) referenced from startup_stm32h563xx.o(RESET)
 <LI><a href="#[70]">SDMMC2_IRQHandler</a> from startup_stm32h563xx.o(.text) referenced from startup_stm32h563xx.o(RESET)
 <LI><a href="#[41]">SPI1_IRQHandler</a> from startup_stm32h563xx.o(.text) referenced from startup_stm32h563xx.o(RESET)
 <LI><a href="#[42]">SPI2_IRQHandler</a> from startup_stm32h563xx.o(.text) referenced from startup_stm32h563xx.o(RESET)
 <LI><a href="#[43]">SPI3_IRQHandler</a> from startup_stm32h563xx.o(.text) referenced from startup_stm32h563xx.o(RESET)
 <LI><a href="#[5c]">SPI4_IRQHandler</a> from startup_stm32h563xx.o(.text) referenced from startup_stm32h563xx.o(RESET)
 <LI><a href="#[5d]">SPI5_IRQHandler</a> from startup_stm32h563xx.o(.text) referenced from startup_stm32h563xx.o(RESET)
 <LI><a href="#[5e]">SPI6_IRQHandler</a> from startup_stm32h563xx.o(.text) referenced from startup_stm32h563xx.o(RESET)
 <LI><a href="#[7]">SVC_Handler</a> from stm32h5xx_it.o(.text.SVC_Handler) referenced from startup_stm32h563xx.o(RESET)
 <LI><a href="#[6]">SecureFault_Handler</a> from startup_stm32h563xx.o(.text) referenced from startup_stm32h563xx.o(RESET)
 <LI><a href="#[a]">SysTick_Handler</a> from stm32h5xx_it.o(.text.SysTick_Handler) referenced from startup_stm32h563xx.o(RESET)
 <LI><a href="#[8a]">SystemInit</a> from system_stm32h5xx.o(.text.SystemInit) referenced from startup_stm32h563xx.o(.text)
 <LI><a href="#[f]">TAMP_IRQHandler</a> from startup_stm32h563xx.o(.text) referenced from startup_stm32h563xx.o(RESET)
 <LI><a href="#[7f]">TIM12_IRQHandler</a> from startup_stm32h563xx.o(.text) referenced from startup_stm32h563xx.o(RESET)
 <LI><a href="#[80]">TIM13_IRQHandler</a> from startup_stm32h563xx.o(.text) referenced from startup_stm32h563xx.o(RESET)
 <LI><a href="#[81]">TIM14_IRQHandler</a> from startup_stm32h563xx.o(.text) referenced from startup_stm32h563xx.o(RESET)
 <LI><a href="#[51]">TIM15_IRQHandler</a> from startup_stm32h563xx.o(.text) referenced from startup_stm32h563xx.o(RESET)
 <LI><a href="#[52]">TIM16_IRQHandler</a> from startup_stm32h563xx.o(.text) referenced from startup_stm32h563xx.o(RESET)
 <LI><a href="#[53]">TIM17_IRQHandler</a> from startup_stm32h563xx.o(.text) referenced from startup_stm32h563xx.o(RESET)
 <LI><a href="#[33]">TIM1_BRK_IRQHandler</a> from startup_stm32h563xx.o(.text) referenced from startup_stm32h563xx.o(RESET)
 <LI><a href="#[36]">TIM1_CC_IRQHandler</a> from startup_stm32h563xx.o(.text) referenced from startup_stm32h563xx.o(RESET)
 <LI><a href="#[35]">TIM1_TRG_COM_IRQHandler</a> from startup_stm32h563xx.o(.text) referenced from startup_stm32h563xx.o(RESET)
 <LI><a href="#[34]">TIM1_UP_IRQHandler</a> from startup_stm32h563xx.o(.text) referenced from startup_stm32h563xx.o(RESET)
 <LI><a href="#[37]">TIM2_IRQHandler</a> from startup_stm32h563xx.o(.text) referenced from startup_stm32h563xx.o(RESET)
 <LI><a href="#[38]">TIM3_IRQHandler</a> from startup_stm32h563xx.o(.text) referenced from startup_stm32h563xx.o(RESET)
 <LI><a href="#[39]">TIM4_IRQHandler</a> from startup_stm32h563xx.o(.text) referenced from startup_stm32h563xx.o(RESET)
 <LI><a href="#[3a]">TIM5_IRQHandler</a> from startup_stm32h563xx.o(.text) referenced from startup_stm32h563xx.o(RESET)
 <LI><a href="#[3b]">TIM6_IRQHandler</a> from startup_stm32h563xx.o(.text) referenced from startup_stm32h563xx.o(RESET)
 <LI><a href="#[3c]">TIM7_IRQHandler</a> from startup_stm32h563xx.o(.text) referenced from startup_stm32h563xx.o(RESET)
 <LI><a href="#[4b]">TIM8_BRK_IRQHandler</a> from startup_stm32h563xx.o(.text) referenced from startup_stm32h563xx.o(RESET)
 <LI><a href="#[4e]">TIM8_CC_IRQHandler</a> from startup_stm32h563xx.o(.text) referenced from startup_stm32h563xx.o(RESET)
 <LI><a href="#[4d]">TIM8_TRG_COM_IRQHandler</a> from startup_stm32h563xx.o(.text) referenced from startup_stm32h563xx.o(RESET)
 <LI><a href="#[4c]">TIM8_UP_IRQHandler</a> from startup_stm32h563xx.o(.text) referenced from startup_stm32h563xx.o(RESET)
 <LI><a href="#[6f]">UART12_IRQHandler</a> from startup_stm32h563xx.o(.text) referenced from startup_stm32h563xx.o(RESET)
 <LI><a href="#[47]">UART4_IRQHandler</a> from board_uart.o(.text.UART4_IRQHandler) referenced from startup_stm32h563xx.o(RESET)
 <LI><a href="#[48]">UART5_IRQHandler</a> from startup_stm32h563xx.o(.text) referenced from startup_stm32h563xx.o(RESET)
 <LI><a href="#[6c]">UART7_IRQHandler</a> from startup_stm32h563xx.o(.text) referenced from startup_stm32h563xx.o(RESET)
 <LI><a href="#[6d]">UART8_IRQHandler</a> from startup_stm32h563xx.o(.text) referenced from startup_stm32h563xx.o(RESET)
 <LI><a href="#[6e]">UART9_IRQHandler</a> from startup_stm32h563xx.o(.text) referenced from startup_stm32h563xx.o(RESET)
 <LI><a href="#[92]">UART_DMAAbortOnError</a> from stm32h5xx_hal_uart.o(.text.UART_DMAAbortOnError) referenced 2 times from stm32h5xx_hal_uart.o(.text.HAL_UART_IRQHandler)
 <LI><a href="#[93]">UART_RxISR_16BIT</a> from stm32h5xx_hal_uart.o(.text.UART_RxISR_16BIT) referenced 2 times from stm32h5xx_hal_uart.o(.text.UART_RxISR_16BIT_FIFOEN)
 <LI><a href="#[93]">UART_RxISR_16BIT</a> from stm32h5xx_hal_uart.o(.text.UART_RxISR_16BIT) referenced 2 times from stm32h5xx_hal_uart.o(.text.UART_Start_Receive_IT)
 <LI><a href="#[96]">UART_RxISR_16BIT_FIFOEN</a> from stm32h5xx_hal_uart.o(.text.UART_RxISR_16BIT_FIFOEN) referenced 2 times from stm32h5xx_hal_uart.o(.text.UART_Start_Receive_IT)
 <LI><a href="#[94]">UART_RxISR_8BIT</a> from stm32h5xx_hal_uart.o(.text.UART_RxISR_8BIT) referenced 2 times from stm32h5xx_hal_uart.o(.text.UART_RxISR_8BIT_FIFOEN)
 <LI><a href="#[94]">UART_RxISR_8BIT</a> from stm32h5xx_hal_uart.o(.text.UART_RxISR_8BIT) referenced 4 times from stm32h5xx_hal_uart.o(.text.UART_Start_Receive_IT)
 <LI><a href="#[95]">UART_RxISR_8BIT_FIFOEN</a> from stm32h5xx_hal_uart.o(.text.UART_RxISR_8BIT_FIFOEN) referenced 4 times from stm32h5xx_hal_uart.o(.text.UART_Start_Receive_IT)
 <LI><a href="#[56]">UCPD1_IRQHandler</a> from startup_stm32h563xx.o(.text) referenced from startup_stm32h563xx.o(RESET)
 <LI><a href="#[60]">USART10_IRQHandler</a> from startup_stm32h563xx.o(.text) referenced from startup_stm32h563xx.o(RESET)
 <LI><a href="#[61]">USART11_IRQHandler</a> from startup_stm32h563xx.o(.text) referenced from startup_stm32h563xx.o(RESET)
 <LI><a href="#[44]">USART1_IRQHandler</a> from board_uart.o(.text.USART1_IRQHandler) referenced from startup_stm32h563xx.o(RESET)
 <LI><a href="#[45]">USART2_IRQHandler</a> from board_uart.o(.text.USART2_IRQHandler) referenced from startup_stm32h563xx.o(RESET)
 <LI><a href="#[46]">USART3_IRQHandler</a> from board_uart.o(.text.USART3_IRQHandler) referenced from startup_stm32h563xx.o(RESET)
 <LI><a href="#[5f]">USART6_IRQHandler</a> from startup_stm32h563xx.o(.text) referenced from startup_stm32h563xx.o(RESET)
 <LI><a href="#[54]">USB_DRD_FS_IRQHandler</a> from board_usb_device.o(.text.USB_DRD_FS_IRQHandler) referenced from startup_stm32h563xx.o(RESET)
 <LI><a href="#[5]">UsageFault_Handler</a> from stm32h5xx_it.o(.text.UsageFault_Handler) referenced from startup_stm32h563xx.o(RESET)
 <LI><a href="#[b]">WWDG_IRQHandler</a> from startup_stm32h563xx.o(.text) referenced from startup_stm32h563xx.o(RESET)
 <LI><a href="#[8b]">__main</a> from __main.o(!!!main) referenced from startup_stm32h563xx.o(.text)
 <LI><a href="#[97]">ldc_easy_on_core_event</a> from ldc_easy.o(.text.ldc_easy_on_core_event) referenced 2 times from ldc_easy.o(.text.ldc_easy_init)
 <LI><a href="#[98]">modbus_app_send</a> from modbus_app.o(.text.modbus_app_send) referenced 2 times from modbus_app.o(.text.modbus_app_init)
 <LI><a href="#[99]">transport_uart_ldc_lock</a> from transport_uart_ldc.o(.text.transport_uart_ldc_lock) referenced 2 times from transport_uart_ldc.o(.text.transport_uart_ldc_init)
 <LI><a href="#[9a]">transport_uart_ldc_unlock</a> from transport_uart_ldc.o(.text.transport_uart_ldc_unlock) referenced 2 times from transport_uart_ldc.o(.text.transport_uart_ldc_init)
</UL>
<P>
<H3>
Global Symbols
</H3>
<P><STRONG><a name="[8b]"></a>__main</STRONG> (Thumb, 8 bytes, Stack size 0 bytes, __main.o(!!!main))
<BR><BR>[Calls]<UL><LI><a href="#[9c]">&gt;&gt;</a>&nbsp;&nbsp;&nbsp;__rt_entry
<LI><a href="#[9b]">&gt;&gt;</a>&nbsp;&nbsp;&nbsp;__scatterload
</UL>
<BR>[Address Reference Count : 1]<UL><LI> startup_stm32h563xx.o(.text)
</UL>
<P><STRONG><a name="[9b]"></a>__scatterload</STRONG> (Thumb, 0 bytes, Stack size unknown bytes, __scatter.o(!!!scatter))
<BR><BR>[Called By]<UL><LI><a href="#[8b]">&gt;&gt;</a>&nbsp;&nbsp;&nbsp;__main
</UL>

<P><STRONG><a name="[9d]"></a>__scatterload_rt2</STRONG> (Thumb, 84 bytes, Stack size unknown bytes, __scatter.o(!!!scatter), UNUSED)
<BR><BR>[Calls]<UL><LI><a href="#[9c]">&gt;&gt;</a>&nbsp;&nbsp;&nbsp;__rt_entry
</UL>

<P><STRONG><a name="[162]"></a>__scatterload_rt2_thumb_only</STRONG> (Thumb, 0 bytes, Stack size unknown bytes, __scatter.o(!!!scatter), UNUSED)

<P><STRONG><a name="[163]"></a>__scatterload_loop</STRONG> (Thumb, 0 bytes, Stack size unknown bytes, __scatter.o(!!!scatter), UNUSED)

<P><STRONG><a name="[9e]"></a>__scatterload_copy</STRONG> (Thumb, 26 bytes, Stack size unknown bytes, __scatter_copy.o(!!handler_copy), UNUSED)
<BR><BR>[Calls]<UL><LI><a href="#[9e]">&gt;&gt;</a>&nbsp;&nbsp;&nbsp;__scatterload_copy
</UL>
<BR>[Called By]<UL><LI><a href="#[9e]">&gt;&gt;</a>&nbsp;&nbsp;&nbsp;__scatterload_copy
</UL>

<P><STRONG><a name="[164]"></a>__scatterload_null</STRONG> (Thumb, 2 bytes, Stack size unknown bytes, __scatter.o(!!handler_null), UNUSED)

<P><STRONG><a name="[165]"></a>__scatterload_zeroinit</STRONG> (Thumb, 28 bytes, Stack size unknown bytes, __scatter_zi.o(!!handler_zi), UNUSED)

<P><STRONG><a name="[166]"></a>_printf_ll</STRONG> (Thumb, 0 bytes, Stack size unknown bytes, _printf_ll.o(.ARM.Collect$$_printf_percent$$00000007))

<P><STRONG><a name="[167]"></a>_printf_percent</STRONG> (Thumb, 0 bytes, Stack size unknown bytes, _printf_percent.o(.ARM.Collect$$_printf_percent$$00000000))

<P><STRONG><a name="[9f]"></a>_printf_u</STRONG> (Thumb, 0 bytes, Stack size unknown bytes, _printf_u.o(.ARM.Collect$$_printf_percent$$0000000A))
<BR><BR>[Stack]<UL><LI>Max Depth = 56 + Unknown Stack Size
<LI>Call Chain = _printf_u &rArr; _printf_int_dec &rArr; _printf_int_common
</UL>
<BR>[Calls]<UL><LI><a href="#[a0]">&gt;&gt;</a>&nbsp;&nbsp;&nbsp;_printf_int_dec
</UL>

<P><STRONG><a name="[a1]"></a>_printf_llu</STRONG> (Thumb, 0 bytes, Stack size unknown bytes, _printf_llu.o(.ARM.Collect$$_printf_percent$$0000000F))
<BR><BR>[Stack]<UL><LI>Max Depth = 56 + Unknown Stack Size
<LI>Call Chain = _printf_llu &rArr; _printf_longlong_dec &rArr; _printf_int_common
</UL>
<BR>[Calls]<UL><LI><a href="#[a2]">&gt;&gt;</a>&nbsp;&nbsp;&nbsp;_printf_longlong_dec
</UL>

<P><STRONG><a name="[168]"></a>_printf_percent_end</STRONG> (Thumb, 0 bytes, Stack size unknown bytes, _printf_percent_end.o(.ARM.Collect$$_printf_percent$$00000017))

<P><STRONG><a name="[a8]"></a>__rt_lib_init</STRONG> (Thumb, 0 bytes, Stack size unknown bytes, libinit.o(.ARM.Collect$$libinit$$00000000))
<BR><BR>[Called By]<UL><LI><a href="#[a7]">&gt;&gt;</a>&nbsp;&nbsp;&nbsp;__rt_entry_li
</UL>

<P><STRONG><a name="[a3]"></a>__rt_lib_init_fp_1</STRONG> (Thumb, 0 bytes, Stack size unknown bytes, libinit2.o(.ARM.Collect$$libinit$$00000001))
<BR><BR>[Calls]<UL><LI><a href="#[a4]">&gt;&gt;</a>&nbsp;&nbsp;&nbsp;_fp_init
</UL>

<P><STRONG><a name="[169]"></a>__rt_lib_init_alloca_1</STRONG> (Thumb, 0 bytes, Stack size unknown bytes, libinit2.o(.ARM.Collect$$libinit$$00000030))

<P><STRONG><a name="[16a]"></a>__rt_lib_init_argv_1</STRONG> (Thumb, 0 bytes, Stack size unknown bytes, libinit2.o(.ARM.Collect$$libinit$$0000002E))

<P><STRONG><a name="[16b]"></a>__rt_lib_init_atexit_1</STRONG> (Thumb, 0 bytes, Stack size unknown bytes, libinit2.o(.ARM.Collect$$libinit$$0000001D))

<P><STRONG><a name="[16c]"></a>__rt_lib_init_clock_1</STRONG> (Thumb, 0 bytes, Stack size unknown bytes, libinit2.o(.ARM.Collect$$libinit$$00000023))

<P><STRONG><a name="[16d]"></a>__rt_lib_init_cpp_1</STRONG> (Thumb, 0 bytes, Stack size unknown bytes, libinit2.o(.ARM.Collect$$libinit$$00000034))

<P><STRONG><a name="[16e]"></a>__rt_lib_init_exceptions_1</STRONG> (Thumb, 0 bytes, Stack size unknown bytes, libinit2.o(.ARM.Collect$$libinit$$00000032))

<P><STRONG><a name="[16f]"></a>__rt_lib_init_fp_trap_1</STRONG> (Thumb, 0 bytes, Stack size unknown bytes, libinit2.o(.ARM.Collect$$libinit$$00000021))

<P><STRONG><a name="[170]"></a>__rt_lib_init_getenv_1</STRONG> (Thumb, 0 bytes, Stack size unknown bytes, libinit2.o(.ARM.Collect$$libinit$$00000025))

<P><STRONG><a name="[171]"></a>__rt_lib_init_heap_1</STRONG> (Thumb, 0 bytes, Stack size unknown bytes, libinit2.o(.ARM.Collect$$libinit$$0000000C))

<P><STRONG><a name="[172]"></a>__rt_lib_init_lc_collate_1</STRONG> (Thumb, 0 bytes, Stack size unknown bytes, libinit2.o(.ARM.Collect$$libinit$$00000013))

<P><STRONG><a name="[173]"></a>__rt_lib_init_lc_ctype_1</STRONG> (Thumb, 0 bytes, Stack size unknown bytes, libinit2.o(.ARM.Collect$$libinit$$00000015))

<P><STRONG><a name="[174]"></a>__rt_lib_init_lc_monetary_1</STRONG> (Thumb, 0 bytes, Stack size unknown bytes, libinit2.o(.ARM.Collect$$libinit$$00000017))

<P><STRONG><a name="[175]"></a>__rt_lib_init_lc_numeric_1</STRONG> (Thumb, 0 bytes, Stack size unknown bytes, libinit2.o(.ARM.Collect$$libinit$$00000019))

<P><STRONG><a name="[176]"></a>__rt_lib_init_lc_time_1</STRONG> (Thumb, 0 bytes, Stack size unknown bytes, libinit2.o(.ARM.Collect$$libinit$$0000001B))

<P><STRONG><a name="[177]"></a>__rt_lib_init_preinit_1</STRONG> (Thumb, 0 bytes, Stack size unknown bytes, libinit2.o(.ARM.Collect$$libinit$$00000006))

<P><STRONG><a name="[178]"></a>__rt_lib_init_rand_1</STRONG> (Thumb, 0 bytes, Stack size unknown bytes, libinit2.o(.ARM.Collect$$libinit$$00000010))

<P><STRONG><a name="[179]"></a>__rt_lib_init_relocate_pie_1</STRONG> (Thumb, 0 bytes, Stack size unknown bytes, libinit2.o(.ARM.Collect$$libinit$$00000004))

<P><STRONG><a name="[17a]"></a>__rt_lib_init_return</STRONG> (Thumb, 0 bytes, Stack size unknown bytes, libinit2.o(.ARM.Collect$$libinit$$00000035))

<P><STRONG><a name="[17b]"></a>__rt_lib_init_signal_1</STRONG> (Thumb, 0 bytes, Stack size unknown bytes, libinit2.o(.ARM.Collect$$libinit$$0000001F))

<P><STRONG><a name="[17c]"></a>__rt_lib_init_stdio_1</STRONG> (Thumb, 0 bytes, Stack size unknown bytes, libinit2.o(.ARM.Collect$$libinit$$00000027))

<P><STRONG><a name="[17d]"></a>__rt_lib_init_user_alloc_1</STRONG> (Thumb, 0 bytes, Stack size unknown bytes, libinit2.o(.ARM.Collect$$libinit$$0000000E))

<P><STRONG><a name="[ad]"></a>__rt_lib_shutdown</STRONG> (Thumb, 0 bytes, Stack size unknown bytes, libshutdown.o(.ARM.Collect$$libshutdown$$00000000))
<BR><BR>[Called By]<UL><LI><a href="#[ac]">&gt;&gt;</a>&nbsp;&nbsp;&nbsp;__rt_exit_ls
</UL>

<P><STRONG><a name="[17e]"></a>__rt_lib_shutdown_cpp_1</STRONG> (Thumb, 0 bytes, Stack size unknown bytes, libshutdown2.o(.ARM.Collect$$libshutdown$$00000002))

<P><STRONG><a name="[17f]"></a>__rt_lib_shutdown_fp_trap_1</STRONG> (Thumb, 0 bytes, Stack size unknown bytes, libshutdown2.o(.ARM.Collect$$libshutdown$$00000007))

<P><STRONG><a name="[180]"></a>__rt_lib_shutdown_heap_1</STRONG> (Thumb, 0 bytes, Stack size unknown bytes, libshutdown2.o(.ARM.Collect$$libshutdown$$0000000F))

<P><STRONG><a name="[181]"></a>__rt_lib_shutdown_return</STRONG> (Thumb, 0 bytes, Stack size unknown bytes, libshutdown2.o(.ARM.Collect$$libshutdown$$00000010))

<P><STRONG><a name="[182]"></a>__rt_lib_shutdown_signal_1</STRONG> (Thumb, 0 bytes, Stack size unknown bytes, libshutdown2.o(.ARM.Collect$$libshutdown$$0000000A))

<P><STRONG><a name="[183]"></a>__rt_lib_shutdown_stdio_1</STRONG> (Thumb, 0 bytes, Stack size unknown bytes, libshutdown2.o(.ARM.Collect$$libshutdown$$00000004))

<P><STRONG><a name="[184]"></a>__rt_lib_shutdown_user_alloc_1</STRONG> (Thumb, 0 bytes, Stack size unknown bytes, libshutdown2.o(.ARM.Collect$$libshutdown$$0000000C))

<P><STRONG><a name="[9c]"></a>__rt_entry</STRONG> (Thumb, 0 bytes, Stack size unknown bytes, __rtentry.o(.ARM.Collect$$rtentry$$00000000))
<BR><BR>[Called By]<UL><LI><a href="#[8b]">&gt;&gt;</a>&nbsp;&nbsp;&nbsp;__main
<LI><a href="#[9d]">&gt;&gt;</a>&nbsp;&nbsp;&nbsp;__scatterload_rt2
</UL>

<P><STRONG><a name="[185]"></a>__rt_entry_presh_1</STRONG> (Thumb, 0 bytes, Stack size unknown bytes, __rtentry2.o(.ARM.Collect$$rtentry$$00000002))

<P><STRONG><a name="[a5]"></a>__rt_entry_sh</STRONG> (Thumb, 0 bytes, Stack size unknown bytes, __rtentry4.o(.ARM.Collect$$rtentry$$00000004))
<BR><BR>[Stack]<UL><LI>Max Depth = 8 + Unknown Stack Size
<LI>Call Chain = __rt_entry_sh &rArr; __user_setup_stackheap
</UL>
<BR>[Calls]<UL><LI><a href="#[a6]">&gt;&gt;</a>&nbsp;&nbsp;&nbsp;__user_setup_stackheap
</UL>

<P><STRONG><a name="[a7]"></a>__rt_entry_li</STRONG> (Thumb, 0 bytes, Stack size unknown bytes, __rtentry2.o(.ARM.Collect$$rtentry$$0000000A))
<BR><BR>[Calls]<UL><LI><a href="#[a8]">&gt;&gt;</a>&nbsp;&nbsp;&nbsp;__rt_lib_init
</UL>

<P><STRONG><a name="[186]"></a>__rt_entry_postsh_1</STRONG> (Thumb, 0 bytes, Stack size unknown bytes, __rtentry2.o(.ARM.Collect$$rtentry$$00000009))

<P><STRONG><a name="[a9]"></a>__rt_entry_main</STRONG> (Thumb, 0 bytes, Stack size unknown bytes, __rtentry2.o(.ARM.Collect$$rtentry$$0000000D))
<BR><BR>[Stack]<UL><LI>Max Depth = 592 + Unknown Stack Size
<LI>Call Chain = __rt_entry_main &rArr; main &rArr; modbus_app_init &rArr; bsp_uart_init &rArr; bsp_uart_stm32h5_init &rArr; HAL_UART_Init &rArr; UART_SetConfig &rArr; __aeabi_uldivmod
</UL>
<BR>[Calls]<UL><LI><a href="#[aa]">&gt;&gt;</a>&nbsp;&nbsp;&nbsp;main
<LI><a href="#[ab]">&gt;&gt;</a>&nbsp;&nbsp;&nbsp;exit
</UL>

<P><STRONG><a name="[187]"></a>__rt_entry_postli_1</STRONG> (Thumb, 0 bytes, Stack size unknown bytes, __rtentry2.o(.ARM.Collect$$rtentry$$0000000C))

<P><STRONG><a name="[bc]"></a>__rt_exit</STRONG> (Thumb, 0 bytes, Stack size unknown bytes, rtexit.o(.ARM.Collect$$rtexit$$00000000))
<BR><BR>[Called By]<UL><LI><a href="#[ab]">&gt;&gt;</a>&nbsp;&nbsp;&nbsp;exit
</UL>

<P><STRONG><a name="[ac]"></a>__rt_exit_ls</STRONG> (Thumb, 0 bytes, Stack size unknown bytes, rtexit2.o(.ARM.Collect$$rtexit$$00000003))
<BR><BR>[Calls]<UL><LI><a href="#[ad]">&gt;&gt;</a>&nbsp;&nbsp;&nbsp;__rt_lib_shutdown
</UL>

<P><STRONG><a name="[188]"></a>__rt_exit_prels_1</STRONG> (Thumb, 0 bytes, Stack size unknown bytes, rtexit2.o(.ARM.Collect$$rtexit$$00000002))

<P><STRONG><a name="[ae]"></a>__rt_exit_exit</STRONG> (Thumb, 0 bytes, Stack size unknown bytes, rtexit2.o(.ARM.Collect$$rtexit$$00000004))
<BR><BR>[Calls]<UL><LI><a href="#[af]">&gt;&gt;</a>&nbsp;&nbsp;&nbsp;_sys_exit
</UL>

<P><STRONG><a name="[0]"></a>Reset_Handler</STRONG> (Thumb, 8 bytes, Stack size 0 bytes, startup_stm32h563xx.o(.text))
<BR>[Address Reference Count : 1]<UL><LI> startup_stm32h563xx.o(RESET)
</UL>
<P><STRONG><a name="[6]"></a>SecureFault_Handler</STRONG> (Thumb, 2 bytes, Stack size 0 bytes, startup_stm32h563xx.o(.text))
<BR><BR>[Calls]<UL><LI><a href="#[6]">&gt;&gt;</a>&nbsp;&nbsp;&nbsp;SecureFault_Handler
</UL>
<BR>[Called By]<UL><LI><a href="#[6]">&gt;&gt;</a>&nbsp;&nbsp;&nbsp;SecureFault_Handler
</UL>
<BR>[Address Reference Count : 1]<UL><LI> startup_stm32h563xx.o(RESET)
</UL>
<P><STRONG><a name="[2f]"></a>ADC1_IRQHandler</STRONG> (Thumb, 0 bytes, Stack size 0 bytes, startup_stm32h563xx.o(.text))
<BR><BR>[Calls]<UL><LI><a href="#[2f]">&gt;&gt;</a>&nbsp;&nbsp;&nbsp;ADC1_IRQHandler
</UL>
<BR>[Called By]<UL><LI><a href="#[2f]">&gt;&gt;</a>&nbsp;&nbsp;&nbsp;ADC1_IRQHandler
</UL>
<BR>[Address Reference Count : 1]<UL><LI> startup_stm32h563xx.o(RESET)
</UL>
<P><STRONG><a name="[4f]"></a>ADC2_IRQHandler</STRONG> (Thumb, 0 bytes, Stack size 0 bytes, startup_stm32h563xx.o(.text))
<BR>[Address Reference Count : 1]<UL><LI> startup_stm32h563xx.o(RESET)
</UL>
<P><STRONG><a name="[7e]"></a>CEC_IRQHandler</STRONG> (Thumb, 0 bytes, Stack size 0 bytes, startup_stm32h563xx.o(.text))
<BR>[Address Reference Count : 1]<UL><LI> startup_stm32h563xx.o(RESET)
</UL>
<P><STRONG><a name="[79]"></a>CORDIC_IRQHandler</STRONG> (Thumb, 0 bytes, Stack size 0 bytes, startup_stm32h563xx.o(.text))
<BR>[Address Reference Count : 1]<UL><LI> startup_stm32h563xx.o(RESET)
</UL>
<P><STRONG><a name="[55]"></a>CRS_IRQHandler</STRONG> (Thumb, 0 bytes, Stack size 0 bytes, startup_stm32h563xx.o(.text))
<BR>[Address Reference Count : 1]<UL><LI> startup_stm32h563xx.o(RESET)
</UL>
<P><STRONG><a name="[30]"></a>DAC1_IRQHandler</STRONG> (Thumb, 0 bytes, Stack size 0 bytes, startup_stm32h563xx.o(.text))
<BR>[Address Reference Count : 1]<UL><LI> startup_stm32h563xx.o(RESET)
</UL>
<P><STRONG><a name="[73]"></a>DCACHE1_IRQHandler</STRONG> (Thumb, 0 bytes, Stack size 0 bytes, startup_stm32h563xx.o(.text))
<BR>[Address Reference Count : 1]<UL><LI> startup_stm32h563xx.o(RESET)
</UL>
<P><STRONG><a name="[76]"></a>DCMI_PSSI_IRQHandler</STRONG> (Thumb, 0 bytes, Stack size 0 bytes, startup_stm32h563xx.o(.text))
<BR>[Address Reference Count : 1]<UL><LI> startup_stm32h563xx.o(RESET)
</UL>
<P><STRONG><a name="[7b]"></a>DTS_IRQHandler</STRONG> (Thumb, 0 bytes, Stack size 0 bytes, startup_stm32h563xx.o(.text))
<BR>[Address Reference Count : 1]<UL><LI> startup_stm32h563xx.o(RESET)
</UL>
<P><STRONG><a name="[74]"></a>ETH_IRQHandler</STRONG> (Thumb, 0 bytes, Stack size 0 bytes, startup_stm32h563xx.o(.text))
<BR>[Address Reference Count : 1]<UL><LI> startup_stm32h563xx.o(RESET)
</UL>
<P><STRONG><a name="[75]"></a>ETH_WKUP_IRQHandler</STRONG> (Thumb, 0 bytes, Stack size 0 bytes, startup_stm32h563xx.o(.text))
<BR>[Address Reference Count : 1]<UL><LI> startup_stm32h563xx.o(RESET)
</UL>
<P><STRONG><a name="[16]"></a>EXTI0_IRQHandler</STRONG> (Thumb, 0 bytes, Stack size 0 bytes, startup_stm32h563xx.o(.text))
<BR>[Address Reference Count : 1]<UL><LI> startup_stm32h563xx.o(RESET)
</UL>
<P><STRONG><a name="[20]"></a>EXTI10_IRQHandler</STRONG> (Thumb, 0 bytes, Stack size 0 bytes, startup_stm32h563xx.o(.text))
<BR>[Address Reference Count : 1]<UL><LI> startup_stm32h563xx.o(RESET)
</UL>
<P><STRONG><a name="[21]"></a>EXTI11_IRQHandler</STRONG> (Thumb, 0 bytes, Stack size 0 bytes, startup_stm32h563xx.o(.text))
<BR>[Address Reference Count : 1]<UL><LI> startup_stm32h563xx.o(RESET)
</UL>
<P><STRONG><a name="[22]"></a>EXTI12_IRQHandler</STRONG> (Thumb, 0 bytes, Stack size 0 bytes, startup_stm32h563xx.o(.text))
<BR>[Address Reference Count : 1]<UL><LI> startup_stm32h563xx.o(RESET)
</UL>
<P><STRONG><a name="[23]"></a>EXTI13_IRQHandler</STRONG> (Thumb, 0 bytes, Stack size 0 bytes, startup_stm32h563xx.o(.text))
<BR>[Address Reference Count : 1]<UL><LI> startup_stm32h563xx.o(RESET)
</UL>
<P><STRONG><a name="[24]"></a>EXTI14_IRQHandler</STRONG> (Thumb, 0 bytes, Stack size 0 bytes, startup_stm32h563xx.o(.text))
<BR>[Address Reference Count : 1]<UL><LI> startup_stm32h563xx.o(RESET)
</UL>
<P><STRONG><a name="[25]"></a>EXTI15_IRQHandler</STRONG> (Thumb, 0 bytes, Stack size 0 bytes, startup_stm32h563xx.o(.text))
<BR>[Address Reference Count : 1]<UL><LI> startup_stm32h563xx.o(RESET)
</UL>
<P><STRONG><a name="[17]"></a>EXTI1_IRQHandler</STRONG> (Thumb, 0 bytes, Stack size 0 bytes, startup_stm32h563xx.o(.text))
<BR>[Address Reference Count : 1]<UL><LI> startup_stm32h563xx.o(RESET)
</UL>
<P><STRONG><a name="[18]"></a>EXTI2_IRQHandler</STRONG> (Thumb, 0 bytes, Stack size 0 bytes, startup_stm32h563xx.o(.text))
<BR>[Address Reference Count : 1]<UL><LI> startup_stm32h563xx.o(RESET)
</UL>
<P><STRONG><a name="[19]"></a>EXTI3_IRQHandler</STRONG> (Thumb, 0 bytes, Stack size 0 bytes, startup_stm32h563xx.o(.text))
<BR>[Address Reference Count : 1]<UL><LI> startup_stm32h563xx.o(RESET)
</UL>
<P><STRONG><a name="[1a]"></a>EXTI4_IRQHandler</STRONG> (Thumb, 0 bytes, Stack size 0 bytes, startup_stm32h563xx.o(.text))
<BR>[Address Reference Count : 1]<UL><LI> startup_stm32h563xx.o(RESET)
</UL>
<P><STRONG><a name="[1b]"></a>EXTI5_IRQHandler</STRONG> (Thumb, 0 bytes, Stack size 0 bytes, startup_stm32h563xx.o(.text))
<BR>[Address Reference Count : 1]<UL><LI> startup_stm32h563xx.o(RESET)
</UL>
<P><STRONG><a name="[1c]"></a>EXTI6_IRQHandler</STRONG> (Thumb, 0 bytes, Stack size 0 bytes, startup_stm32h563xx.o(.text))
<BR>[Address Reference Count : 1]<UL><LI> startup_stm32h563xx.o(RESET)
</UL>
<P><STRONG><a name="[1d]"></a>EXTI7_IRQHandler</STRONG> (Thumb, 0 bytes, Stack size 0 bytes, startup_stm32h563xx.o(.text))
<BR>[Address Reference Count : 1]<UL><LI> startup_stm32h563xx.o(RESET)
</UL>
<P><STRONG><a name="[1e]"></a>EXTI8_IRQHandler</STRONG> (Thumb, 0 bytes, Stack size 0 bytes, startup_stm32h563xx.o(.text))
<BR>[Address Reference Count : 1]<UL><LI> startup_stm32h563xx.o(RESET)
</UL>
<P><STRONG><a name="[1f]"></a>EXTI9_IRQHandler</STRONG> (Thumb, 0 bytes, Stack size 0 bytes, startup_stm32h563xx.o(.text))
<BR>[Address Reference Count : 1]<UL><LI> startup_stm32h563xx.o(RESET)
</UL>
<P><STRONG><a name="[11]"></a>FLASH_IRQHandler</STRONG> (Thumb, 0 bytes, Stack size 0 bytes, startup_stm32h563xx.o(.text))
<BR>[Address Reference Count : 1]<UL><LI> startup_stm32h563xx.o(RESET)
</UL>
<P><STRONG><a name="[12]"></a>FLASH_S_IRQHandler</STRONG> (Thumb, 0 bytes, Stack size 0 bytes, startup_stm32h563xx.o(.text))
<BR>[Address Reference Count : 1]<UL><LI> startup_stm32h563xx.o(RESET)
</UL>
<P><STRONG><a name="[7a]"></a>FMAC_IRQHandler</STRONG> (Thumb, 0 bytes, Stack size 0 bytes, startup_stm32h563xx.o(.text))
<BR>[Address Reference Count : 1]<UL><LI> startup_stm32h563xx.o(RESET)
</UL>
<P><STRONG><a name="[57]"></a>FMC_IRQHandler</STRONG> (Thumb, 0 bytes, Stack size 0 bytes, startup_stm32h563xx.o(.text))
<BR>[Address Reference Count : 1]<UL><LI> startup_stm32h563xx.o(RESET)
</UL>
<P><STRONG><a name="[71]"></a>FPU_IRQHandler</STRONG> (Thumb, 0 bytes, Stack size 0 bytes, startup_stm32h563xx.o(.text))
<BR>[Address Reference Count : 1]<UL><LI> startup_stm32h563xx.o(RESET)
</UL>
<P><STRONG><a name="[26]"></a>GPDMA1_Channel0_IRQHandler</STRONG> (Thumb, 0 bytes, Stack size 0 bytes, startup_stm32h563xx.o(.text))
<BR>[Address Reference Count : 1]<UL><LI> startup_stm32h563xx.o(RESET)
</UL>
<P><STRONG><a name="[27]"></a>GPDMA1_Channel1_IRQHandler</STRONG> (Thumb, 0 bytes, Stack size 0 bytes, startup_stm32h563xx.o(.text))
<BR>[Address Reference Count : 1]<UL><LI> startup_stm32h563xx.o(RESET)
</UL>
<P><STRONG><a name="[28]"></a>GPDMA1_Channel2_IRQHandler</STRONG> (Thumb, 0 bytes, Stack size 0 bytes, startup_stm32h563xx.o(.text))
<BR>[Address Reference Count : 1]<UL><LI> startup_stm32h563xx.o(RESET)
</UL>
<P><STRONG><a name="[29]"></a>GPDMA1_Channel3_IRQHandler</STRONG> (Thumb, 0 bytes, Stack size 0 bytes, startup_stm32h563xx.o(.text))
<BR>[Address Reference Count : 1]<UL><LI> startup_stm32h563xx.o(RESET)
</UL>
<P><STRONG><a name="[2a]"></a>GPDMA1_Channel4_IRQHandler</STRONG> (Thumb, 0 bytes, Stack size 0 bytes, startup_stm32h563xx.o(.text))
<BR>[Address Reference Count : 1]<UL><LI> startup_stm32h563xx.o(RESET)
</UL>
<P><STRONG><a name="[2b]"></a>GPDMA1_Channel5_IRQHandler</STRONG> (Thumb, 0 bytes, Stack size 0 bytes, startup_stm32h563xx.o(.text))
<BR>[Address Reference Count : 1]<UL><LI> startup_stm32h563xx.o(RESET)
</UL>
<P><STRONG><a name="[2c]"></a>GPDMA1_Channel6_IRQHandler</STRONG> (Thumb, 0 bytes, Stack size 0 bytes, startup_stm32h563xx.o(.text))
<BR>[Address Reference Count : 1]<UL><LI> startup_stm32h563xx.o(RESET)
</UL>
<P><STRONG><a name="[2d]"></a>GPDMA1_Channel7_IRQHandler</STRONG> (Thumb, 0 bytes, Stack size 0 bytes, startup_stm32h563xx.o(.text))
<BR>[Address Reference Count : 1]<UL><LI> startup_stm32h563xx.o(RESET)
</UL>
<P><STRONG><a name="[64]"></a>GPDMA2_Channel0_IRQHandler</STRONG> (Thumb, 0 bytes, Stack size 0 bytes, startup_stm32h563xx.o(.text))
<BR>[Address Reference Count : 1]<UL><LI> startup_stm32h563xx.o(RESET)
</UL>
<P><STRONG><a name="[65]"></a>GPDMA2_Channel1_IRQHandler</STRONG> (Thumb, 0 bytes, Stack size 0 bytes, startup_stm32h563xx.o(.text))
<BR>[Address Reference Count : 1]<UL><LI> startup_stm32h563xx.o(RESET)
</UL>
<P><STRONG><a name="[66]"></a>GPDMA2_Channel2_IRQHandler</STRONG> (Thumb, 0 bytes, Stack size 0 bytes, startup_stm32h563xx.o(.text))
<BR>[Address Reference Count : 1]<UL><LI> startup_stm32h563xx.o(RESET)
</UL>
<P><STRONG><a name="[67]"></a>GPDMA2_Channel3_IRQHandler</STRONG> (Thumb, 0 bytes, Stack size 0 bytes, startup_stm32h563xx.o(.text))
<BR>[Address Reference Count : 1]<UL><LI> startup_stm32h563xx.o(RESET)
</UL>
<P><STRONG><a name="[68]"></a>GPDMA2_Channel4_IRQHandler</STRONG> (Thumb, 0 bytes, Stack size 0 bytes, startup_stm32h563xx.o(.text))
<BR>[Address Reference Count : 1]<UL><LI> startup_stm32h563xx.o(RESET)
</UL>
<P><STRONG><a name="[69]"></a>GPDMA2_Channel5_IRQHandler</STRONG> (Thumb, 0 bytes, Stack size 0 bytes, startup_stm32h563xx.o(.text))
<BR>[Address Reference Count : 1]<UL><LI> startup_stm32h563xx.o(RESET)
</UL>
<P><STRONG><a name="[6a]"></a>GPDMA2_Channel6_IRQHandler</STRONG> (Thumb, 0 bytes, Stack size 0 bytes, startup_stm32h563xx.o(.text))
<BR>[Address Reference Count : 1]<UL><LI> startup_stm32h563xx.o(RESET)
</UL>
<P><STRONG><a name="[6b]"></a>GPDMA2_Channel7_IRQHandler</STRONG> (Thumb, 0 bytes, Stack size 0 bytes, startup_stm32h563xx.o(.text))
<BR>[Address Reference Count : 1]<UL><LI> startup_stm32h563xx.o(RESET)
</UL>
<P><STRONG><a name="[13]"></a>GTZC_IRQHandler</STRONG> (Thumb, 0 bytes, Stack size 0 bytes, startup_stm32h563xx.o(.text))
<BR>[Address Reference Count : 1]<UL><LI> startup_stm32h563xx.o(RESET)
</UL>
<P><STRONG><a name="[7d]"></a>HASH_IRQHandler</STRONG> (Thumb, 0 bytes, Stack size 0 bytes, startup_stm32h563xx.o(.text))
<BR>[Address Reference Count : 1]<UL><LI> startup_stm32h563xx.o(RESET)
</UL>
<P><STRONG><a name="[3e]"></a>I2C1_ER_IRQHandler</STRONG> (Thumb, 0 bytes, Stack size 0 bytes, startup_stm32h563xx.o(.text))
<BR>[Address Reference Count : 1]<UL><LI> startup_stm32h563xx.o(RESET)
</UL>
<P><STRONG><a name="[3d]"></a>I2C1_EV_IRQHandler</STRONG> (Thumb, 0 bytes, Stack size 0 bytes, startup_stm32h563xx.o(.text))
<BR>[Address Reference Count : 1]<UL><LI> startup_stm32h563xx.o(RESET)
</UL>
<P><STRONG><a name="[40]"></a>I2C2_ER_IRQHandler</STRONG> (Thumb, 0 bytes, Stack size 0 bytes, startup_stm32h563xx.o(.text))
<BR>[Address Reference Count : 1]<UL><LI> startup_stm32h563xx.o(RESET)
</UL>
<P><STRONG><a name="[3f]"></a>I2C2_EV_IRQHandler</STRONG> (Thumb, 0 bytes, Stack size 0 bytes, startup_stm32h563xx.o(.text))
<BR>[Address Reference Count : 1]<UL><LI> startup_stm32h563xx.o(RESET)
</UL>
<P><STRONG><a name="[5b]"></a>I2C3_ER_IRQHandler</STRONG> (Thumb, 0 bytes, Stack size 0 bytes, startup_stm32h563xx.o(.text))
<BR>[Address Reference Count : 1]<UL><LI> startup_stm32h563xx.o(RESET)
</UL>
<P><STRONG><a name="[5a]"></a>I2C3_EV_IRQHandler</STRONG> (Thumb, 0 bytes, Stack size 0 bytes, startup_stm32h563xx.o(.text))
<BR>[Address Reference Count : 1]<UL><LI> startup_stm32h563xx.o(RESET)
</UL>
<P><STRONG><a name="[85]"></a>I2C4_ER_IRQHandler</STRONG> (Thumb, 0 bytes, Stack size 0 bytes, startup_stm32h563xx.o(.text))
<BR>[Address Reference Count : 1]<UL><LI> startup_stm32h563xx.o(RESET)
</UL>
<P><STRONG><a name="[84]"></a>I2C4_EV_IRQHandler</STRONG> (Thumb, 0 bytes, Stack size 0 bytes, startup_stm32h563xx.o(.text))
<BR>[Address Reference Count : 1]<UL><LI> startup_stm32h563xx.o(RESET)
</UL>
<P><STRONG><a name="[83]"></a>I3C1_ER_IRQHandler</STRONG> (Thumb, 0 bytes, Stack size 0 bytes, startup_stm32h563xx.o(.text))
<BR>[Address Reference Count : 1]<UL><LI> startup_stm32h563xx.o(RESET)
</UL>
<P><STRONG><a name="[82]"></a>I3C1_EV_IRQHandler</STRONG> (Thumb, 0 bytes, Stack size 0 bytes, startup_stm32h563xx.o(.text))
<BR>[Address Reference Count : 1]<UL><LI> startup_stm32h563xx.o(RESET)
</UL>
<P><STRONG><a name="[72]"></a>ICACHE_IRQHandler</STRONG> (Thumb, 0 bytes, Stack size 0 bytes, startup_stm32h563xx.o(.text))
<BR>[Address Reference Count : 1]<UL><LI> startup_stm32h563xx.o(RESET)
</UL>
<P><STRONG><a name="[2e]"></a>IWDG_IRQHandler</STRONG> (Thumb, 0 bytes, Stack size 0 bytes, startup_stm32h563xx.o(.text))
<BR>[Address Reference Count : 1]<UL><LI> startup_stm32h563xx.o(RESET)
</UL>
<P><STRONG><a name="[4a]"></a>LPTIM1_IRQHandler</STRONG> (Thumb, 0 bytes, Stack size 0 bytes, startup_stm32h563xx.o(.text))
<BR>[Address Reference Count : 1]<UL><LI> startup_stm32h563xx.o(RESET)
</UL>
<P><STRONG><a name="[50]"></a>LPTIM2_IRQHandler</STRONG> (Thumb, 0 bytes, Stack size 0 bytes, startup_stm32h563xx.o(.text))
<BR>[Address Reference Count : 1]<UL><LI> startup_stm32h563xx.o(RESET)
</UL>
<P><STRONG><a name="[86]"></a>LPTIM3_IRQHandler</STRONG> (Thumb, 0 bytes, Stack size 0 bytes, startup_stm32h563xx.o(.text))
<BR>[Address Reference Count : 1]<UL><LI> startup_stm32h563xx.o(RESET)
</UL>
<P><STRONG><a name="[87]"></a>LPTIM4_IRQHandler</STRONG> (Thumb, 0 bytes, Stack size 0 bytes, startup_stm32h563xx.o(.text))
<BR>[Address Reference Count : 1]<UL><LI> startup_stm32h563xx.o(RESET)
</UL>
<P><STRONG><a name="[88]"></a>LPTIM5_IRQHandler</STRONG> (Thumb, 0 bytes, Stack size 0 bytes, startup_stm32h563xx.o(.text))
<BR>[Address Reference Count : 1]<UL><LI> startup_stm32h563xx.o(RESET)
</UL>
<P><STRONG><a name="[89]"></a>LPTIM6_IRQHandler</STRONG> (Thumb, 0 bytes, Stack size 0 bytes, startup_stm32h563xx.o(.text))
<BR>[Address Reference Count : 1]<UL><LI> startup_stm32h563xx.o(RESET)
</UL>
<P><STRONG><a name="[49]"></a>LPUART1_IRQHandler</STRONG> (Thumb, 0 bytes, Stack size 0 bytes, startup_stm32h563xx.o(.text))
<BR>[Address Reference Count : 1]<UL><LI> startup_stm32h563xx.o(RESET)
</UL>
<P><STRONG><a name="[58]"></a>OCTOSPI1_IRQHandler</STRONG> (Thumb, 0 bytes, Stack size 0 bytes, startup_stm32h563xx.o(.text))
<BR>[Address Reference Count : 1]<UL><LI> startup_stm32h563xx.o(RESET)
</UL>
<P><STRONG><a name="[c]"></a>PVD_AVD_IRQHandler</STRONG> (Thumb, 0 bytes, Stack size 0 bytes, startup_stm32h563xx.o(.text))
<BR>[Address Reference Count : 1]<UL><LI> startup_stm32h563xx.o(RESET)
</UL>
<P><STRONG><a name="[10]"></a>RAMCFG_IRQHandler</STRONG> (Thumb, 0 bytes, Stack size 0 bytes, startup_stm32h563xx.o(.text))
<BR>[Address Reference Count : 1]<UL><LI> startup_stm32h563xx.o(RESET)
</UL>
<P><STRONG><a name="[14]"></a>RCC_IRQHandler</STRONG> (Thumb, 0 bytes, Stack size 0 bytes, startup_stm32h563xx.o(.text))
<BR>[Address Reference Count : 1]<UL><LI> startup_stm32h563xx.o(RESET)
</UL>
<P><STRONG><a name="[15]"></a>RCC_S_IRQHandler</STRONG> (Thumb, 0 bytes, Stack size 0 bytes, startup_stm32h563xx.o(.text))
<BR>[Address Reference Count : 1]<UL><LI> startup_stm32h563xx.o(RESET)
</UL>
<P><STRONG><a name="[7c]"></a>RNG_IRQHandler</STRONG> (Thumb, 0 bytes, Stack size 0 bytes, startup_stm32h563xx.o(.text))
<BR>[Address Reference Count : 1]<UL><LI> startup_stm32h563xx.o(RESET)
</UL>
<P><STRONG><a name="[d]"></a>RTC_IRQHandler</STRONG> (Thumb, 0 bytes, Stack size 0 bytes, startup_stm32h563xx.o(.text))
<BR>[Address Reference Count : 1]<UL><LI> startup_stm32h563xx.o(RESET)
</UL>
<P><STRONG><a name="[e]"></a>RTC_S_IRQHandler</STRONG> (Thumb, 0 bytes, Stack size 0 bytes, startup_stm32h563xx.o(.text))
<BR>[Address Reference Count : 1]<UL><LI> startup_stm32h563xx.o(RESET)
</UL>
<P><STRONG><a name="[62]"></a>SAI1_IRQHandler</STRONG> (Thumb, 0 bytes, Stack size 0 bytes, startup_stm32h563xx.o(.text))
<BR>[Address Reference Count : 1]<UL><LI> startup_stm32h563xx.o(RESET)
</UL>
<P><STRONG><a name="[63]"></a>SAI2_IRQHandler</STRONG> (Thumb, 0 bytes, Stack size 0 bytes, startup_stm32h563xx.o(.text))
<BR>[Address Reference Count : 1]<UL><LI> startup_stm32h563xx.o(RESET)
</UL>
<P><STRONG><a name="[59]"></a>SDMMC1_IRQHandler</STRONG> (Thumb, 0 bytes, Stack size 0 bytes, startup_stm32h563xx.o(.text))
<BR>[Address Reference Count : 1]<UL><LI> startup_stm32h563xx.o(RESET)
</UL>
<P><STRONG><a name="[70]"></a>SDMMC2_IRQHandler</STRONG> (Thumb, 0 bytes, Stack size 0 bytes, startup_stm32h563xx.o(.text))
<BR>[Address Reference Count : 1]<UL><LI> startup_stm32h563xx.o(RESET)
</UL>
<P><STRONG><a name="[41]"></a>SPI1_IRQHandler</STRONG> (Thumb, 0 bytes, Stack size 0 bytes, startup_stm32h563xx.o(.text))
<BR>[Address Reference Count : 1]<UL><LI> startup_stm32h563xx.o(RESET)
</UL>
<P><STRONG><a name="[42]"></a>SPI2_IRQHandler</STRONG> (Thumb, 0 bytes, Stack size 0 bytes, startup_stm32h563xx.o(.text))
<BR>[Address Reference Count : 1]<UL><LI> startup_stm32h563xx.o(RESET)
</UL>
<P><STRONG><a name="[43]"></a>SPI3_IRQHandler</STRONG> (Thumb, 0 bytes, Stack size 0 bytes, startup_stm32h563xx.o(.text))
<BR>[Address Reference Count : 1]<UL><LI> startup_stm32h563xx.o(RESET)
</UL>
<P><STRONG><a name="[5c]"></a>SPI4_IRQHandler</STRONG> (Thumb, 0 bytes, Stack size 0 bytes, startup_stm32h563xx.o(.text))
<BR>[Address Reference Count : 1]<UL><LI> startup_stm32h563xx.o(RESET)
</UL>
<P><STRONG><a name="[5d]"></a>SPI5_IRQHandler</STRONG> (Thumb, 0 bytes, Stack size 0 bytes, startup_stm32h563xx.o(.text))
<BR>[Address Reference Count : 1]<UL><LI> startup_stm32h563xx.o(RESET)
</UL>
<P><STRONG><a name="[5e]"></a>SPI6_IRQHandler</STRONG> (Thumb, 0 bytes, Stack size 0 bytes, startup_stm32h563xx.o(.text))
<BR>[Address Reference Count : 1]<UL><LI> startup_stm32h563xx.o(RESET)
</UL>
<P><STRONG><a name="[f]"></a>TAMP_IRQHandler</STRONG> (Thumb, 0 bytes, Stack size 0 bytes, startup_stm32h563xx.o(.text))
<BR>[Address Reference Count : 1]<UL><LI> startup_stm32h563xx.o(RESET)
</UL>
<P><STRONG><a name="[7f]"></a>TIM12_IRQHandler</STRONG> (Thumb, 0 bytes, Stack size 0 bytes, startup_stm32h563xx.o(.text))
<BR>[Address Reference Count : 1]<UL><LI> startup_stm32h563xx.o(RESET)
</UL>
<P><STRONG><a name="[80]"></a>TIM13_IRQHandler</STRONG> (Thumb, 0 bytes, Stack size 0 bytes, startup_stm32h563xx.o(.text))
<BR>[Address Reference Count : 1]<UL><LI> startup_stm32h563xx.o(RESET)
</UL>
<P><STRONG><a name="[81]"></a>TIM14_IRQHandler</STRONG> (Thumb, 0 bytes, Stack size 0 bytes, startup_stm32h563xx.o(.text))
<BR>[Address Reference Count : 1]<UL><LI> startup_stm32h563xx.o(RESET)
</UL>
<P><STRONG><a name="[51]"></a>TIM15_IRQHandler</STRONG> (Thumb, 0 bytes, Stack size 0 bytes, startup_stm32h563xx.o(.text))
<BR>[Address Reference Count : 1]<UL><LI> startup_stm32h563xx.o(RESET)
</UL>
<P><STRONG><a name="[52]"></a>TIM16_IRQHandler</STRONG> (Thumb, 0 bytes, Stack size 0 bytes, startup_stm32h563xx.o(.text))
<BR>[Address Reference Count : 1]<UL><LI> startup_stm32h563xx.o(RESET)
</UL>
<P><STRONG><a name="[53]"></a>TIM17_IRQHandler</STRONG> (Thumb, 0 bytes, Stack size 0 bytes, startup_stm32h563xx.o(.text))
<BR>[Address Reference Count : 1]<UL><LI> startup_stm32h563xx.o(RESET)
</UL>
<P><STRONG><a name="[33]"></a>TIM1_BRK_IRQHandler</STRONG> (Thumb, 0 bytes, Stack size 0 bytes, startup_stm32h563xx.o(.text))
<BR>[Address Reference Count : 1]<UL><LI> startup_stm32h563xx.o(RESET)
</UL>
<P><STRONG><a name="[36]"></a>TIM1_CC_IRQHandler</STRONG> (Thumb, 0 bytes, Stack size 0 bytes, startup_stm32h563xx.o(.text))
<BR>[Address Reference Count : 1]<UL><LI> startup_stm32h563xx.o(RESET)
</UL>
<P><STRONG><a name="[35]"></a>TIM1_TRG_COM_IRQHandler</STRONG> (Thumb, 0 bytes, Stack size 0 bytes, startup_stm32h563xx.o(.text))
<BR>[Address Reference Count : 1]<UL><LI> startup_stm32h563xx.o(RESET)
</UL>
<P><STRONG><a name="[34]"></a>TIM1_UP_IRQHandler</STRONG> (Thumb, 0 bytes, Stack size 0 bytes, startup_stm32h563xx.o(.text))
<BR>[Address Reference Count : 1]<UL><LI> startup_stm32h563xx.o(RESET)
</UL>
<P><STRONG><a name="[37]"></a>TIM2_IRQHandler</STRONG> (Thumb, 0 bytes, Stack size 0 bytes, startup_stm32h563xx.o(.text))
<BR>[Address Reference Count : 1]<UL><LI> startup_stm32h563xx.o(RESET)
</UL>
<P><STRONG><a name="[38]"></a>TIM3_IRQHandler</STRONG> (Thumb, 0 bytes, Stack size 0 bytes, startup_stm32h563xx.o(.text))
<BR>[Address Reference Count : 1]<UL><LI> startup_stm32h563xx.o(RESET)
</UL>
<P><STRONG><a name="[39]"></a>TIM4_IRQHandler</STRONG> (Thumb, 0 bytes, Stack size 0 bytes, startup_stm32h563xx.o(.text))
<BR>[Address Reference Count : 1]<UL><LI> startup_stm32h563xx.o(RESET)
</UL>
<P><STRONG><a name="[3a]"></a>TIM5_IRQHandler</STRONG> (Thumb, 0 bytes, Stack size 0 bytes, startup_stm32h563xx.o(.text))
<BR>[Address Reference Count : 1]<UL><LI> startup_stm32h563xx.o(RESET)
</UL>
<P><STRONG><a name="[3b]"></a>TIM6_IRQHandler</STRONG> (Thumb, 0 bytes, Stack size 0 bytes, startup_stm32h563xx.o(.text))
<BR>[Address Reference Count : 1]<UL><LI> startup_stm32h563xx.o(RESET)
</UL>
<P><STRONG><a name="[3c]"></a>TIM7_IRQHandler</STRONG> (Thumb, 0 bytes, Stack size 0 bytes, startup_stm32h563xx.o(.text))
<BR>[Address Reference Count : 1]<UL><LI> startup_stm32h563xx.o(RESET)
</UL>
<P><STRONG><a name="[4b]"></a>TIM8_BRK_IRQHandler</STRONG> (Thumb, 0 bytes, Stack size 0 bytes, startup_stm32h563xx.o(.text))
<BR>[Address Reference Count : 1]<UL><LI> startup_stm32h563xx.o(RESET)
</UL>
<P><STRONG><a name="[4e]"></a>TIM8_CC_IRQHandler</STRONG> (Thumb, 0 bytes, Stack size 0 bytes, startup_stm32h563xx.o(.text))
<BR>[Address Reference Count : 1]<UL><LI> startup_stm32h563xx.o(RESET)
</UL>
<P><STRONG><a name="[4d]"></a>TIM8_TRG_COM_IRQHandler</STRONG> (Thumb, 0 bytes, Stack size 0 bytes, startup_stm32h563xx.o(.text))
<BR>[Address Reference Count : 1]<UL><LI> startup_stm32h563xx.o(RESET)
</UL>
<P><STRONG><a name="[4c]"></a>TIM8_UP_IRQHandler</STRONG> (Thumb, 0 bytes, Stack size 0 bytes, startup_stm32h563xx.o(.text))
<BR>[Address Reference Count : 1]<UL><LI> startup_stm32h563xx.o(RESET)
</UL>
<P><STRONG><a name="[6f]"></a>UART12_IRQHandler</STRONG> (Thumb, 0 bytes, Stack size 0 bytes, startup_stm32h563xx.o(.text))
<BR>[Address Reference Count : 1]<UL><LI> startup_stm32h563xx.o(RESET)
</UL>
<P><STRONG><a name="[48]"></a>UART5_IRQHandler</STRONG> (Thumb, 0 bytes, Stack size 0 bytes, startup_stm32h563xx.o(.text))
<BR>[Address Reference Count : 1]<UL><LI> startup_stm32h563xx.o(RESET)
</UL>
<P><STRONG><a name="[6c]"></a>UART7_IRQHandler</STRONG> (Thumb, 0 bytes, Stack size 0 bytes, startup_stm32h563xx.o(.text))
<BR>[Address Reference Count : 1]<UL><LI> startup_stm32h563xx.o(RESET)
</UL>
<P><STRONG><a name="[6d]"></a>UART8_IRQHandler</STRONG> (Thumb, 0 bytes, Stack size 0 bytes, startup_stm32h563xx.o(.text))
<BR>[Address Reference Count : 1]<UL><LI> startup_stm32h563xx.o(RESET)
</UL>
<P><STRONG><a name="[6e]"></a>UART9_IRQHandler</STRONG> (Thumb, 0 bytes, Stack size 0 bytes, startup_stm32h563xx.o(.text))
<BR>[Address Reference Count : 1]<UL><LI> startup_stm32h563xx.o(RESET)
</UL>
<P><STRONG><a name="[56]"></a>UCPD1_IRQHandler</STRONG> (Thumb, 0 bytes, Stack size 0 bytes, startup_stm32h563xx.o(.text))
<BR>[Address Reference Count : 1]<UL><LI> startup_stm32h563xx.o(RESET)
</UL>
<P><STRONG><a name="[60]"></a>USART10_IRQHandler</STRONG> (Thumb, 0 bytes, Stack size 0 bytes, startup_stm32h563xx.o(.text))
<BR>[Address Reference Count : 1]<UL><LI> startup_stm32h563xx.o(RESET)
</UL>
<P><STRONG><a name="[61]"></a>USART11_IRQHandler</STRONG> (Thumb, 0 bytes, Stack size 0 bytes, startup_stm32h563xx.o(.text))
<BR>[Address Reference Count : 1]<UL><LI> startup_stm32h563xx.o(RESET)
</UL>
<P><STRONG><a name="[5f]"></a>USART6_IRQHandler</STRONG> (Thumb, 0 bytes, Stack size 0 bytes, startup_stm32h563xx.o(.text))
<BR>[Address Reference Count : 1]<UL><LI> startup_stm32h563xx.o(RESET)
</UL>
<P><STRONG><a name="[b]"></a>WWDG_IRQHandler</STRONG> (Thumb, 0 bytes, Stack size 0 bytes, startup_stm32h563xx.o(.text))
<BR>[Address Reference Count : 1]<UL><LI> startup_stm32h563xx.o(RESET)
</UL>
<P><STRONG><a name="[bb]"></a>__user_initial_stackheap</STRONG> (Thumb, 10 bytes, Stack size 0 bytes, startup_stm32h563xx.o(.text))
<BR><BR>[Called By]<UL><LI><a href="#[a6]">&gt;&gt;</a>&nbsp;&nbsp;&nbsp;__user_setup_stackheap
</UL>

<P><STRONG><a name="[111]"></a>__aeabi_uldivmod</STRONG> (Thumb, 0 bytes, Stack size 48 bytes, lludivv7m.o(.text))
<BR><BR>[Stack]<UL><LI>Max Depth = 48<LI>Call Chain = __aeabi_uldivmod
</UL>
<BR>[Called By]<UL><LI><a href="#[124]">&gt;&gt;</a>&nbsp;&nbsp;&nbsp;bsp_pwm_apply
<LI><a href="#[119]">&gt;&gt;</a>&nbsp;&nbsp;&nbsp;bsp_clock_init
<LI><a href="#[10a]">&gt;&gt;</a>&nbsp;&nbsp;&nbsp;UART_SetConfig
</UL>

<P><STRONG><a name="[189]"></a>_ll_udiv</STRONG> (Thumb, 240 bytes, Stack size 48 bytes, lludivv7m.o(.text), UNUSED)

<P><STRONG><a name="[a0]"></a>_printf_int_dec</STRONG> (Thumb, 104 bytes, Stack size 24 bytes, _printf_dec.o(.text))
<BR><BR>[Stack]<UL><LI>Max Depth = 56<LI>Call Chain = _printf_int_dec &rArr; _printf_int_common
</UL>
<BR>[Calls]<UL><LI><a href="#[b0]">&gt;&gt;</a>&nbsp;&nbsp;&nbsp;_printf_int_common
</UL>
<BR>[Called By]<UL><LI><a href="#[9f]">&gt;&gt;</a>&nbsp;&nbsp;&nbsp;_printf_u
</UL>

<P><STRONG><a name="[a2]"></a>_printf_longlong_dec</STRONG> (Thumb, 108 bytes, Stack size 24 bytes, _printf_longlong_dec.o(.text))
<BR><BR>[Stack]<UL><LI>Max Depth = 56<LI>Call Chain = _printf_longlong_dec &rArr; _printf_int_common
</UL>
<BR>[Calls]<UL><LI><a href="#[b0]">&gt;&gt;</a>&nbsp;&nbsp;&nbsp;_printf_int_common
<LI><a href="#[b1]">&gt;&gt;</a>&nbsp;&nbsp;&nbsp;_ll_udiv10
</UL>
<BR>[Called By]<UL><LI><a href="#[a1]">&gt;&gt;</a>&nbsp;&nbsp;&nbsp;_printf_llu
</UL>

<P><STRONG><a name="[15b]"></a>memchr</STRONG> (Thumb, 20 bytes, Stack size 0 bytes, memchr.o(.text))
<BR><BR>[Called By]<UL><LI><a href="#[14b]">&gt;&gt;</a>&nbsp;&nbsp;&nbsp;ldc_write
</UL>

<P><STRONG><a name="[b5]"></a>__aeabi_memcpy</STRONG> (Thumb, 0 bytes, Stack size 0 bytes, rt_memcpy_v6.o(.text))
<BR><BR>[Called By]<UL><LI><a href="#[153]">&gt;&gt;</a>&nbsp;&nbsp;&nbsp;ldc_read_packet
<LI><a href="#[159]">&gt;&gt;</a>&nbsp;&nbsp;&nbsp;ldc_ring_write
<LI><a href="#[b4]">&gt;&gt;</a>&nbsp;&nbsp;&nbsp;__rt_memmove
</UL>

<P><STRONG><a name="[b2]"></a>__rt_memcpy</STRONG> (Thumb, 138 bytes, Stack size 0 bytes, rt_memcpy_v6.o(.text), UNUSED)
<BR><BR>[Calls]<UL><LI><a href="#[b3]">&gt;&gt;</a>&nbsp;&nbsp;&nbsp;__aeabi_memcpy4
</UL>

<P><STRONG><a name="[18a]"></a>_memcpy_lastbytes</STRONG> (Thumb, 0 bytes, Stack size unknown bytes, rt_memcpy_v6.o(.text), UNUSED)

<P><STRONG><a name="[13f]"></a>__aeabi_memmove</STRONG> (Thumb, 0 bytes, Stack size 0 bytes, rt_memmove_v6.o(.text))
<BR><BR>[Called By]<UL><LI><a href="#[13e]">&gt;&gt;</a>&nbsp;&nbsp;&nbsp;ld_modbus_rtu_encode
</UL>

<P><STRONG><a name="[b4]"></a>__rt_memmove</STRONG> (Thumb, 132 bytes, Stack size 0 bytes, rt_memmove_v6.o(.text), UNUSED)
<BR><BR>[Calls]<UL><LI><a href="#[b6]">&gt;&gt;</a>&nbsp;&nbsp;&nbsp;__memmove_aligned
<LI><a href="#[b5]">&gt;&gt;</a>&nbsp;&nbsp;&nbsp;__aeabi_memcpy
</UL>

<P><STRONG><a name="[18b]"></a>__memmove_lastfew</STRONG> (Thumb, 0 bytes, Stack size unknown bytes, rt_memmove_v6.o(.text), UNUSED)

<P><STRONG><a name="[b3]"></a>__aeabi_memcpy4</STRONG> (Thumb, 0 bytes, Stack size 8 bytes, rt_memcpy_w.o(.text), UNUSED)
<BR><BR>[Called By]<UL><LI><a href="#[b9]">&gt;&gt;</a>&nbsp;&nbsp;&nbsp;__rt_memmove_w
<LI><a href="#[b2]">&gt;&gt;</a>&nbsp;&nbsp;&nbsp;__rt_memcpy
</UL>

<P><STRONG><a name="[18c]"></a>__aeabi_memcpy8</STRONG> (Thumb, 0 bytes, Stack size 8 bytes, rt_memcpy_w.o(.text), UNUSED)

<P><STRONG><a name="[18d]"></a>__rt_memcpy_w</STRONG> (Thumb, 100 bytes, Stack size 8 bytes, rt_memcpy_w.o(.text), UNUSED)

<P><STRONG><a name="[18e]"></a>_memcpy_lastbytes_aligned</STRONG> (Thumb, 0 bytes, Stack size unknown bytes, rt_memcpy_w.o(.text), UNUSED)

<P><STRONG><a name="[141]"></a>__aeabi_memclr</STRONG> (Thumb, 0 bytes, Stack size unknown bytes, rt_memclr.o(.text))
<BR><BR>[Called By]<UL><LI><a href="#[140]">&gt;&gt;</a>&nbsp;&nbsp;&nbsp;ld_modbus_server_process_pdu
</UL>

<P><STRONG><a name="[18f]"></a>__rt_memclr</STRONG> (Thumb, 0 bytes, Stack size unknown bytes, rt_memclr.o(.text), UNUSED)

<P><STRONG><a name="[b7]"></a>_memset</STRONG> (Thumb, 64 bytes, Stack size 0 bytes, rt_memclr.o(.text), UNUSED)
<BR><BR>[Calls]<UL><LI><a href="#[b8]">&gt;&gt;</a>&nbsp;&nbsp;&nbsp;_memset_w
</UL>

<P><STRONG><a name="[13a]"></a>__aeabi_memclr4</STRONG> (Thumb, 0 bytes, Stack size unknown bytes, rt_memclr_w.o(.text))
<BR><BR>[Called By]<UL><LI><a href="#[139]">&gt;&gt;</a>&nbsp;&nbsp;&nbsp;ld_modbus_ldc_rtu_server_init
<LI><a href="#[160]">&gt;&gt;</a>&nbsp;&nbsp;&nbsp;transport_uart_ldc_init
<LI><a href="#[15d]">&gt;&gt;</a>&nbsp;&nbsp;&nbsp;modbus_app_init
</UL>

<P><STRONG><a name="[128]"></a>__aeabi_memclr8</STRONG> (Thumb, 0 bytes, Stack size unknown bytes, rt_memclr_w.o(.text))
<BR><BR>[Called By]<UL><LI><a href="#[14d]">&gt;&gt;</a>&nbsp;&nbsp;&nbsp;ldc_init
<LI><a href="#[127]">&gt;&gt;</a>&nbsp;&nbsp;&nbsp;bsp_uart_init
<LI><a href="#[14c]">&gt;&gt;</a>&nbsp;&nbsp;&nbsp;ldc_easy_init
</UL>

<P><STRONG><a name="[190]"></a>__rt_memclr_w</STRONG> (Thumb, 0 bytes, Stack size unknown bytes, rt_memclr_w.o(.text), UNUSED)

<P><STRONG><a name="[b8]"></a>_memset_w</STRONG> (Thumb, 74 bytes, Stack size 4 bytes, rt_memclr_w.o(.text), UNUSED)
<BR><BR>[Called By]<UL><LI><a href="#[b7]">&gt;&gt;</a>&nbsp;&nbsp;&nbsp;_memset
</UL>

<P><STRONG><a name="[191]"></a>__use_two_region_memory</STRONG> (Thumb, 2 bytes, Stack size 0 bytes, heapauxi.o(.text), UNUSED)

<P><STRONG><a name="[192]"></a>__rt_heap_escrow</STRONG> (Thumb, 2 bytes, Stack size 0 bytes, heapauxi.o(.text), UNUSED)

<P><STRONG><a name="[193]"></a>__rt_heap_expand</STRONG> (Thumb, 2 bytes, Stack size 0 bytes, heapauxi.o(.text), UNUSED)

<P><STRONG><a name="[b1]"></a>_ll_udiv10</STRONG> (Thumb, 138 bytes, Stack size 12 bytes, lludiv10.o(.text))
<BR><BR>[Stack]<UL><LI>Max Depth = 12<LI>Call Chain = _ll_udiv10
</UL>
<BR>[Called By]<UL><LI><a href="#[a2]">&gt;&gt;</a>&nbsp;&nbsp;&nbsp;_printf_longlong_dec
</UL>

<P><STRONG><a name="[b0]"></a>_printf_int_common</STRONG> (Thumb, 178 bytes, Stack size 32 bytes, _printf_intcommon.o(.text))
<BR><BR>[Stack]<UL><LI>Max Depth = 32<LI>Call Chain = _printf_int_common
</UL>
<BR>[Called By]<UL><LI><a href="#[a2]">&gt;&gt;</a>&nbsp;&nbsp;&nbsp;_printf_longlong_dec
<LI><a href="#[a0]">&gt;&gt;</a>&nbsp;&nbsp;&nbsp;_printf_int_dec
</UL>

<P><STRONG><a name="[194]"></a>__aeabi_memmove4</STRONG> (Thumb, 0 bytes, Stack size 8 bytes, rt_memmove_w.o(.text), UNUSED)

<P><STRONG><a name="[195]"></a>__aeabi_memmove8</STRONG> (Thumb, 0 bytes, Stack size 8 bytes, rt_memmove_w.o(.text), UNUSED)

<P><STRONG><a name="[b9]"></a>__rt_memmove_w</STRONG> (Thumb, 122 bytes, Stack size 8 bytes, rt_memmove_w.o(.text), UNUSED)
<BR><BR>[Calls]<UL><LI><a href="#[b3]">&gt;&gt;</a>&nbsp;&nbsp;&nbsp;__aeabi_memcpy4
</UL>

<P><STRONG><a name="[b6]"></a>__memmove_aligned</STRONG> (Thumb, 0 bytes, Stack size unknown bytes, rt_memmove_w.o(.text), UNUSED)
<BR><BR>[Called By]<UL><LI><a href="#[b4]">&gt;&gt;</a>&nbsp;&nbsp;&nbsp;__rt_memmove
</UL>

<P><STRONG><a name="[196]"></a>__memmove_lastfew_aligned</STRONG> (Thumb, 0 bytes, Stack size unknown bytes, rt_memmove_w.o(.text), UNUSED)

<P><STRONG><a name="[a6]"></a>__user_setup_stackheap</STRONG> (Thumb, 74 bytes, Stack size 8 bytes, sys_stackheap_outer.o(.text))
<BR><BR>[Stack]<UL><LI>Max Depth = 8<LI>Call Chain = __user_setup_stackheap
</UL>
<BR>[Calls]<UL><LI><a href="#[bb]">&gt;&gt;</a>&nbsp;&nbsp;&nbsp;__user_initial_stackheap
<LI><a href="#[ba]">&gt;&gt;</a>&nbsp;&nbsp;&nbsp;__user_perproc_libspace
</UL>
<BR>[Called By]<UL><LI><a href="#[a5]">&gt;&gt;</a>&nbsp;&nbsp;&nbsp;__rt_entry_sh
</UL>

<P><STRONG><a name="[ab]"></a>exit</STRONG> (Thumb, 18 bytes, Stack size 8 bytes, exit.o(.text))
<BR><BR>[Stack]<UL><LI>Max Depth = 8 + Unknown Stack Size
<LI>Call Chain = exit
</UL>
<BR>[Calls]<UL><LI><a href="#[bc]">&gt;&gt;</a>&nbsp;&nbsp;&nbsp;__rt_exit
</UL>
<BR>[Called By]<UL><LI><a href="#[a9]">&gt;&gt;</a>&nbsp;&nbsp;&nbsp;__rt_entry_main
</UL>

<P><STRONG><a name="[197]"></a>__user_libspace</STRONG> (Thumb, 8 bytes, Stack size 0 bytes, libspace.o(.text), UNUSED)

<P><STRONG><a name="[ba]"></a>__user_perproc_libspace</STRONG> (Thumb, 0 bytes, Stack size 0 bytes, libspace.o(.text))
<BR><BR>[Called By]<UL><LI><a href="#[a6]">&gt;&gt;</a>&nbsp;&nbsp;&nbsp;__user_setup_stackheap
</UL>

<P><STRONG><a name="[198]"></a>__user_perthread_libspace</STRONG> (Thumb, 0 bytes, Stack size 0 bytes, libspace.o(.text), UNUSED)

<P><STRONG><a name="[199]"></a>__I$use$semihosting</STRONG> (Thumb, 0 bytes, Stack size 0 bytes, use_no_semi.o(.text), UNUSED)

<P><STRONG><a name="[19a]"></a>__use_no_semihosting_swi</STRONG> (Thumb, 2 bytes, Stack size 0 bytes, use_no_semi.o(.text), UNUSED)

<P><STRONG><a name="[19b]"></a>__semihosting_library_function</STRONG> (Thumb, 0 bytes, Stack size unknown bytes, indicate_semi.o(.text), UNUSED)

<P><STRONG><a name="[af]"></a>_sys_exit</STRONG> (Thumb, 8 bytes, Stack size 0 bytes, sys_exit.o(.text))
<BR><BR>[Called By]<UL><LI><a href="#[ae]">&gt;&gt;</a>&nbsp;&nbsp;&nbsp;__rt_exit_exit
</UL>

<P><STRONG><a name="[4]"></a>BusFault_Handler</STRONG> (Thumb, 2 bytes, Stack size 0 bytes, stm32h5xx_it.o(.text.BusFault_Handler))
<BR><BR>[Calls]<UL><LI><a href="#[4]">&gt;&gt;</a>&nbsp;&nbsp;&nbsp;BusFault_Handler
</UL>
<BR>[Called By]<UL><LI><a href="#[4]">&gt;&gt;</a>&nbsp;&nbsp;&nbsp;BusFault_Handler
</UL>
<BR>[Address Reference Count : 1]<UL><LI> startup_stm32h563xx.o(RESET)
</UL>
<P><STRONG><a name="[8]"></a>DebugMon_Handler</STRONG> (Thumb, 2 bytes, Stack size 0 bytes, stm32h5xx_it.o(.text.DebugMon_Handler))
<BR>[Address Reference Count : 1]<UL><LI> startup_stm32h563xx.o(RESET)
</UL>
<P><STRONG><a name="[bd]"></a>Error_Handler</STRONG> (Thumb, 8 bytes, Stack size 0 bytes, main.o(.text.Error_Handler))
<BR><BR>[Calls]<UL><LI><a href="#[be]">&gt;&gt;</a>&nbsp;&nbsp;&nbsp;bsp_fatal_stop
</UL>
<BR>[Called By]<UL><LI><a href="#[135]">&gt;&gt;</a>&nbsp;&nbsp;&nbsp;dcache_init
<LI><a href="#[137]">&gt;&gt;</a>&nbsp;&nbsp;&nbsp;icache_init
</UL>

<P><STRONG><a name="[31]"></a>FDCAN1_IT0_IRQHandler</STRONG> (Thumb, 12 bytes, Stack size 0 bytes, board_fdcan.o(.text.FDCAN1_IT0_IRQHandler))
<BR><BR>[Stack]<UL><LI>Max Depth = 64<LI>Call Chain = FDCAN1_IT0_IRQHandler &rArr; bsp_fdcan_stm32h5_irq &rArr; HAL_FDCAN_IRQHandler &rArr; HAL_FDCAN_ErrorStatusCallback
</UL>
<BR>[Calls]<UL><LI><a href="#[bf]">&gt;&gt;</a>&nbsp;&nbsp;&nbsp;bsp_fdcan_stm32h5_irq
</UL>
<BR>[Address Reference Count : 1]<UL><LI> startup_stm32h563xx.o(RESET)
</UL>
<P><STRONG><a name="[32]"></a>FDCAN1_IT1_IRQHandler</STRONG> (Thumb, 12 bytes, Stack size 0 bytes, board_fdcan.o(.text.FDCAN1_IT1_IRQHandler))
<BR><BR>[Stack]<UL><LI>Max Depth = 64<LI>Call Chain = FDCAN1_IT1_IRQHandler &rArr; bsp_fdcan_stm32h5_irq &rArr; HAL_FDCAN_IRQHandler &rArr; HAL_FDCAN_ErrorStatusCallback
</UL>
<BR>[Calls]<UL><LI><a href="#[bf]">&gt;&gt;</a>&nbsp;&nbsp;&nbsp;bsp_fdcan_stm32h5_irq
</UL>
<BR>[Address Reference Count : 1]<UL><LI> startup_stm32h563xx.o(RESET)
</UL>
<P><STRONG><a name="[77]"></a>FDCAN2_IT0_IRQHandler</STRONG> (Thumb, 14 bytes, Stack size 0 bytes, board_fdcan.o(.text.FDCAN2_IT0_IRQHandler))
<BR><BR>[Stack]<UL><LI>Max Depth = 64<LI>Call Chain = FDCAN2_IT0_IRQHandler &rArr; bsp_fdcan_stm32h5_irq &rArr; HAL_FDCAN_IRQHandler &rArr; HAL_FDCAN_ErrorStatusCallback
</UL>
<BR>[Calls]<UL><LI><a href="#[bf]">&gt;&gt;</a>&nbsp;&nbsp;&nbsp;bsp_fdcan_stm32h5_irq
</UL>
<BR>[Address Reference Count : 1]<UL><LI> startup_stm32h563xx.o(RESET)
</UL>
<P><STRONG><a name="[78]"></a>FDCAN2_IT1_IRQHandler</STRONG> (Thumb, 14 bytes, Stack size 0 bytes, board_fdcan.o(.text.FDCAN2_IT1_IRQHandler))
<BR><BR>[Stack]<UL><LI>Max Depth = 64<LI>Call Chain = FDCAN2_IT1_IRQHandler &rArr; bsp_fdcan_stm32h5_irq &rArr; HAL_FDCAN_IRQHandler &rArr; HAL_FDCAN_ErrorStatusCallback
</UL>
<BR>[Calls]<UL><LI><a href="#[bf]">&gt;&gt;</a>&nbsp;&nbsp;&nbsp;bsp_fdcan_stm32h5_irq
</UL>
<BR>[Address Reference Count : 1]<UL><LI> startup_stm32h563xx.o(RESET)
</UL>
<P><STRONG><a name="[90]"></a>HAL_DCACHE_CleanAndInvalidateByAddrCallback</STRONG> (Thumb, 2 bytes, Stack size 0 bytes, stm32h5xx_hal_dcache.o(.text.HAL_DCACHE_CleanAndInvalidateByAddrCallback))
<BR>[Address Reference Count : 1]<UL><LI> stm32h5xx_hal_dcache.o(.text.HAL_DCACHE_Init)
</UL>
<P><STRONG><a name="[8d]"></a>HAL_DCACHE_CleanByAddrCallback</STRONG> (Thumb, 2 bytes, Stack size 0 bytes, stm32h5xx_hal_dcache.o(.text.HAL_DCACHE_CleanByAddrCallback))
<BR>[Address Reference Count : 1]<UL><LI> stm32h5xx_hal_dcache.o(.text.HAL_DCACHE_Init)
</UL>
<P><STRONG><a name="[8c]"></a>HAL_DCACHE_ErrorCallback</STRONG> (Thumb, 2 bytes, Stack size 0 bytes, stm32h5xx_hal_dcache.o(.text.HAL_DCACHE_ErrorCallback))
<BR>[Address Reference Count : 1]<UL><LI> stm32h5xx_hal_dcache.o(.text.HAL_DCACHE_Init)
</UL>
<P><STRONG><a name="[136]"></a>HAL_DCACHE_Init</STRONG> (Thumb, 134 bytes, Stack size 8 bytes, stm32h5xx_hal_dcache.o(.text.HAL_DCACHE_Init))
<BR><BR>[Stack]<UL><LI>Max Depth = 8<LI>Call Chain = HAL_DCACHE_Init
</UL>
<BR>[Called By]<UL><LI><a href="#[135]">&gt;&gt;</a>&nbsp;&nbsp;&nbsp;dcache_init
</UL>

<P><STRONG><a name="[8e]"></a>HAL_DCACHE_InvalidateByAddrCallback</STRONG> (Thumb, 2 bytes, Stack size 0 bytes, stm32h5xx_hal_dcache.o(.text.HAL_DCACHE_InvalidateByAddrCallback))
<BR>[Address Reference Count : 1]<UL><LI> stm32h5xx_hal_dcache.o(.text.HAL_DCACHE_Init)
</UL>
<P><STRONG><a name="[8f]"></a>HAL_DCACHE_InvalidateCompleteCallback</STRONG> (Thumb, 2 bytes, Stack size 0 bytes, stm32h5xx_hal_dcache.o(.text.HAL_DCACHE_InvalidateCompleteCallback))
<BR>[Address Reference Count : 1]<UL><LI> stm32h5xx_hal_dcache.o(.text.HAL_DCACHE_Init)
</UL>
<P><STRONG><a name="[91]"></a>HAL_DCACHE_MspInit</STRONG> (Thumb, 48 bytes, Stack size 4 bytes, dcache.o(.text.HAL_DCACHE_MspInit))
<BR><BR>[Stack]<UL><LI>Max Depth = 4<LI>Call Chain = HAL_DCACHE_MspInit
</UL>
<BR>[Address Reference Count : 1]<UL><LI> stm32h5xx_hal_dcache.o(.text.HAL_DCACHE_Init)
</UL>
<P><STRONG><a name="[c0]"></a>HAL_DMA_Abort</STRONG> (Thumb, 168 bytes, Stack size 16 bytes, stm32h5xx_hal_dma.o(.text.HAL_DMA_Abort))
<BR><BR>[Stack]<UL><LI>Max Depth = 16<LI>Call Chain = HAL_DMA_Abort
</UL>
<BR>[Calls]<UL><LI><a href="#[c1]">&gt;&gt;</a>&nbsp;&nbsp;&nbsp;HAL_GetTick
</UL>
<BR>[Called By]<UL><LI><a href="#[101]">&gt;&gt;</a>&nbsp;&nbsp;&nbsp;HAL_UART_IRQHandler
</UL>

<P><STRONG><a name="[105]"></a>HAL_DMA_Abort_IT</STRONG> (Thumb, 40 bytes, Stack size 0 bytes, stm32h5xx_hal_dma.o(.text.HAL_DMA_Abort_IT))
<BR><BR>[Called By]<UL><LI><a href="#[101]">&gt;&gt;</a>&nbsp;&nbsp;&nbsp;HAL_UART_IRQHandler
</UL>

<P><STRONG><a name="[ce]"></a>HAL_FDCAN_ErrorCallback</STRONG> (Thumb, 2 bytes, Stack size 0 bytes, stm32h5xx_hal_fdcan.o(.text.HAL_FDCAN_ErrorCallback))
<BR><BR>[Called By]<UL><LI><a href="#[c4]">&gt;&gt;</a>&nbsp;&nbsp;&nbsp;HAL_FDCAN_IRQHandler
</UL>

<P><STRONG><a name="[c2]"></a>HAL_FDCAN_ErrorStatusCallback</STRONG> (Thumb, 110 bytes, Stack size 8 bytes, bsp_fdcan_stm32h5.o(.text.HAL_FDCAN_ErrorStatusCallback))
<BR><BR>[Stack]<UL><LI>Max Depth = 8<LI>Call Chain = HAL_FDCAN_ErrorStatusCallback
</UL>
<BR>[Calls]<UL><LI><a href="#[c3]">&gt;&gt;</a>&nbsp;&nbsp;&nbsp;HAL_FDCAN_GetError
</UL>
<BR>[Called By]<UL><LI><a href="#[c4]">&gt;&gt;</a>&nbsp;&nbsp;&nbsp;HAL_FDCAN_IRQHandler
</UL>

<P><STRONG><a name="[c3]"></a>HAL_FDCAN_GetError</STRONG> (Thumb, 4 bytes, Stack size 0 bytes, stm32h5xx_hal_fdcan.o(.text.HAL_FDCAN_GetError))
<BR><BR>[Called By]<UL><LI><a href="#[c2]">&gt;&gt;</a>&nbsp;&nbsp;&nbsp;HAL_FDCAN_ErrorStatusCallback
</UL>

<P><STRONG><a name="[c5]"></a>HAL_FDCAN_HighPriorityMessageCallback</STRONG> (Thumb, 2 bytes, Stack size 0 bytes, stm32h5xx_hal_fdcan.o(.text.HAL_FDCAN_HighPriorityMessageCallback))
<BR><BR>[Called By]<UL><LI><a href="#[c4]">&gt;&gt;</a>&nbsp;&nbsp;&nbsp;HAL_FDCAN_IRQHandler
</UL>

<P><STRONG><a name="[c4]"></a>HAL_FDCAN_IRQHandler</STRONG> (Thumb, 380 bytes, Stack size 56 bytes, stm32h5xx_hal_fdcan.o(.text.HAL_FDCAN_IRQHandler))
<BR><BR>[Stack]<UL><LI>Max Depth = 64<LI>Call Chain = HAL_FDCAN_IRQHandler &rArr; HAL_FDCAN_ErrorStatusCallback
</UL>
<BR>[Calls]<UL><LI><a href="#[c2]">&gt;&gt;</a>&nbsp;&nbsp;&nbsp;HAL_FDCAN_ErrorStatusCallback
<LI><a href="#[c8]">&gt;&gt;</a>&nbsp;&nbsp;&nbsp;HAL_FDCAN_RxFifo0Callback
<LI><a href="#[ce]">&gt;&gt;</a>&nbsp;&nbsp;&nbsp;HAL_FDCAN_ErrorCallback
<LI><a href="#[cd]">&gt;&gt;</a>&nbsp;&nbsp;&nbsp;HAL_FDCAN_TimeoutOccurredCallback
<LI><a href="#[cc]">&gt;&gt;</a>&nbsp;&nbsp;&nbsp;HAL_FDCAN_TimestampWraparoundCallback
<LI><a href="#[cb]">&gt;&gt;</a>&nbsp;&nbsp;&nbsp;HAL_FDCAN_TxBufferCompleteCallback
<LI><a href="#[ca]">&gt;&gt;</a>&nbsp;&nbsp;&nbsp;HAL_FDCAN_TxFifoEmptyCallback
<LI><a href="#[c9]">&gt;&gt;</a>&nbsp;&nbsp;&nbsp;HAL_FDCAN_RxFifo1Callback
<LI><a href="#[c7]">&gt;&gt;</a>&nbsp;&nbsp;&nbsp;HAL_FDCAN_TxEventFifoCallback
<LI><a href="#[c6]">&gt;&gt;</a>&nbsp;&nbsp;&nbsp;HAL_FDCAN_TxBufferAbortCallback
<LI><a href="#[c5]">&gt;&gt;</a>&nbsp;&nbsp;&nbsp;HAL_FDCAN_HighPriorityMessageCallback
</UL>
<BR>[Called By]<UL><LI><a href="#[bf]">&gt;&gt;</a>&nbsp;&nbsp;&nbsp;bsp_fdcan_stm32h5_irq
</UL>

<P><STRONG><a name="[c8]"></a>HAL_FDCAN_RxFifo0Callback</STRONG> (Thumb, 54 bytes, Stack size 0 bytes, bsp_fdcan_stm32h5.o(.text.HAL_FDCAN_RxFifo0Callback))
<BR><BR>[Called By]<UL><LI><a href="#[c4]">&gt;&gt;</a>&nbsp;&nbsp;&nbsp;HAL_FDCAN_IRQHandler
</UL>

<P><STRONG><a name="[c9]"></a>HAL_FDCAN_RxFifo1Callback</STRONG> (Thumb, 2 bytes, Stack size 0 bytes, stm32h5xx_hal_fdcan.o(.text.HAL_FDCAN_RxFifo1Callback))
<BR><BR>[Called By]<UL><LI><a href="#[c4]">&gt;&gt;</a>&nbsp;&nbsp;&nbsp;HAL_FDCAN_IRQHandler
</UL>

<P><STRONG><a name="[cd]"></a>HAL_FDCAN_TimeoutOccurredCallback</STRONG> (Thumb, 2 bytes, Stack size 0 bytes, stm32h5xx_hal_fdcan.o(.text.HAL_FDCAN_TimeoutOccurredCallback))
<BR><BR>[Called By]<UL><LI><a href="#[c4]">&gt;&gt;</a>&nbsp;&nbsp;&nbsp;HAL_FDCAN_IRQHandler
</UL>

<P><STRONG><a name="[cc]"></a>HAL_FDCAN_TimestampWraparoundCallback</STRONG> (Thumb, 2 bytes, Stack size 0 bytes, stm32h5xx_hal_fdcan.o(.text.HAL_FDCAN_TimestampWraparoundCallback))
<BR><BR>[Called By]<UL><LI><a href="#[c4]">&gt;&gt;</a>&nbsp;&nbsp;&nbsp;HAL_FDCAN_IRQHandler
</UL>

<P><STRONG><a name="[c6]"></a>HAL_FDCAN_TxBufferAbortCallback</STRONG> (Thumb, 2 bytes, Stack size 0 bytes, stm32h5xx_hal_fdcan.o(.text.HAL_FDCAN_TxBufferAbortCallback))
<BR><BR>[Called By]<UL><LI><a href="#[c4]">&gt;&gt;</a>&nbsp;&nbsp;&nbsp;HAL_FDCAN_IRQHandler
</UL>

<P><STRONG><a name="[cb]"></a>HAL_FDCAN_TxBufferCompleteCallback</STRONG> (Thumb, 2 bytes, Stack size 0 bytes, stm32h5xx_hal_fdcan.o(.text.HAL_FDCAN_TxBufferCompleteCallback))
<BR><BR>[Called By]<UL><LI><a href="#[c4]">&gt;&gt;</a>&nbsp;&nbsp;&nbsp;HAL_FDCAN_IRQHandler
</UL>

<P><STRONG><a name="[c7]"></a>HAL_FDCAN_TxEventFifoCallback</STRONG> (Thumb, 2 bytes, Stack size 0 bytes, stm32h5xx_hal_fdcan.o(.text.HAL_FDCAN_TxEventFifoCallback))
<BR><BR>[Called By]<UL><LI><a href="#[c4]">&gt;&gt;</a>&nbsp;&nbsp;&nbsp;HAL_FDCAN_IRQHandler
</UL>

<P><STRONG><a name="[ca]"></a>HAL_FDCAN_TxFifoEmptyCallback</STRONG> (Thumb, 2 bytes, Stack size 0 bytes, stm32h5xx_hal_fdcan.o(.text.HAL_FDCAN_TxFifoEmptyCallback))
<BR><BR>[Called By]<UL><LI><a href="#[c4]">&gt;&gt;</a>&nbsp;&nbsp;&nbsp;HAL_FDCAN_IRQHandler
</UL>

<P><STRONG><a name="[114]"></a>HAL_GPIO_Init</STRONG> (Thumb, 372 bytes, Stack size 40 bytes, stm32h5xx_hal_gpio.o(.text.HAL_GPIO_Init))
<BR><BR>[Stack]<UL><LI>Max Depth = 40<LI>Call Chain = HAL_GPIO_Init
</UL>
<BR>[Called By]<UL><LI><a href="#[11a]">&gt;&gt;</a>&nbsp;&nbsp;&nbsp;bsp_led_init
<LI><a href="#[112]">&gt;&gt;</a>&nbsp;&nbsp;&nbsp;board_control_init
<LI><a href="#[115]">&gt;&gt;</a>&nbsp;&nbsp;&nbsp;board_early_safe_gpio_init
<LI><a href="#[127]">&gt;&gt;</a>&nbsp;&nbsp;&nbsp;bsp_uart_init
<LI><a href="#[125]">&gt;&gt;</a>&nbsp;&nbsp;&nbsp;bsp_pwm_init
</UL>

<P><STRONG><a name="[123]"></a>HAL_GPIO_TogglePin</STRONG> (Thumb, 16 bytes, Stack size 0 bytes, stm32h5xx_hal_gpio.o(.text.HAL_GPIO_TogglePin))
<BR><BR>[Called By]<UL><LI><a href="#[122]">&gt;&gt;</a>&nbsp;&nbsp;&nbsp;bsp_led_toggle
</UL>

<P><STRONG><a name="[113]"></a>HAL_GPIO_WritePin</STRONG> (Thumb, 12 bytes, Stack size 0 bytes, stm32h5xx_hal_gpio.o(.text.HAL_GPIO_WritePin))
<BR><BR>[Called By]<UL><LI><a href="#[11a]">&gt;&gt;</a>&nbsp;&nbsp;&nbsp;bsp_led_init
<LI><a href="#[112]">&gt;&gt;</a>&nbsp;&nbsp;&nbsp;board_control_init
<LI><a href="#[115]">&gt;&gt;</a>&nbsp;&nbsp;&nbsp;board_early_safe_gpio_init
</UL>

<P><STRONG><a name="[c1]"></a>HAL_GetTick</STRONG> (Thumb, 12 bytes, Stack size 0 bytes, stm32h5xx_hal.o(.text.HAL_GetTick))
<BR><BR>[Called By]<UL><LI><a href="#[f0]">&gt;&gt;</a>&nbsp;&nbsp;&nbsp;HAL_RCCEx_PeriphCLKConfig
<LI><a href="#[10c]">&gt;&gt;</a>&nbsp;&nbsp;&nbsp;HAL_UART_Transmit
<LI><a href="#[11f]">&gt;&gt;</a>&nbsp;&nbsp;&nbsp;bsp_deadline_has_expired
<LI><a href="#[120]">&gt;&gt;</a>&nbsp;&nbsp;&nbsp;bsp_deadline_start
<LI><a href="#[f3]">&gt;&gt;</a>&nbsp;&nbsp;&nbsp;HAL_RCC_ClockConfig
<LI><a href="#[f4]">&gt;&gt;</a>&nbsp;&nbsp;&nbsp;HAL_RCC_OscConfig
<LI><a href="#[c0]">&gt;&gt;</a>&nbsp;&nbsp;&nbsp;HAL_DMA_Abort
<LI><a href="#[f2]">&gt;&gt;</a>&nbsp;&nbsp;&nbsp;RCCEx_PLL3_Config
<LI><a href="#[f1]">&gt;&gt;</a>&nbsp;&nbsp;&nbsp;RCCEx_PLL2_Config
<LI><a href="#[10f]">&gt;&gt;</a>&nbsp;&nbsp;&nbsp;UART_WaitOnFlagUntilTimeout
<LI><a href="#[10b]">&gt;&gt;</a>&nbsp;&nbsp;&nbsp;UART_CheckIdleState
</UL>

<P><STRONG><a name="[138]"></a>HAL_ICACHE_Enable</STRONG> (Thumb, 20 bytes, Stack size 0 bytes, stm32h5xx_hal_icache.o(.text.HAL_ICACHE_Enable))
<BR><BR>[Called By]<UL><LI><a href="#[137]">&gt;&gt;</a>&nbsp;&nbsp;&nbsp;icache_init
</UL>

<P><STRONG><a name="[10d]"></a>HAL_IncTick</STRONG> (Thumb, 26 bytes, Stack size 0 bytes, stm32h5xx_hal.o(.text.HAL_IncTick))
<BR><BR>[Called By]<UL><LI><a href="#[a]">&gt;&gt;</a>&nbsp;&nbsp;&nbsp;SysTick_Handler
</UL>

<P><STRONG><a name="[cf]"></a>HAL_Init</STRONG> (Thumb, 76 bytes, Stack size 8 bytes, stm32h5xx_hal.o(.text.HAL_Init))
<BR><BR>[Stack]<UL><LI>Max Depth = 32<LI>Call Chain = HAL_Init &rArr; HAL_InitTick &rArr; HAL_NVIC_SetPriority
</UL>
<BR>[Calls]<UL><LI><a href="#[d1]">&gt;&gt;</a>&nbsp;&nbsp;&nbsp;HAL_RCC_GetSysClockFreq
<LI><a href="#[d4]">&gt;&gt;</a>&nbsp;&nbsp;&nbsp;HAL_MspInit
<LI><a href="#[d3]">&gt;&gt;</a>&nbsp;&nbsp;&nbsp;HAL_InitTick
<LI><a href="#[d2]">&gt;&gt;</a>&nbsp;&nbsp;&nbsp;HAL_SYSTICK_CLKSourceConfig
<LI><a href="#[d0]">&gt;&gt;</a>&nbsp;&nbsp;&nbsp;HAL_NVIC_SetPriorityGrouping
</UL>
<BR>[Called By]<UL><LI><a href="#[aa]">&gt;&gt;</a>&nbsp;&nbsp;&nbsp;main
</UL>

<P><STRONG><a name="[d3]"></a>HAL_InitTick</STRONG> (Thumb, 170 bytes, Stack size 16 bytes, stm32h5xx_hal.o(.text.HAL_InitTick))
[...]
<BR><BR>[Stack]<UL><LI>Max Depth = 24 + Unknown Stack Size
<LI>Call Chain = ldc_init
</UL>
<BR>[Calls]<UL><LI><a href="#[157]">&gt;&gt;</a>&nbsp;&nbsp;&nbsp;ldc_packet_init
<LI><a href="#[156]">&gt;&gt;</a>&nbsp;&nbsp;&nbsp;ldc_ring_init
<LI><a href="#[128]">&gt;&gt;</a>&nbsp;&nbsp;&nbsp;__aeabi_memclr8
</UL>
<BR>[Called By]<UL><LI><a href="#[14c]">&gt;&gt;</a>&nbsp;&nbsp;&nbsp;ldc_easy_init
</UL>

<P><STRONG><a name="[148]"></a>ldc_packet_count</STRONG> (Thumb, 4 bytes, Stack size 0 bytes, ldc_packet.o(.text.ldc_packet_count))
<BR><BR>[Called By]<UL><LI><a href="#[153]">&gt;&gt;</a>&nbsp;&nbsp;&nbsp;ldc_read_packet
<LI><a href="#[14b]">&gt;&gt;</a>&nbsp;&nbsp;&nbsp;ldc_write
<LI><a href="#[143]">&gt;&gt;</a>&nbsp;&nbsp;&nbsp;ldc_commit_frame_unlocked
</UL>

<P><STRONG><a name="[157]"></a>ldc_packet_init</STRONG> (Thumb, 14 bytes, Stack size 0 bytes, ldc_packet.o(.text.ldc_packet_init))
<BR><BR>[Called By]<UL><LI><a href="#[14d]">&gt;&gt;</a>&nbsp;&nbsp;&nbsp;ldc_init
</UL>

<P><STRONG><a name="[144]"></a>ldc_packet_is_full</STRONG> (Thumb, 14 bytes, Stack size 0 bytes, ldc_packet.o(.text.ldc_packet_is_full))
<BR><BR>[Called By]<UL><LI><a href="#[143]">&gt;&gt;</a>&nbsp;&nbsp;&nbsp;ldc_commit_frame_unlocked
</UL>

<P><STRONG><a name="[158]"></a>ldc_packet_peek</STRONG> (Thumb, 34 bytes, Stack size 0 bytes, ldc_packet.o(.text.ldc_packet_peek))
<BR><BR>[Called By]<UL><LI><a href="#[153]">&gt;&gt;</a>&nbsp;&nbsp;&nbsp;ldc_read_packet
</UL>

<P><STRONG><a name="[145]"></a>ldc_packet_pop</STRONG> (Thumb, 66 bytes, Stack size 8 bytes, ldc_packet.o(.text.ldc_packet_pop))
<BR><BR>[Stack]<UL><LI>Max Depth = 8<LI>Call Chain = ldc_packet_pop
</UL>
<BR>[Called By]<UL><LI><a href="#[153]">&gt;&gt;</a>&nbsp;&nbsp;&nbsp;ldc_read_packet
<LI><a href="#[14b]">&gt;&gt;</a>&nbsp;&nbsp;&nbsp;ldc_write
<LI><a href="#[143]">&gt;&gt;</a>&nbsp;&nbsp;&nbsp;ldc_commit_frame_unlocked
</UL>

<P><STRONG><a name="[149]"></a>ldc_packet_push</STRONG> (Thumb, 60 bytes, Stack size 16 bytes, ldc_packet.o(.text.ldc_packet_push))
<BR><BR>[Stack]<UL><LI>Max Depth = 16<LI>Call Chain = ldc_packet_push
</UL>
<BR>[Called By]<UL><LI><a href="#[143]">&gt;&gt;</a>&nbsp;&nbsp;&nbsp;ldc_commit_frame_unlocked
</UL>

<P><STRONG><a name="[153]"></a>ldc_read_packet</STRONG> (Thumb, 260 bytes, Stack size 40 bytes, ldc_core.o(.text.ldc_read_packet))
<BR><BR>[Stack]<UL><LI>Max Depth = 48<LI>Call Chain = ldc_read_packet &rArr; ldc_ring_drop
</UL>
<BR>[Calls]<UL><LI><a href="#[158]">&gt;&gt;</a>&nbsp;&nbsp;&nbsp;ldc_packet_peek
<LI><a href="#[148]">&gt;&gt;</a>&nbsp;&nbsp;&nbsp;ldc_packet_count
<LI><a href="#[147]">&gt;&gt;</a>&nbsp;&nbsp;&nbsp;ldc_ring_used
<LI><a href="#[146]">&gt;&gt;</a>&nbsp;&nbsp;&nbsp;ldc_ring_drop
<LI><a href="#[145]">&gt;&gt;</a>&nbsp;&nbsp;&nbsp;ldc_packet_pop
<LI><a href="#[b5]">&gt;&gt;</a>&nbsp;&nbsp;&nbsp;__aeabi_memcpy
</UL>
<BR>[Called By]<UL><LI><a href="#[13c]">&gt;&gt;</a>&nbsp;&nbsp;&nbsp;ldc_easy_pop
</UL>

<P><STRONG><a name="[146]"></a>ldc_ring_drop</STRONG> (Thumb, 62 bytes, Stack size 8 bytes, ldc_ring.o(.text.ldc_ring_drop))
<BR><BR>[Stack]<UL><LI>Max Depth = 8<LI>Call Chain = ldc_ring_drop
</UL>
<BR>[Called By]<UL><LI><a href="#[153]">&gt;&gt;</a>&nbsp;&nbsp;&nbsp;ldc_read_packet
<LI><a href="#[14b]">&gt;&gt;</a>&nbsp;&nbsp;&nbsp;ldc_write
<LI><a href="#[143]">&gt;&gt;</a>&nbsp;&nbsp;&nbsp;ldc_commit_frame_unlocked
</UL>

<P><STRONG><a name="[15a]"></a>ldc_ring_free</STRONG> (Thumb, 36 bytes, Stack size 0 bytes, ldc_ring.o(.text.ldc_ring_free))
<BR><BR>[Called By]<UL><LI><a href="#[14b]">&gt;&gt;</a>&nbsp;&nbsp;&nbsp;ldc_write
</UL>

<P><STRONG><a name="[156]"></a>ldc_ring_init</STRONG> (Thumb, 12 bytes, Stack size 0 bytes, ldc_ring.o(.text.ldc_ring_init))
<BR><BR>[Called By]<UL><LI><a href="#[14d]">&gt;&gt;</a>&nbsp;&nbsp;&nbsp;ldc_init
</UL>

<P><STRONG><a name="[147]"></a>ldc_ring_used</STRONG> (Thumb, 28 bytes, Stack size 0 bytes, ldc_ring.o(.text.ldc_ring_used))
<BR><BR>[Called By]<UL><LI><a href="#[153]">&gt;&gt;</a>&nbsp;&nbsp;&nbsp;ldc_read_packet
<LI><a href="#[14b]">&gt;&gt;</a>&nbsp;&nbsp;&nbsp;ldc_write
<LI><a href="#[143]">&gt;&gt;</a>&nbsp;&nbsp;&nbsp;ldc_commit_frame_unlocked
</UL>

<P><STRONG><a name="[159]"></a>ldc_ring_write</STRONG> (Thumb, 112 bytes, Stack size 24 bytes, ldc_ring.o(.text.ldc_ring_write))
<BR><BR>[Stack]<UL><LI>Max Depth = 24<LI>Call Chain = ldc_ring_write
</UL>
<BR>[Calls]<UL><LI><a href="#[b5]">&gt;&gt;</a>&nbsp;&nbsp;&nbsp;__aeabi_memcpy
</UL>
<BR>[Called By]<UL><LI><a href="#[14b]">&gt;&gt;</a>&nbsp;&nbsp;&nbsp;ldc_write
</UL>

<P><STRONG><a name="[152]"></a>ldc_set_callback</STRONG> (Thumb, 66 bytes, Stack size 16 bytes, ldc_core.o(.text.ldc_set_callback))
<BR><BR>[Stack]<UL><LI>Max Depth = 16<LI>Call Chain = ldc_set_callback
</UL>
<BR>[Called By]<UL><LI><a href="#[14c]">&gt;&gt;</a>&nbsp;&nbsp;&nbsp;ldc_easy_init
</UL>

<P><STRONG><a name="[151]"></a>ldc_set_frame_config</STRONG> (Thumb, 86 bytes, Stack size 24 bytes, ldc_core.o(.text.ldc_set_frame_config))
<BR><BR>[Stack]<UL><LI>Max Depth = 24<LI>Call Chain = ldc_set_frame_config
</UL>
<BR>[Called By]<UL><LI><a href="#[14c]">&gt;&gt;</a>&nbsp;&nbsp;&nbsp;ldc_easy_init
</UL>

<P><STRONG><a name="[150]"></a>ldc_set_frame_config_us</STRONG> (Thumb, 84 bytes, Stack size 24 bytes, ldc_core.o(.text.ldc_set_frame_config_us))
<BR><BR>[Stack]<UL><LI>Max Depth = 24<LI>Call Chain = ldc_set_frame_config_us
</UL>
<BR>[Called By]<UL><LI><a href="#[14c]">&gt;&gt;</a>&nbsp;&nbsp;&nbsp;ldc_easy_init
</UL>

<P><STRONG><a name="[14e]"></a>ldc_set_lock</STRONG> (Thumb, 10 bytes, Stack size 0 bytes, ldc_core.o(.text.ldc_set_lock))
<BR><BR>[Called By]<UL><LI><a href="#[14c]">&gt;&gt;</a>&nbsp;&nbsp;&nbsp;ldc_easy_init
</UL>

<P><STRONG><a name="[14f]"></a>ldc_set_mode</STRONG> (Thumb, 54 bytes, Stack size 16 bytes, ldc_core.o(.text.ldc_set_mode))
<BR><BR>[Stack]<UL><LI>Max Depth = 16<LI>Call Chain = ldc_set_mode
</UL>
<BR>[Called By]<UL><LI><a href="#[14c]">&gt;&gt;</a>&nbsp;&nbsp;&nbsp;ldc_easy_init
</UL>

<P><STRONG><a name="[155]"></a>ldc_tick_us</STRONG> (Thumb, 194 bytes, Stack size 32 bytes, ldc_core.o(.text.ldc_tick_us))
<BR><BR>[Stack]<UL><LI>Max Depth = 88<LI>Call Chain = ldc_tick_us &rArr; ldc_commit_frame_unlocked &rArr; ldc_packet_push
</UL>
<BR>[Calls]<UL><LI><a href="#[143]">&gt;&gt;</a>&nbsp;&nbsp;&nbsp;ldc_commit_frame_unlocked
</UL>
<BR>[Called By]<UL><LI><a href="#[154]">&gt;&gt;</a>&nbsp;&nbsp;&nbsp;ldc_easy_tick_us
</UL>

<P><STRONG><a name="[14b]"></a>ldc_write</STRONG> (Thumb, 786 bytes, Stack size 88 bytes, ldc_core.o(.text.ldc_write))
<BR><BR>[Stack]<UL><LI>Max Depth = 144<LI>Call Chain = ldc_write &rArr; ldc_commit_frame_unlocked &rArr; ldc_packet_push
</UL>
<BR>[Calls]<UL><LI><a href="#[159]">&gt;&gt;</a>&nbsp;&nbsp;&nbsp;ldc_ring_write
<LI><a href="#[148]">&gt;&gt;</a>&nbsp;&nbsp;&nbsp;ldc_packet_count
<LI><a href="#[147]">&gt;&gt;</a>&nbsp;&nbsp;&nbsp;ldc_ring_used
<LI><a href="#[146]">&gt;&gt;</a>&nbsp;&nbsp;&nbsp;ldc_ring_drop
<LI><a href="#[145]">&gt;&gt;</a>&nbsp;&nbsp;&nbsp;ldc_packet_pop
<LI><a href="#[15a]">&gt;&gt;</a>&nbsp;&nbsp;&nbsp;ldc_ring_free
<LI><a href="#[143]">&gt;&gt;</a>&nbsp;&nbsp;&nbsp;ldc_commit_frame_unlocked
<LI><a href="#[15b]">&gt;&gt;</a>&nbsp;&nbsp;&nbsp;memchr
</UL>
<BR>[Called By]<UL><LI><a href="#[14a]">&gt;&gt;</a>&nbsp;&nbsp;&nbsp;ldc_easy_add
</UL>

<P><STRONG><a name="[aa]"></a>main</STRONG> (Thumb, 360 bytes, Stack size 120 bytes, main.o(.text.main))
<BR><BR>[Stack]<UL><LI>Max Depth = 592 + Unknown Stack Size
<LI>Call Chain = main &rArr; modbus_app_init &rArr; bsp_uart_init &rArr; bsp_uart_stm32h5_init &rArr; HAL_UART_Init &rArr; UART_SetConfig &rArr; __aeabi_uldivmod
</UL>
<BR>[Calls]<UL><LI><a href="#[15f]">&gt;&gt;</a>&nbsp;&nbsp;&nbsp;modbus_app_step
<LI><a href="#[122]">&gt;&gt;</a>&nbsp;&nbsp;&nbsp;bsp_led_toggle
<LI><a href="#[11f]">&gt;&gt;</a>&nbsp;&nbsp;&nbsp;bsp_deadline_has_expired
<LI><a href="#[15e]">&gt;&gt;</a>&nbsp;&nbsp;&nbsp;osal_yield
<LI><a href="#[120]">&gt;&gt;</a>&nbsp;&nbsp;&nbsp;bsp_deadline_start
<LI><a href="#[15d]">&gt;&gt;</a>&nbsp;&nbsp;&nbsp;modbus_app_init
<LI><a href="#[125]">&gt;&gt;</a>&nbsp;&nbsp;&nbsp;bsp_pwm_init
<LI><a href="#[121]">&gt;&gt;</a>&nbsp;&nbsp;&nbsp;bsp_init
<LI><a href="#[135]">&gt;&gt;</a>&nbsp;&nbsp;&nbsp;dcache_init
<LI><a href="#[137]">&gt;&gt;</a>&nbsp;&nbsp;&nbsp;icache_init
<LI><a href="#[15c]">&gt;&gt;</a>&nbsp;&nbsp;&nbsp;gpio_init
<LI><a href="#[f3]">&gt;&gt;</a>&nbsp;&nbsp;&nbsp;HAL_RCC_ClockConfig
<LI><a href="#[be]">&gt;&gt;</a>&nbsp;&nbsp;&nbsp;bsp_fatal_stop
<LI><a href="#[f4]">&gt;&gt;</a>&nbsp;&nbsp;&nbsp;HAL_RCC_OscConfig
<LI><a href="#[cf]">&gt;&gt;</a>&nbsp;&nbsp;&nbsp;HAL_Init
</UL>
<BR>[Called By]<UL><LI><a href="#[a9]">&gt;&gt;</a>&nbsp;&nbsp;&nbsp;__rt_entry_main
</UL>

<P><STRONG><a name="[15d]"></a>modbus_app_init</STRONG> (Thumb, 280 bytes, Stack size 80 bytes, modbus_app.o(.text.modbus_app_init))
<BR><BR>[Stack]<UL><LI>Max Depth = 472 + Unknown Stack Size
<LI>Call Chain = modbus_app_init &rArr; bsp_uart_init &rArr; bsp_uart_stm32h5_init &rArr; HAL_UART_Init &rArr; UART_SetConfig &rArr; __aeabi_uldivmod
</UL>
<BR>[Calls]<UL><LI><a href="#[139]">&gt;&gt;</a>&nbsp;&nbsp;&nbsp;ld_modbus_ldc_rtu_server_init
<LI><a href="#[160]">&gt;&gt;</a>&nbsp;&nbsp;&nbsp;transport_uart_ldc_init
<LI><a href="#[127]">&gt;&gt;</a>&nbsp;&nbsp;&nbsp;bsp_uart_init
<LI><a href="#[13a]">&gt;&gt;</a>&nbsp;&nbsp;&nbsp;__aeabi_memclr4
</UL>
<BR>[Called By]<UL><LI><a href="#[aa]">&gt;&gt;</a>&nbsp;&nbsp;&nbsp;main
</UL>

<P><STRONG><a name="[15f]"></a>modbus_app_step</STRONG> (Thumb, 178 bytes, Stack size 16 bytes, modbus_app.o(.text.modbus_app_step))
<BR><BR>[Stack]<UL><LI>Max Depth = 192 + Unknown Stack Size
<LI>Call Chain = modbus_app_step &rArr; transport_uart_ldc_step &rArr; ldc_easy_add &rArr; ldc_write &rArr; ldc_commit_frame_unlocked &rArr; ldc_packet_push
</UL>
<BR>[Calls]<UL><LI><a href="#[13b]">&gt;&gt;</a>&nbsp;&nbsp;&nbsp;ld_modbus_ldc_rtu_server_poll
<LI><a href="#[161]">&gt;&gt;</a>&nbsp;&nbsp;&nbsp;transport_uart_ldc_step
</UL>
<BR>[Called By]<UL><LI><a href="#[aa]">&gt;&gt;</a>&nbsp;&nbsp;&nbsp;main
</UL>

<P><STRONG><a name="[15e]"></a>osal_yield</STRONG> (Thumb, 4 bytes, Stack size 0 bytes, osal_bare_metal.o(.text.osal_yield))
<BR><BR>[Called By]<UL><LI><a href="#[aa]">&gt;&gt;</a>&nbsp;&nbsp;&nbsp;main
</UL>

<P><STRONG><a name="[160]"></a>transport_uart_ldc_init</STRONG> (Thumb, 154 bytes, Stack size 88 bytes, transport_uart_ldc.o(.text.transport_uart_ldc_init))
<BR><BR>[Stack]<UL><LI>Max Depth = 136 + Unknown Stack Size
<LI>Call Chain = transport_uart_ldc_init &rArr; ldc_easy_init &rArr; ldc_set_frame_config_us
</UL>
<BR>[Calls]<UL><LI><a href="#[14c]">&gt;&gt;</a>&nbsp;&nbsp;&nbsp;ldc_easy_init
<LI><a href="#[13a]">&gt;&gt;</a>&nbsp;&nbsp;&nbsp;__aeabi_memclr4
</UL>
<BR>[Called By]<UL><LI><a href="#[15d]">&gt;&gt;</a>&nbsp;&nbsp;&nbsp;modbus_app_init
</UL>

<P><STRONG><a name="[161]"></a>transport_uart_ldc_step</STRONG> (Thumb, 108 bytes, Stack size 32 bytes, transport_uart_ldc.o(.text.transport_uart_ldc_step))
<BR><BR>[Stack]<UL><LI>Max Depth = 176<LI>Call Chain = transport_uart_ldc_step &rArr; ldc_easy_add &rArr; ldc_write &rArr; ldc_commit_frame_unlocked &rArr; ldc_packet_push
</UL>
<BR>[Calls]<UL><LI><a href="#[133]">&gt;&gt;</a>&nbsp;&nbsp;&nbsp;bsp_uart_try_read
<LI><a href="#[154]">&gt;&gt;</a>&nbsp;&nbsp;&nbsp;ldc_easy_tick_us
<LI><a href="#[14a]">&gt;&gt;</a>&nbsp;&nbsp;&nbsp;ldc_easy_add
</UL>
<BR>[Called By]<UL><LI><a href="#[15f]">&gt;&gt;</a>&nbsp;&nbsp;&nbsp;modbus_app_step
</UL>

<P><STRONG><a name="[a4]"></a>_fp_init</STRONG> (Thumb, 26 bytes, Stack size 0 bytes, fpinit.o(x$fpl$fpinit))
<BR><BR>[Called By]<UL><LI><a href="#[a3]">&gt;&gt;</a>&nbsp;&nbsp;&nbsp;__rt_lib_init_fp_1
</UL>

<P><STRONG><a name="[19c]"></a>__fplib_config_fpu_vfp</STRONG> (Thumb, 0 bytes, Stack size unknown bytes, fpinit.o(x$fpl$fpinit), UNUSED)

<P><STRONG><a name="[19d]"></a>__fplib_config_pureend_doubles</STRONG> (Thumb, 0 bytes, Stack size unknown bytes, fpinit.o(x$fpl$fpinit), UNUSED)
<P>
<H3>
Local Symbols
</H3>
<P><STRONG><a name="[98]"></a>modbus_app_send</STRONG> (Thumb, 24 bytes, Stack size 8 bytes, modbus_app.o(.text.modbus_app_send))
<BR><BR>[Stack]<UL><LI>Max Depth = 56<LI>Call Chain = modbus_app_send &rArr; bsp_uart_write &rArr; bsp_uart_stm32h5_write &rArr; HAL_UART_Transmit
</UL>
<BR>[Calls]<UL><LI><a href="#[134]">&gt;&gt;</a>&nbsp;&nbsp;&nbsp;bsp_uart_write
</UL>
<BR>[Address Reference Count : 1]<UL><LI> modbus_app.o(.text.modbus_app_init)
</UL>
<P><STRONG><a name="[124]"></a>bsp_pwm_apply</STRONG> (Thumb, 622 bytes, Stack size 136 bytes, bsp_pwm_stm32h5.o(.text.bsp_pwm_apply))
<BR><BR>[Stack]<UL><LI>Max Depth = 184<LI>Call Chain = bsp_pwm_apply &rArr; bsp_clock_get_hz
</UL>
<BR>[Calls]<UL><LI><a href="#[f5]">&gt;&gt;</a>&nbsp;&nbsp;&nbsp;HAL_TIM_PWM_ConfigChannel
<LI><a href="#[fa]">&gt;&gt;</a>&nbsp;&nbsp;&nbsp;HAL_TIM_PWM_Init
<LI><a href="#[11b]">&gt;&gt;</a>&nbsp;&nbsp;&nbsp;bsp_clock_get_hz
<LI><a href="#[111]">&gt;&gt;</a>&nbsp;&nbsp;&nbsp;__aeabi_uldivmod
</UL>
<BR>[Called By]<UL><LI><a href="#[126]">&gt;&gt;</a>&nbsp;&nbsp;&nbsp;bsp_pwm_stm32h5_init
</UL>

<P><STRONG><a name="[12e]"></a>bsp_uart_register</STRONG> (Thumb, 84 bytes, Stack size 0 bytes, bsp_uart_stm32h5.o(.text.bsp_uart_register))
<BR><BR>[Called By]<UL><LI><a href="#[12a]">&gt;&gt;</a>&nbsp;&nbsp;&nbsp;bsp_uart_stm32h5_init
</UL>

<P><STRONG><a name="[143]"></a>ldc_commit_frame_unlocked</STRONG> (Thumb, 384 bytes, Stack size 40 bytes, ldc_core.o(.text.ldc_commit_frame_unlocked))
<BR><BR>[Stack]<UL><LI>Max Depth = 56<LI>Call Chain = ldc_commit_frame_unlocked &rArr; ldc_packet_push
</UL>
<BR>[Calls]<UL><LI><a href="#[149]">&gt;&gt;</a>&nbsp;&nbsp;&nbsp;ldc_packet_push
<LI><a href="#[144]">&gt;&gt;</a>&nbsp;&nbsp;&nbsp;ldc_packet_is_full
<LI><a href="#[148]">&gt;&gt;</a>&nbsp;&nbsp;&nbsp;ldc_packet_count
<LI><a href="#[147]">&gt;&gt;</a>&nbsp;&nbsp;&nbsp;ldc_ring_used
<LI><a href="#[146]">&gt;&gt;</a>&nbsp;&nbsp;&nbsp;ldc_ring_drop
<LI><a href="#[145]">&gt;&gt;</a>&nbsp;&nbsp;&nbsp;ldc_packet_pop
</UL>
<BR>[Called By]<UL><LI><a href="#[155]">&gt;&gt;</a>&nbsp;&nbsp;&nbsp;ldc_tick_us
<LI><a href="#[14b]">&gt;&gt;</a>&nbsp;&nbsp;&nbsp;ldc_write
</UL>

<P><STRONG><a name="[97]"></a>ldc_easy_on_core_event</STRONG> (Thumb, 42 bytes, Stack size 0 bytes, ldc_easy.o(.text.ldc_easy_on_core_event))
<BR>[Address Reference Count : 1]<UL><LI> ldc_easy.o(.text.ldc_easy_init)
</UL>
<P><STRONG><a name="[99]"></a>transport_uart_ldc_lock</STRONG> (Thumb, 4 bytes, Stack size 0 bytes, transport_uart_ldc.o(.text.transport_uart_ldc_lock))
<BR><BR>[Calls]<UL><LI><a href="#[130]">&gt;&gt;</a>&nbsp;&nbsp;&nbsp;bsp_critical_enter
</UL>
<BR>[Address Reference Count : 1]<UL><LI> transport_uart_ldc.o(.text.transport_uart_ldc_init)
</UL>
<P><STRONG><a name="[9a]"></a>transport_uart_ldc_unlock</STRONG> (Thumb, 6 bytes, Stack size 0 bytes, transport_uart_ldc.o(.text.transport_uart_ldc_unlock))
<BR><BR>[Calls]<UL><LI><a href="#[131]">&gt;&gt;</a>&nbsp;&nbsp;&nbsp;bsp_critical_exit
</UL>
<BR>[Address Reference Count : 1]<UL><LI> transport_uart_ldc.o(.text.transport_uart_ldc_init)
</UL>
<P><STRONG><a name="[f1]"></a>RCCEx_PLL2_Config</STRONG> (Thumb, 234 bytes, Stack size 16 bytes, stm32h5xx_hal_rcc_ex.o(.text.RCCEx_PLL2_Config))
<BR><BR>[Stack]<UL><LI>Max Depth = 16<LI>Call Chain = RCCEx_PLL2_Config
</UL>
<BR>[Calls]<UL><LI><a href="#[c1]">&gt;&gt;</a>&nbsp;&nbsp;&nbsp;HAL_GetTick
</UL>
<BR>[Called By]<UL><LI><a href="#[f0]">&gt;&gt;</a>&nbsp;&nbsp;&nbsp;HAL_RCCEx_PeriphCLKConfig
</UL>

<P><STRONG><a name="[f2]"></a>RCCEx_PLL3_Config</STRONG> (Thumb, 234 bytes, Stack size 16 bytes, stm32h5xx_hal_rcc_ex.o(.text.RCCEx_PLL3_Config))
<BR><BR>[Stack]<UL><LI>Max Depth = 16<LI>Call Chain = RCCEx_PLL3_Config
</UL>
<BR>[Calls]<UL><LI><a href="#[c1]">&gt;&gt;</a>&nbsp;&nbsp;&nbsp;HAL_GetTick
</UL>
<BR>[Called By]<UL><LI><a href="#[f0]">&gt;&gt;</a>&nbsp;&nbsp;&nbsp;HAL_RCCEx_PeriphCLKConfig
</UL>

<P><STRONG><a name="[f6]"></a>TIM_OC1_SetConfig</STRONG> (Thumb, 360 bytes, Stack size 20 bytes, stm32h5xx_hal_tim.o(.text.TIM_OC1_SetConfig))
<BR><BR>[Stack]<UL><LI>Max Depth = 20<LI>Call Chain = TIM_OC1_SetConfig
</UL>
<BR>[Called By]<UL><LI><a href="#[f5]">&gt;&gt;</a>&nbsp;&nbsp;&nbsp;HAL_TIM_PWM_ConfigChannel
</UL>

<P><STRONG><a name="[f8]"></a>TIM_OC3_SetConfig</STRONG> (Thumb, 298 bytes, Stack size 16 bytes, stm32h5xx_hal_tim.o(.text.TIM_OC3_SetConfig))
<BR><BR>[Stack]<UL><LI>Max Depth = 16<LI>Call Chain = TIM_OC3_SetConfig
</UL>
<BR>[Called By]<UL><LI><a href="#[f5]">&gt;&gt;</a>&nbsp;&nbsp;&nbsp;HAL_TIM_PWM_ConfigChannel
</UL>

<P><STRONG><a name="[f9]"></a>TIM_OC4_SetConfig</STRONG> (Thumb, 298 bytes, Stack size 16 bytes, stm32h5xx_hal_tim.o(.text.TIM_OC4_SetConfig))
<BR><BR>[Stack]<UL><LI>Max Depth = 16<LI>Call Chain = TIM_OC4_SetConfig
</UL>
<BR>[Called By]<UL><LI><a href="#[f5]">&gt;&gt;</a>&nbsp;&nbsp;&nbsp;HAL_TIM_PWM_ConfigChannel
</UL>

<P><STRONG><a name="[94]"></a>UART_RxISR_8BIT</STRONG> (Thumb, 434 bytes, Stack size 0 bytes, stm32h5xx_hal_uart.o(.text.UART_RxISR_8BIT))
<BR><BR>[Stack]<UL><LI>Max Depth = 32<LI>Call Chain = UART_RxISR_8BIT &rArr; HAL_UARTEx_RxEventCallback &rArr; HAL_UARTEx_ReceiveToIdle_IT
</UL>
<BR>[Calls]<UL><LI><a href="#[ff]">&gt;&gt;</a>&nbsp;&nbsp;&nbsp;HAL_UARTEx_RxEventCallback
<LI><a href="#[110]">&gt;&gt;</a>&nbsp;&nbsp;&nbsp;HAL_UART_RxCpltCallback
</UL>
<BR>[Address Reference Count : 2]<UL><LI> stm32h5xx_hal_uart.o(.text.UART_Start_Receive_IT)
<LI> stm32h5xx_hal_uart.o(.text.UART_RxISR_8BIT_FIFOEN)
</UL>
<P><STRONG><a name="[95]"></a>UART_RxISR_8BIT_FIFOEN</STRONG> (Thumb, 792 bytes, Stack size 40 bytes, stm32h5xx_hal_uart.o(.text.UART_RxISR_8BIT_FIFOEN))
<BR><BR>[Stack]<UL><LI>Max Depth = 72<LI>Call Chain = UART_RxISR_8BIT_FIFOEN &rArr; HAL_UARTEx_RxEventCallback &rArr; HAL_UARTEx_ReceiveToIdle_IT
</UL>
<BR>[Calls]<UL><LI><a href="#[100]">&gt;&gt;</a>&nbsp;&nbsp;&nbsp;HAL_UART_ErrorCallback
<LI><a href="#[ff]">&gt;&gt;</a>&nbsp;&nbsp;&nbsp;HAL_UARTEx_RxEventCallback
<LI><a href="#[110]">&gt;&gt;</a>&nbsp;&nbsp;&nbsp;HAL_UART_RxCpltCallback
</UL>
<BR>[Address Reference Count : 1]<UL><LI> stm32h5xx_hal_uart.o(.text.UART_Start_Receive_IT)
</UL>
<P><STRONG><a name="[93]"></a>UART_RxISR_16BIT</STRONG> (Thumb, 430 bytes, Stack size 0 bytes, stm32h5xx_hal_uart.o(.text.UART_RxISR_16BIT))
<BR><BR>[Stack]<UL><LI>Max Depth = 32<LI>Call Chain = UART_RxISR_16BIT &rArr; HAL_UARTEx_RxEventCallback &rArr; HAL_UARTEx_ReceiveToIdle_IT
</UL>
<BR>[Calls]<UL><LI><a href="#[ff]">&gt;&gt;</a>&nbsp;&nbsp;&nbsp;HAL_UARTEx_RxEventCallback
<LI><a href="#[110]">&gt;&gt;</a>&nbsp;&nbsp;&nbsp;HAL_UART_RxCpltCallback
</UL>
<BR>[Address Reference Count : 2]<UL><LI> stm32h5xx_hal_uart.o(.text.UART_Start_Receive_IT)
<LI> stm32h5xx_hal_uart.o(.text.UART_RxISR_16BIT_FIFOEN)
</UL>
<P><STRONG><a name="[96]"></a>UART_RxISR_16BIT_FIFOEN</STRONG> (Thumb, 788 bytes, Stack size 40 bytes, stm32h5xx_hal_uart.o(.text.UART_RxISR_16BIT_FIFOEN))
<BR><BR>[Stack]<UL><LI>Max Depth = 72<LI>Call Chain = UART_RxISR_16BIT_FIFOEN &rArr; HAL_UARTEx_RxEventCallback &rArr; HAL_UARTEx_ReceiveToIdle_IT
</UL>
<BR>[Calls]<UL><LI><a href="#[100]">&gt;&gt;</a>&nbsp;&nbsp;&nbsp;HAL_UART_ErrorCallback
<LI><a href="#[ff]">&gt;&gt;</a>&nbsp;&nbsp;&nbsp;HAL_UARTEx_RxEventCallback
<LI><a href="#[110]">&gt;&gt;</a>&nbsp;&nbsp;&nbsp;HAL_UART_RxCpltCallback
</UL>
<BR>[Address Reference Count : 1]<UL><LI> stm32h5xx_hal_uart.o(.text.UART_Start_Receive_IT)
</UL>
<P><STRONG><a name="[92]"></a>UART_DMAAbortOnError</STRONG> (Thumb, 12 bytes, Stack size 0 bytes, stm32h5xx_hal_uart.o(.text.UART_DMAAbortOnError))
<BR><BR>[Stack]<UL><LI>Max Depth = 24<LI>Call Chain = UART_DMAAbortOnError &rArr; HAL_UART_ErrorCallback &rArr; HAL_UARTEx_ReceiveToIdle_IT
</UL>
<BR>[Calls]<UL><LI><a href="#[100]">&gt;&gt;</a>&nbsp;&nbsp;&nbsp;HAL_UART_ErrorCallback
</UL>
<BR>[Address Reference Count : 1]<UL><LI> stm32h5xx_hal_uart.o(.text.HAL_UART_IRQHandler)
</UL><P>
<H3>
Undefined Global Symbols
</H3><HR></body></html>
