<html>
<body>
<pre>
<h1>µVision Build Log</h1>
<h2>Tool Versions:</h2>
IDE-Version: ¦ÌVision V5.39.0.0
Copyright (C) 2023 ARM Ltd and ARM Germany GmbH. All rights reserved.
License Information: w 993889589@qq.com
d
User-based license: Keil MDK Community (non-commercial free of charge)
Valid until: Jun 1 2033. Cached until: Jul 17 2026
 
Tool Versions:
Toolchain:       Keil MDK Community (non-commercial free of charge  Version: 5.39.0.0
Toolchain Path:  C:\Keil_v5\ARM\ARMCLANG\Bin
C Compiler:      ArmClang.exe V6.21
Assembler:       Armasm.exe V6.21
Linker/Locator:  ArmLink.exe V6.21
Library Manager: ArmAr.exe V6.21
Hex Converter:   FromElf.exe V6.21
CPU DLL:         
Dialog DLL:      
Target DLL:      UL2V8M.DLL V1.7.11.0
Dialog DLL:      TCM.DLL V1.56.4.0
 
<h2>Project:</h2>
D:\Embedded\H5\STM32H563_Modbus\MDK-ARM\STM32H563_Modbus.uvprojx
Project File Date:  07/11/2026

<h2>Output:</h2>
*** Using Compiler 'V6.21', folder: 'C:\Keil_v5\ARM\ARMCLANG\Bin'
Rebuild target 'STM32H563_Modbus'
assembling startup_stm32h563xx.s...
compiling bsp_critical_stm32h5.c...
compiling bsp_fault_stm32h5.c...
compiling bsp_diagnostics.c...
compiling ld_modbus_server.c...
compiling system_stm32h5xx.c...
compiling bsp_spi_stm32h5.c...
compiling stm32h5xx_hal_msp.c...
compiling gpio.c...
compiling main.c...
compiling icache.c...
compiling modbus_app.c...
compiling bsp_i2c_stm32h5.c...
compiling bsp.c...
compiling board_i2c.c...
compiling dcache.c...
compiling ld_modbus_ldc.c...
compiling board_led.c...
compiling ld_modbus_core.c...
compiling board_rtc.c...
compiling board_pwm.c...
compiling board_init.c...
compiling drv_gd25lq128.c...
compiling bsp_clock_stm32h5.c...
compiling bsp_time_stm32h5.c...
compiling stm32h5xx_it.c...
compiling board_control.c...
compiling bsp_pwm_stm32h5.c...
compiling board_fdcan.c...
compiling drv_ft6336.c...
compiling board_spi.c...
compiling board_uart.c...
compiling bsp_uart_stm32h5.c...
compiling drv_w800.c...
compiling board_usb_device.c...
compiling drv_st7796.c...
compiling bsp_fdcan_stm32h5.c...
compiling ldc_packet.c...
compiling ldc_easy.c...
compiling ldc_ring.c...
compiling transport_uart_ldc.c...
compiling ldc_core.c...
compiling osal_bare_metal.c...
compiling stm32h5xx_hal_cortex.c...
compiling stm32h5xx_hal.c...
compiling stm32h5xx_hal_exti.c...
compiling stm32h5xx_hal_dcache.c...
compiling stm32h5xx_hal_dma.c...
compiling stm32h5xx_hal_flash.c...
compiling stm32h5xx_hal_gpio.c...
compiling stm32h5xx_hal_flash_ex.c...
compiling stm32h5xx_hal_i2c_ex.c...
compiling stm32h5xx_hal_icache.c...
compiling stm32h5xx_hal_pwr.c...
compiling stm32h5xx_hal_pwr_ex.c...
compiling stm32h5xx_hal_fdcan.c...
compiling stm32h5xx_hal_pcd_ex.c...
compiling stm32h5xx_hal_rcc.c...
compiling stm32h5xx_hal_rtc.c...
compiling stm32h5xx_hal_spi_ex.c...
compiling stm32h5xx_hal_dma_ex.c...
compiling stm32h5xx_hal_rtc_ex.c...
compiling stm32h5xx_hal_uart_ex.c...
compiling stm32h5xx_hal_pcd.c...
compiling stm32h5xx_hal_tim_ex.c...
compiling stm32h5xx_ll_usb.c...
compiling stm32h5xx_hal_spi.c...
compiling stm32h5xx_hal_rcc_ex.c...
compiling stm32h5xx_hal_i2c.c...
compiling stm32h5xx_hal_uart.c...
compiling stm32h5xx_hal_tim.c...
linking...
Program Size: Code=45592 RO-data=764 RW-data=12 ZI-data=8452  
FromELF: creating hex file...
".\STM32H563_Modbus\STM32H563_Modbus.axf" - 0 Error(s), 0 Warning(s).

<h2>Software Packages used:</h2>

Package Vendor: Keil
                https://www.keil.com/pack/Keil.STM32H5xx_DFP.1.2.0.pack
                Keil::STM32H5xx_DFP@1.2.0
                STMicroelectronics STM32H5 Series Device Support

<h2>Collection of Component include folders:</h2>
  C:/Users/99388/AppData/Local/Arm/Packs/Keil/STM32H5xx_DFP/1.2.0/Drivers/CMSIS/Device/ST/STM32H5xx/Include

<h2>Collection of Component Files used:</h2>
Build Time Elapsed:  00:00:03
</pre>
</body>
</html>
