<!doctype html public "-//w3c//dtd html 4.0 transitional//en">
<html><head>
<title>Static Call Graph - [STM32H563_Bootloader\STM32H563_Bootloader.axf]</title></head>
<body><HR>
<H1>Static Call Graph for image STM32H563_Bootloader\STM32H563_Bootloader.axf</H1><HR>
<BR><P>#&#060CALLGRAPH&#062# ARM Linker, 6210000: Last Updated: Thu Jun 11 21:29:02 2026
<BR><P>
<H3>Maximum Stack Usage =       1536 bytes + Unknown(Functions without stacksize, Cycles, Untraceable Function Pointers)</H3><H3>
Call chain for Maximum Stack Depth:</H3>
__rt_entry_main &rArr; main &rArr; ota_boot_process_update &rArr; ota_restore_backup_app &rArr; ota_manifest_store_both &rArr; ota_manifest_write &rArr; gd25lq128_read_verify &rArr; HAL_SPI_Receive
<P>
<H3>
Functions with no stack information
</H3><UL>
 <LI><a href="#[198]">_tx_initialize_low_level</a>
 <LI><a href="#[b4]">__tx_BadHandler</a>
 <LI><a href="#[199]">__tx_IntHandler</a>
 <LI><a href="#[a]">SysTick_Handler</a>
 <LI><a href="#[b6]">__tx_NMIHandler</a>
 <LI><a href="#[b7]">__tx_DBGHandler</a>
 <LI><a href="#[19a]">_tx_thread_schedule</a>
 <LI><a href="#[9]">PendSV_Handler</a>
 <LI><a href="#[19b]">_tx_vfp_access</a>
 <LI><a href="#[b5]">_tx_timer_interrupt</a>
</UL>
</UL>
<P>
<H3>
Mutually Recursive functions
</H3> <LI><a href="#[6]">SecureFault_Handler</a>&nbsp;&nbsp;&nbsp;&rArr;&nbsp;&nbsp;&nbsp;<a href="#[6]">SecureFault_Handler</a><BR>
 <LI><a href="#[7]">SVC_Handler</a>&nbsp;&nbsp;&nbsp;&rArr;&nbsp;&nbsp;&nbsp;<a href="#[7]">SVC_Handler</a><BR>
 <LI><a href="#[2f]">ADC1_IRQHandler</a>&nbsp;&nbsp;&nbsp;&rArr;&nbsp;&nbsp;&nbsp;<a href="#[2f]">ADC1_IRQHandler</a><BR>
 <LI><a href="#[4]">BusFault_Handler</a>&nbsp;&nbsp;&nbsp;&rArr;&nbsp;&nbsp;&nbsp;<a href="#[4]">BusFault_Handler</a><BR>
 <LI><a href="#[2]">HardFault_Handler</a>&nbsp;&nbsp;&nbsp;&rArr;&nbsp;&nbsp;&nbsp;<a href="#[2]">HardFault_Handler</a><BR>
 <LI><a href="#[3]">MemManage_Handler</a>&nbsp;&nbsp;&nbsp;&rArr;&nbsp;&nbsp;&nbsp;<a href="#[3]">MemManage_Handler</a><BR>
 <LI><a href="#[1]">NMI_Handler</a>&nbsp;&nbsp;&nbsp;&rArr;&nbsp;&nbsp;&nbsp;<a href="#[1]">NMI_Handler</a><BR>
 <LI><a href="#[5]">UsageFault_Handler</a>&nbsp;&nbsp;&nbsp;&rArr;&nbsp;&nbsp;&nbsp;<a href="#[5]">UsageFault_Handler</a><BR>
 <LI><a href="#[b3]">_sys_exit</a>&nbsp;&nbsp;&nbsp;&rArr;&nbsp;&nbsp;&nbsp;<a href="#[b3]">_sys_exit</a><BR>
</UL>
<P>
<H3>
Function Pointers
</H3><UL>
 <LI><a href="#[2f]">ADC1_IRQHandler</a> from startup_stm32h563xx.o(.text) referenced from startup_stm32h563xx.o(RESET)
 <LI><a href="#[4f]">ADC2_IRQHandler</a> from startup_stm32h563xx.o(.text) referenced from startup_stm32h563xx.o(RESET)
 <LI><a href="#[4]">BusFault_Handler</a> from stm32h5xx_it.o(.text.BusFault_Handler) referenced from startup_stm32h563xx.o(RESET)
 <LI><a href="#[7e]">CEC_IRQHandler</a> from startup_stm32h563xx.o(.text) referenced from startup_stm32h563xx.o(RESET)
 <LI><a href="#[79]">CORDIC_IRQHandler</a> from startup_stm32h563xx.o(.text) referenced from startup_stm32h563xx.o(RESET)
 <LI><a href="#[55]">CRS_IRQHandler</a> from startup_stm32h563xx.o(.text) referenced from startup_stm32h563xx.o(RESET)
 <LI><a href="#[30]">DAC1_IRQHandler</a> from startup_stm32h563xx.o(.text) referenced from startup_stm32h563xx.o(RESET)
 <LI><a href="#[73]">DCACHE1_IRQHandler</a> from startup_stm32h563xx.o(.text) referenced from startup_stm32h563xx.o(RESET)
 <LI><a href="#[76]">DCMI_PSSI_IRQHandler</a> from startup_stm32h563xx.o(.text) referenced from startup_stm32h563xx.o(RESET)
 <LI><a href="#[7b]">DTS_IRQHandler</a> from startup_stm32h563xx.o(.text) referenced from startup_stm32h563xx.o(RESET)
 <LI><a href="#[8]">DebugMon_Handler</a> from stm32h5xx_it.o(.text.DebugMon_Handler) referenced from startup_stm32h563xx.o(RESET)
 <LI><a href="#[74]">ETH_IRQHandler</a> from startup_stm32h563xx.o(.text) referenced from startup_stm32h563xx.o(RESET)
 <LI><a href="#[75]">ETH_WKUP_IRQHandler</a> from startup_stm32h563xx.o(.text) referenced from startup_stm32h563xx.o(RESET)
 <LI><a href="#[16]">EXTI0_IRQHandler</a> from startup_stm32h563xx.o(.text) referenced from startup_stm32h563xx.o(RESET)
 <LI><a href="#[20]">EXTI10_IRQHandler</a> from startup_stm32h563xx.o(.text) referenced from startup_stm32h563xx.o(RESET)
 <LI><a href="#[21]">EXTI11_IRQHandler</a> from startup_stm32h563xx.o(.text) referenced from startup_stm32h563xx.o(RESET)
 <LI><a href="#[22]">EXTI12_IRQHandler</a> from startup_stm32h563xx.o(.text) referenced from startup_stm32h563xx.o(RESET)
 <LI><a href="#[23]">EXTI13_IRQHandler</a> from startup_stm32h563xx.o(.text) referenced from startup_stm32h563xx.o(RESET)
 <LI><a href="#[24]">EXTI14_IRQHandler</a> from startup_stm32h563xx.o(.text) referenced from startup_stm32h563xx.o(RESET)
 <LI><a href="#[25]">EXTI15_IRQHandler</a> from startup_stm32h563xx.o(.text) referenced from startup_stm32h563xx.o(RESET)
 <LI><a href="#[17]">EXTI1_IRQHandler</a> from startup_stm32h563xx.o(.text) referenced from startup_stm32h563xx.o(RESET)
 <LI><a href="#[18]">EXTI2_IRQHandler</a> from startup_stm32h563xx.o(.text) referenced from startup_stm32h563xx.o(RESET)
 <LI><a href="#[19]">EXTI3_IRQHandler</a> from startup_stm32h563xx.o(.text) referenced from startup_stm32h563xx.o(RESET)
 <LI><a href="#[1a]">EXTI4_IRQHandler</a> from startup_stm32h563xx.o(.text) referenced from startup_stm32h563xx.o(RESET)
 <LI><a href="#[1b]">EXTI5_IRQHandler</a> from startup_stm32h563xx.o(.text) referenced from startup_stm32h563xx.o(RESET)
 <LI><a href="#[1c]">EXTI6_IRQHandler</a> from startup_stm32h563xx.o(.text) referenced from startup_stm32h563xx.o(RESET)
 <LI><a href="#[1d]">EXTI7_IRQHandler</a> from startup_stm32h563xx.o(.text) referenced from startup_stm32h563xx.o(RESET)
 <LI><a href="#[1e]">EXTI8_IRQHandler</a> from startup_stm32h563xx.o(.text) referenced from startup_stm32h563xx.o(RESET)
 <LI><a href="#[1f]">EXTI9_IRQHandler</a> from startup_stm32h563xx.o(.text) referenced from startup_stm32h563xx.o(RESET)
 <LI><a href="#[31]">FDCAN1_IT0_IRQHandler</a> from startup_stm32h563xx.o(.text) referenced from startup_stm32h563xx.o(RESET)
 <LI><a href="#[32]">FDCAN1_IT1_IRQHandler</a> from startup_stm32h563xx.o(.text) referenced from startup_stm32h563xx.o(RESET)
 <LI><a href="#[77]">FDCAN2_IT0_IRQHandler</a> from startup_stm32h563xx.o(.text) referenced from startup_stm32h563xx.o(RESET)
 <LI><a href="#[78]">FDCAN2_IT1_IRQHandler</a> from startup_stm32h563xx.o(.text) referenced from startup_stm32h563xx.o(RESET)
 <LI><a href="#[11]">FLASH_IRQHandler</a> from startup_stm32h563xx.o(.text) referenced from startup_stm32h563xx.o(RESET)
 <LI><a href="#[12]">FLASH_S_IRQHandler</a> from startup_stm32h563xx.o(.text) referenced from startup_stm32h563xx.o(RESET)
 <LI><a href="#[7a]">FMAC_IRQHandler</a> from startup_stm32h563xx.o(.text) referenced from startup_stm32h563xx.o(RESET)
 <LI><a href="#[57]">FMC_IRQHandler</a> from startup_stm32h563xx.o(.text) referenced from startup_stm32h563xx.o(RESET)
 <LI><a href="#[71]">FPU_IRQHandler</a> from startup_stm32h563xx.o(.text) referenced from startup_stm32h563xx.o(RESET)
 <LI><a href="#[26]">GPDMA1_Channel0_IRQHandler</a> from stm32h5xx_it.o(.text.GPDMA1_Channel0_IRQHandler) referenced from startup_stm32h563xx.o(RESET)
 <LI><a href="#[27]">GPDMA1_Channel1_IRQHandler</a> from startup_stm32h563xx.o(.text) referenced from startup_stm32h563xx.o(RESET)
 <LI><a href="#[28]">GPDMA1_Channel2_IRQHandler</a> from startup_stm32h563xx.o(.text) referenced from startup_stm32h563xx.o(RESET)
 <LI><a href="#[29]">GPDMA1_Channel3_IRQHandler</a> from startup_stm32h563xx.o(.text) referenced from startup_stm32h563xx.o(RESET)
 <LI><a href="#[2a]">GPDMA1_Channel4_IRQHandler</a> from startup_stm32h563xx.o(.text) referenced from startup_stm32h563xx.o(RESET)
 <LI><a href="#[2b]">GPDMA1_Channel5_IRQHandler</a> from startup_stm32h563xx.o(.text) referenced from startup_stm32h563xx.o(RESET)
 <LI><a href="#[2c]">GPDMA1_Channel6_IRQHandler</a> from startup_stm32h563xx.o(.text) referenced from startup_stm32h563xx.o(RESET)
 <LI><a href="#[2d]">GPDMA1_Channel7_IRQHandler</a> from startup_stm32h563xx.o(.text) referenced from startup_stm32h563xx.o(RESET)
 <LI><a href="#[64]">GPDMA2_Channel0_IRQHandler</a> from startup_stm32h563xx.o(.text) referenced from startup_stm32h563xx.o(RESET)
 <LI><a href="#[65]">GPDMA2_Channel1_IRQHandler</a> from startup_stm32h563xx.o(.text) referenced from startup_stm32h563xx.o(RESET)
 <LI><a href="#[66]">GPDMA2_Channel2_IRQHandler</a> from startup_stm32h563xx.o(.text) referenced from startup_stm32h563xx.o(RESET)
 <LI><a href="#[67]">GPDMA2_Channel3_IRQHandler</a> from startup_stm32h563xx.o(.text) referenced from startup_stm32h563xx.o(RESET)
 <LI><a href="#[68]">GPDMA2_Channel4_IRQHandler</a> from startup_stm32h563xx.o(.text) referenced from startup_stm32h563xx.o(RESET)
 <LI><a href="#[69]">GPDMA2_Channel5_IRQHandler</a> from startup_stm32h563xx.o(.text) referenced from startup_stm32h563xx.o(RESET)
 <LI><a href="#[6a]">GPDMA2_Channel6_IRQHandler</a> from startup_stm32h563xx.o(.text) referenced from startup_stm32h563xx.o(RESET)
 <LI><a href="#[6b]">GPDMA2_Channel7_IRQHandler</a> from startup_stm32h563xx.o(.text) referenced from startup_stm32h563xx.o(RESET)
 <LI><a href="#[13]">GTZC_IRQHandler</a> from startup_stm32h563xx.o(.text) referenced from startup_stm32h563xx.o(RESET)
 <LI><a href="#[90]">HAL_DCACHE_CleanAndInvalidateByAddrCallback</a> from stm32h5xx_hal_dcache.o(.text.HAL_DCACHE_CleanAndInvalidateByAddrCallback) referenced 2 times from stm32h5xx_hal_dcache.o(.text.HAL_DCACHE_Init)
 <LI><a href="#[8d]">HAL_DCACHE_CleanByAddrCallback</a> from stm32h5xx_hal_dcache.o(.text.HAL_DCACHE_CleanByAddrCallback) referenced 2 times from stm32h5xx_hal_dcache.o(.text.HAL_DCACHE_Init)
 <LI><a href="#[8c]">HAL_DCACHE_ErrorCallback</a> from stm32h5xx_hal_dcache.o(.text.HAL_DCACHE_ErrorCallback) referenced 2 times from stm32h5xx_hal_dcache.o(.text.HAL_DCACHE_Init)
 <LI><a href="#[8e]">HAL_DCACHE_InvalidateByAddrCallback</a> from stm32h5xx_hal_dcache.o(.text.HAL_DCACHE_InvalidateByAddrCallback) referenced 2 times from stm32h5xx_hal_dcache.o(.text.HAL_DCACHE_Init)
 <LI><a href="#[8f]">HAL_DCACHE_InvalidateCompleteCallback</a> from stm32h5xx_hal_dcache.o(.text.HAL_DCACHE_InvalidateCompleteCallback) referenced 2 times from stm32h5xx_hal_dcache.o(.text.HAL_DCACHE_Init)
 <LI><a href="#[91]">HAL_DCACHE_MspInit</a> from dcache.o(.text.HAL_DCACHE_MspInit) referenced 2 times from stm32h5xx_hal_dcache.o(.text.HAL_DCACHE_Init)
 <LI><a href="#[7d]">HASH_IRQHandler</a> from startup_stm32h563xx.o(.text) referenced from startup_stm32h563xx.o(RESET)
 <LI><a href="#[2]">HardFault_Handler</a> from stm32h5xx_it.o(.text.HardFault_Handler) referenced from startup_stm32h563xx.o(RESET)
 <LI><a href="#[3e]">I2C1_ER_IRQHandler</a> from startup_stm32h563xx.o(.text) referenced from startup_stm32h563xx.o(RESET)
 <LI><a href="#[3d]">I2C1_EV_IRQHandler</a> from startup_stm32h563xx.o(.text) referenced from startup_stm32h563xx.o(RESET)
 <LI><a href="#[40]">I2C2_ER_IRQHandler</a> from startup_stm32h563xx.o(.text) referenced from startup_stm32h563xx.o(RESET)
 <LI><a href="#[3f]">I2C2_EV_IRQHandler</a> from startup_stm32h563xx.o(.text) referenced from startup_stm32h563xx.o(RESET)
 <LI><a href="#[5b]">I2C3_ER_IRQHandler</a> from startup_stm32h563xx.o(.text) referenced from startup_stm32h563xx.o(RESET)
 <LI><a href="#[5a]">I2C3_EV_IRQHandler</a> from startup_stm32h563xx.o(.text) referenced from startup_stm32h563xx.o(RESET)
 <LI><a href="#[85]">I2C4_ER_IRQHandler</a> from startup_stm32h563xx.o(.text) referenced from startup_stm32h563xx.o(RESET)
 <LI><a href="#[84]">I2C4_EV_IRQHandler</a> from startup_stm32h563xx.o(.text) referenced from startup_stm32h563xx.o(RESET)
 <LI><a href="#[83]">I3C1_ER_IRQHandler</a> from startup_stm32h563xx.o(.text) referenced from startup_stm32h563xx.o(RESET)
 <LI><a href="#[82]">I3C1_EV_IRQHandler</a> from startup_stm32h563xx.o(.text) referenced from startup_stm32h563xx.o(RESET)
 <LI><a href="#[72]">ICACHE_IRQHandler</a> from startup_stm32h563xx.o(.text) referenced from startup_stm32h563xx.o(RESET)
 <LI><a href="#[2e]">IWDG_IRQHandler</a> from startup_stm32h563xx.o(.text) referenced from startup_stm32h563xx.o(RESET)
 <LI><a href="#[4a]">LPTIM1_IRQHandler</a> from startup_stm32h563xx.o(.text) referenced from startup_stm32h563xx.o(RESET)
 <LI><a href="#[50]">LPTIM2_IRQHandler</a> from startup_stm32h563xx.o(.text) referenced from startup_stm32h563xx.o(RESET)
 <LI><a href="#[86]">LPTIM3_IRQHandler</a> from startup_stm32h563xx.o(.text) referenced from startup_stm32h563xx.o(RESET)
 <LI><a href="#[87]">LPTIM4_IRQHandler</a> from startup_stm32h563xx.o(.text) referenced from startup_stm32h563xx.o(RESET)
 <LI><a href="#[88]">LPTIM5_IRQHandler</a> from startup_stm32h563xx.o(.text) referenced from startup_stm32h563xx.o(RESET)
 <LI><a href="#[89]">LPTIM6_IRQHandler</a> from startup_stm32h563xx.o(.text) referenced from startup_stm32h563xx.o(RESET)
 <LI><a href="#[49]">LPUART1_IRQHandler</a> from startup_stm32h563xx.o(.text) referenced from startup_stm32h563xx.o(RESET)
 <LI><a href="#[3]">MemManage_Handler</a> from stm32h5xx_it.o(.text.MemManage_Handler) referenced from startup_stm32h563xx.o(RESET)
 <LI><a href="#[1]">NMI_Handler</a> from stm32h5xx_it.o(.text.NMI_Handler) referenced from startup_stm32h563xx.o(RESET)
 <LI><a href="#[58]">OCTOSPI1_IRQHandler</a> from startup_stm32h563xx.o(.text) referenced from startup_stm32h563xx.o(RESET)
 <LI><a href="#[c]">PVD_AVD_IRQHandler</a> from startup_stm32h563xx.o(.text) referenced from startup_stm32h563xx.o(RESET)
 <LI><a href="#[9]">PendSV_Handler</a> from tx_thread_schedule.o(.text) referenced from startup_stm32h563xx.o(RESET)
 <LI><a href="#[10]">RAMCFG_IRQHandler</a> from startup_stm32h563xx.o(.text) referenced from startup_stm32h563xx.o(RESET)
 <LI><a href="#[14]">RCC_IRQHandler</a> from startup_stm32h563xx.o(.text) referenced from startup_stm32h563xx.o(RESET)
 <LI><a href="#[15]">RCC_S_IRQHandler</a> from startup_stm32h563xx.o(.text) referenced from startup_stm32h563xx.o(RESET)
 <LI><a href="#[7c]">RNG_IRQHandler</a> from startup_stm32h563xx.o(.text) referenced from startup_stm32h563xx.o(RESET)
 <LI><a href="#[d]">RTC_IRQHandler</a> from startup_stm32h563xx.o(.text) referenced from startup_stm32h563xx.o(RESET)
 <LI><a href="#[e]">RTC_S_IRQHandler</a> from startup_stm32h563xx.o(.text) referenced from startup_stm32h563xx.o(RESET)
 <LI><a href="#[0]">Reset_Handler</a> from startup_stm32h563xx.o(.text) referenced from startup_stm32h563xx.o(RESET)
 <LI><a href="#[62]">SAI1_IRQHandler</a> from startup_stm32h563xx.o(.text) referenced from startup_stm32h563xx.o(RESET)
 <LI><a href="#[63]">SAI2_IRQHandler</a> from startup_stm32h563xx.o(.text) referenced from startup_stm32h563xx.o(RESET)
 <LI><a href="#[59]">SDMMC1_IRQHandler</a> from startup_stm32h563xx.o(.text) referenced from startup_stm32h563xx.o(RESET)
 <LI><a href="#[70]">SDMMC2_IRQHandler</a> from startup_stm32h563xx.o(.text) referenced from startup_stm32h563xx.o(RESET)
 <LI><a href="#[41]">SPI1_IRQHandler</a> from startup_stm32h563xx.o(.text) referenced from startup_stm32h563xx.o(RESET)
 <LI><a href="#[42]">SPI2_IRQHandler</a> from startup_stm32h563xx.o(.text) referenced from startup_stm32h563xx.o(RESET)
 <LI><a href="#[43]">SPI3_IRQHandler</a> from startup_stm32h563xx.o(.text) referenced from startup_stm32h563xx.o(RESET)
 <LI><a href="#[5c]">SPI4_IRQHandler</a> from startup_stm32h563xx.o(.text) referenced from startup_stm32h563xx.o(RESET)
 <LI><a href="#[5d]">SPI5_IRQHandler</a> from startup_stm32h563xx.o(.text) referenced from startup_stm32h563xx.o(RESET)
 <LI><a href="#[5e]">SPI6_IRQHandler</a> from startup_stm32h563xx.o(.text) referenced from startup_stm32h563xx.o(RESET)
 <LI><a href="#[7]">SVC_Handler</a> from startup_stm32h563xx.o(.text) referenced from startup_stm32h563xx.o(RESET)
 <LI><a href="#[6]">SecureFault_Handler</a> from startup_stm32h563xx.o(.text) referenced from startup_stm32h563xx.o(RESET)
 <LI><a href="#[a]">SysTick_Handler</a> from tx_initialize_low_level.o(.text) referenced from startup_stm32h563xx.o(RESET)
 <LI><a href="#[8a]">SystemInit</a> from system_stm32h5xx.o(.text.SystemInit) referenced from startup_stm32h563xx.o(.text)
 <LI><a href="#[f]">TAMP_IRQHandler</a> from startup_stm32h563xx.o(.text) referenced from startup_stm32h563xx.o(RESET)
 <LI><a href="#[7f]">TIM12_IRQHandler</a> from startup_stm32h563xx.o(.text) referenced from startup_stm32h563xx.o(RESET)
 <LI><a href="#[80]">TIM13_IRQHandler</a> from startup_stm32h563xx.o(.text) referenced from startup_stm32h563xx.o(RESET)
 <LI><a href="#[81]">TIM14_IRQHandler</a> from startup_stm32h563xx.o(.text) referenced from startup_stm32h563xx.o(RESET)
 <LI><a href="#[51]">TIM15_IRQHandler</a> from startup_stm32h563xx.o(.text) referenced from startup_stm32h563xx.o(RESET)
 <LI><a href="#[52]">TIM16_IRQHandler</a> from startup_stm32h563xx.o(.text) referenced from startup_stm32h563xx.o(RESET)
 <LI><a href="#[53]">TIM17_IRQHandler</a> from stm32h5xx_it.o(.text.TIM17_IRQHandler) referenced from startup_stm32h563xx.o(RESET)
 <LI><a href="#[33]">TIM1_BRK_IRQHandler</a> from startup_stm32h563xx.o(.text) referenced from startup_stm32h563xx.o(RESET)
 <LI><a href="#[36]">TIM1_CC_IRQHandler</a> from startup_stm32h563xx.o(.text) referenced from startup_stm32h563xx.o(RESET)
 <LI><a href="#[35]">TIM1_TRG_COM_IRQHandler</a> from startup_stm32h563xx.o(.text) referenced from startup_stm32h563xx.o(RESET)
 <LI><a href="#[34]">TIM1_UP_IRQHandler</a> from startup_stm32h563xx.o(.text) referenced from startup_stm32h563xx.o(RESET)
 <LI><a href="#[37]">TIM2_IRQHandler</a> from startup_stm32h563xx.o(.text) referenced from startup_stm32h563xx.o(RESET)
 <LI><a href="#[38]">TIM3_IRQHandler</a> from startup_stm32h563xx.o(.text) referenced from startup_stm32h563xx.o(RESET)
 <LI><a href="#[39]">TIM4_IRQHandler</a> from startup_stm32h563xx.o(.text) referenced from startup_stm32h563xx.o(RESET)
 <LI><a href="#[3a]">TIM5_IRQHandler</a> from startup_stm32h563xx.o(.text) referenced from startup_stm32h563xx.o(RESET)
 <LI><a href="#[3b]">TIM6_IRQHandler</a> from startup_stm32h563xx.o(.text) referenced from startup_stm32h563xx.o(RESET)
 <LI><a href="#[3c]">TIM7_IRQHandler</a> from startup_stm32h563xx.o(.text) referenced from startup_stm32h563xx.o(RESET)
 <LI><a href="#[4b]">TIM8_BRK_IRQHandler</a> from startup_stm32h563xx.o(.text) referenced from startup_stm32h563xx.o(RESET)
 <LI><a href="#[4e]">TIM8_CC_IRQHandler</a> from startup_stm32h563xx.o(.text) referenced from startup_stm32h563xx.o(RESET)
 <LI><a href="#[4d]">TIM8_TRG_COM_IRQHandler</a> from startup_stm32h563xx.o(.text) referenced from startup_stm32h563xx.o(RESET)
 <LI><a href="#[4c]">TIM8_UP_IRQHandler</a> from startup_stm32h563xx.o(.text) referenced from startup_stm32h563xx.o(RESET)
 <LI><a href="#[6f]">UART12_IRQHandler</a> from startup_stm32h563xx.o(.text) referenced from startup_stm32h563xx.o(RESET)
 <LI><a href="#[47]">UART4_IRQHandler</a> from startup_stm32h563xx.o(.text) referenced from startup_stm32h563xx.o(RESET)
 <LI><a href="#[48]">UART5_IRQHandler</a> from startup_stm32h563xx.o(.text) referenced from startup_stm32h563xx.o(RESET)
 <LI><a href="#[6c]">UART7_IRQHandler</a> from startup_stm32h563xx.o(.text) referenced from startup_stm32h563xx.o(RESET)
 <LI><a href="#[6d]">UART8_IRQHandler</a> from startup_stm32h563xx.o(.text) referenced from startup_stm32h563xx.o(RESET)
 <LI><a href="#[6e]">UART9_IRQHandler</a> from startup_stm32h563xx.o(.text) referenced from startup_stm32h563xx.o(RESET)
 <LI><a href="#[92]">UART_DMAAbortOnError</a> from stm32h5xx_hal_uart.o(.text.UART_DMAAbortOnError) referenced 2 times from stm32h5xx_hal_uart.o(.text.HAL_UART_IRQHandler)
 <LI><a href="#[97]">UART_DMAError</a> from stm32h5xx_hal_uart.o(.text.UART_DMAError) referenced 2 times from stm32h5xx_hal_uart.o(.text.UART_Start_Receive_DMA)
 <LI><a href="#[95]">UART_DMAReceiveCplt</a> from stm32h5xx_hal_uart.o(.text.UART_DMAReceiveCplt) referenced 2 times from stm32h5xx_hal_uart.o(.text.UART_Start_Receive_DMA)
 <LI><a href="#[96]">UART_DMARxHalfCplt</a> from stm32h5xx_hal_uart.o(.text.UART_DMARxHalfCplt) referenced 2 times from stm32h5xx_hal_uart.o(.text.UART_Start_Receive_DMA)
 <LI><a href="#[93]">UART_RxISR_16BIT</a> from stm32h5xx_hal_uart.o(.text.UART_RxISR_16BIT) referenced 2 times from stm32h5xx_hal_uart.o(.text.UART_RxISR_16BIT_FIFOEN)
 <LI><a href="#[93]">UART_RxISR_16BIT</a> from stm32h5xx_hal_uart.o(.text.UART_RxISR_16BIT) referenced 2 times from stm32h5xx_hal_uart.o(.text.UART_Start_Receive_IT)
 <LI><a href="#[99]">UART_RxISR_16BIT_FIFOEN</a> from stm32h5xx_hal_uart.o(.text.UART_RxISR_16BIT_FIFOEN) referenced 2 times from stm32h5xx_hal_uart.o(.text.UART_Start_Receive_IT)
 <LI><a href="#[94]">UART_RxISR_8BIT</a> from stm32h5xx_hal_uart.o(.text.UART_RxISR_8BIT) referenced 2 times from stm32h5xx_hal_uart.o(.text.UART_RxISR_8BIT_FIFOEN)
 <LI><a href="#[94]">UART_RxISR_8BIT</a> from stm32h5xx_hal_uart.o(.text.UART_RxISR_8BIT) referenced 4 times from stm32h5xx_hal_uart.o(.text.UART_Start_Receive_IT)
 <LI><a href="#[98]">UART_RxISR_8BIT_FIFOEN</a> from stm32h5xx_hal_uart.o(.text.UART_RxISR_8BIT_FIFOEN) referenced 4 times from stm32h5xx_hal_uart.o(.text.UART_Start_Receive_IT)
 <LI><a href="#[56]">UCPD1_IRQHandler</a> from startup_stm32h563xx.o(.text) referenced from startup_stm32h563xx.o(RESET)
 <LI><a href="#[60]">USART10_IRQHandler</a> from startup_stm32h563xx.o(.text) referenced from startup_stm32h563xx.o(RESET)
 <LI><a href="#[61]">USART11_IRQHandler</a> from startup_stm32h563xx.o(.text) referenced from startup_stm32h563xx.o(RESET)
 <LI><a href="#[44]">USART1_IRQHandler</a> from stm32h5xx_it.o(.text.USART1_IRQHandler) referenced from startup_stm32h563xx.o(RESET)
 <LI><a href="#[45]">USART2_IRQHandler</a> from stm32h5xx_it.o(.text.USART2_IRQHandler) referenced from startup_stm32h563xx.o(RESET)
 <LI><a href="#[46]">USART3_IRQHandler</a> from startup_stm32h563xx.o(.text) referenced from startup_stm32h563xx.o(RESET)
 <LI><a href="#[5f]">USART6_IRQHandler</a> from startup_stm32h563xx.o(.text) referenced from startup_stm32h563xx.o(RESET)
 <LI><a href="#[54]">USB_DRD_FS_IRQHandler</a> from stm32h5xx_it.o(.text.USB_DRD_FS_IRQHandler) referenced from startup_stm32h563xx.o(RESET)
 <LI><a href="#[5]">UsageFault_Handler</a> from stm32h5xx_it.o(.text.UsageFault_Handler) referenced from startup_stm32h563xx.o(RESET)
 <LI><a href="#[b]">WWDG_IRQHandler</a> from startup_stm32h563xx.o(.text) referenced from startup_stm32h563xx.o(RESET)
 <LI><a href="#[8b]">__main</a> from __main.o(!!!main) referenced from startup_stm32h563xx.o(.text)
</UL>
<P>
<H3>
Global Symbols
</H3>
<P><STRONG><a name="[8b]"></a>__main</STRONG> (Thumb, 8 bytes, Stack size 0 bytes, __main.o(!!!main))
<BR><BR>[Calls]<UL><LI><a href="#[9b]">&gt;&gt;</a>&nbsp;&nbsp;&nbsp;__rt_entry
<LI><a href="#[9a]">&gt;&gt;</a>&nbsp;&nbsp;&nbsp;__scatterload
</UL>
<BR>[Address Reference Count : 1]<UL><LI> startup_stm32h563xx.o(.text)
</UL>
<P><STRONG><a name="[9a]"></a>__scatterload</STRONG> (Thumb, 0 bytes, Stack size unknown bytes, __scatter.o(!!!scatter))
<BR><BR>[Called By]<UL><LI><a href="#[8b]">&gt;&gt;</a>&nbsp;&nbsp;&nbsp;__main
</UL>

<P><STRONG><a name="[9c]"></a>__scatterload_rt2</STRONG> (Thumb, 84 bytes, Stack size unknown bytes, __scatter.o(!!!scatter), UNUSED)
<BR><BR>[Calls]<UL><LI><a href="#[9b]">&gt;&gt;</a>&nbsp;&nbsp;&nbsp;__rt_entry
</UL>

<P><STRONG><a name="[171]"></a>__scatterload_rt2_thumb_only</STRONG> (Thumb, 0 bytes, Stack size unknown bytes, __scatter.o(!!!scatter), UNUSED)

<P><STRONG><a name="[172]"></a>__scatterload_loop</STRONG> (Thumb, 0 bytes, Stack size unknown bytes, __scatter.o(!!!scatter), UNUSED)

<P><STRONG><a name="[9d]"></a>__scatterload_copy</STRONG> (Thumb, 26 bytes, Stack size unknown bytes, __scatter_copy.o(!!handler_copy), UNUSED)
<BR><BR>[Calls]<UL><LI><a href="#[9d]">&gt;&gt;</a>&nbsp;&nbsp;&nbsp;__scatterload_copy
</UL>
<BR>[Called By]<UL><LI><a href="#[9d]">&gt;&gt;</a>&nbsp;&nbsp;&nbsp;__scatterload_copy
</UL>

<P><STRONG><a name="[173]"></a>__scatterload_null</STRONG> (Thumb, 2 bytes, Stack size unknown bytes, __scatter.o(!!handler_null), UNUSED)

<P><STRONG><a name="[174]"></a>__scatterload_zeroinit</STRONG> (Thumb, 28 bytes, Stack size unknown bytes, __scatter_zi.o(!!handler_zi), UNUSED)

<P><STRONG><a name="[175]"></a>_printf_ll</STRONG> (Thumb, 0 bytes, Stack size unknown bytes, _printf_ll.o(.ARM.Collect$$_printf_percent$$00000007))

<P><STRONG><a name="[176]"></a>_printf_percent</STRONG> (Thumb, 0 bytes, Stack size unknown bytes, _printf_percent.o(.ARM.Collect$$_printf_percent$$00000000))

<P><STRONG><a name="[9e]"></a>_printf_d</STRONG> (Thumb, 0 bytes, Stack size unknown bytes, _printf_d.o(.ARM.Collect$$_printf_percent$$00000009))
<BR><BR>[Stack]<UL><LI>Max Depth = 72 + Unknown Stack Size
<LI>Call Chain = _printf_d &rArr; _printf_int_dec &rArr; _printf_int_common &rArr; _printf_post_padding
</UL>
<BR>[Calls]<UL><LI><a href="#[9f]">&gt;&gt;</a>&nbsp;&nbsp;&nbsp;_printf_int_dec
</UL>

<P><STRONG><a name="[a0]"></a>_printf_u</STRONG> (Thumb, 0 bytes, Stack size unknown bytes, _printf_u.o(.ARM.Collect$$_printf_percent$$0000000A))
<BR><BR>[Stack]<UL><LI>Max Depth = 72 + Unknown Stack Size
<LI>Call Chain = _printf_u &rArr; _printf_int_dec &rArr; _printf_int_common &rArr; _printf_post_padding
</UL>
<BR>[Calls]<UL><LI><a href="#[9f]">&gt;&gt;</a>&nbsp;&nbsp;&nbsp;_printf_int_dec
</UL>

<P><STRONG><a name="[a1]"></a>_printf_x</STRONG> (Thumb, 0 bytes, Stack size unknown bytes, _printf_x.o(.ARM.Collect$$_printf_percent$$0000000C))
<BR><BR>[Stack]<UL><LI>Max Depth = 64 + Unknown Stack Size
<LI>Call Chain = _printf_x &rArr; _printf_int_hex &rArr; _printf_int_common &rArr; _printf_post_padding
</UL>
<BR>[Calls]<UL><LI><a href="#[a2]">&gt;&gt;</a>&nbsp;&nbsp;&nbsp;_printf_int_hex
</UL>

<P><STRONG><a name="[a3]"></a>_printf_llu</STRONG> (Thumb, 0 bytes, Stack size unknown bytes, _printf_llu.o(.ARM.Collect$$_printf_percent$$0000000F))
<BR><BR>[Stack]<UL><LI>Max Depth = 72 + Unknown Stack Size
<LI>Call Chain = _printf_llu &rArr; _printf_longlong_dec &rArr; _printf_int_common &rArr; _printf_post_padding
</UL>
<BR>[Calls]<UL><LI><a href="#[a4]">&gt;&gt;</a>&nbsp;&nbsp;&nbsp;_printf_longlong_dec
</UL>

<P><STRONG><a name="[a5]"></a>_printf_s</STRONG> (Thumb, 0 bytes, Stack size unknown bytes, _printf_s.o(.ARM.Collect$$_printf_percent$$00000014))
<BR><BR>[Stack]<UL><LI>Max Depth = 40 + Unknown Stack Size
<LI>Call Chain = _printf_s &rArr; _printf_string &rArr; _printf_cs_common &rArr; _printf_str &rArr; _printf_post_padding
</UL>
<BR>[Calls]<UL><LI><a href="#[a6]">&gt;&gt;</a>&nbsp;&nbsp;&nbsp;_printf_string
</UL>

<P><STRONG><a name="[177]"></a>_printf_percent_end</STRONG> (Thumb, 0 bytes, Stack size unknown bytes, _printf_percent_end.o(.ARM.Collect$$_printf_percent$$00000017))

<P><STRONG><a name="[ac]"></a>__rt_lib_init</STRONG> (Thumb, 0 bytes, Stack size unknown bytes, libinit.o(.ARM.Collect$$libinit$$00000000))
<BR><BR>[Called By]<UL><LI><a href="#[ab]">&gt;&gt;</a>&nbsp;&nbsp;&nbsp;__rt_entry_li
</UL>

<P><STRONG><a name="[a7]"></a>__rt_lib_init_fp_1</STRONG> (Thumb, 0 bytes, Stack size unknown bytes, libinit2.o(.ARM.Collect$$libinit$$00000001))
<BR><BR>[Calls]<UL><LI><a href="#[a8]">&gt;&gt;</a>&nbsp;&nbsp;&nbsp;_fp_init
</UL>

<P><STRONG><a name="[178]"></a>__rt_lib_init_alloca_1</STRONG> (Thumb, 0 bytes, Stack size unknown bytes, libinit2.o(.ARM.Collect$$libinit$$00000030))

<P><STRONG><a name="[179]"></a>__rt_lib_init_argv_1</STRONG> (Thumb, 0 bytes, Stack size unknown bytes, libinit2.o(.ARM.Collect$$libinit$$0000002E))

<P><STRONG><a name="[17a]"></a>__rt_lib_init_atexit_1</STRONG> (Thumb, 0 bytes, Stack size unknown bytes, libinit2.o(.ARM.Collect$$libinit$$0000001D))

<P><STRONG><a name="[17b]"></a>__rt_lib_init_clock_1</STRONG> (Thumb, 0 bytes, Stack size unknown bytes, libinit2.o(.ARM.Collect$$libinit$$00000023))

<P><STRONG><a name="[17c]"></a>__rt_lib_init_cpp_1</STRONG> (Thumb, 0 bytes, Stack size unknown bytes, libinit2.o(.ARM.Collect$$libinit$$00000034))

<P><STRONG><a name="[17d]"></a>__rt_lib_init_exceptions_1</STRONG> (Thumb, 0 bytes, Stack size unknown bytes, libinit2.o(.ARM.Collect$$libinit$$00000032))

<P><STRONG><a name="[17e]"></a>__rt_lib_init_fp_trap_1</STRONG> (Thumb, 0 bytes, Stack size unknown bytes, libinit2.o(.ARM.Collect$$libinit$$00000021))

<P><STRONG><a name="[17f]"></a>__rt_lib_init_getenv_1</STRONG> (Thumb, 0 bytes, Stack size unknown bytes, libinit2.o(.ARM.Collect$$libinit$$00000025))

<P><STRONG><a name="[180]"></a>__rt_lib_init_heap_1</STRONG> (Thumb, 0 bytes, Stack size unknown bytes, libinit2.o(.ARM.Collect$$libinit$$0000000C))

<P><STRONG><a name="[181]"></a>__rt_lib_init_lc_collate_1</STRONG> (Thumb, 0 bytes, Stack size unknown bytes, libinit2.o(.ARM.Collect$$libinit$$00000013))

<P><STRONG><a name="[182]"></a>__rt_lib_init_lc_ctype_1</STRONG> (Thumb, 0 bytes, Stack size unknown bytes, libinit2.o(.ARM.Collect$$libinit$$00000015))

<P><STRONG><a name="[183]"></a>__rt_lib_init_lc_monetary_1</STRONG> (Thumb, 0 bytes, Stack size unknown bytes, libinit2.o(.ARM.Collect$$libinit$$00000017))

<P><STRONG><a name="[184]"></a>__rt_lib_init_lc_numeric_1</STRONG> (Thumb, 0 bytes, Stack size unknown bytes, libinit2.o(.ARM.Collect$$libinit$$00000019))

<P><STRONG><a name="[185]"></a>__rt_lib_init_lc_time_1</STRONG> (Thumb, 0 bytes, Stack size unknown bytes, libinit2.o(.ARM.Collect$$libinit$$0000001B))

<P><STRONG><a name="[186]"></a>__rt_lib_init_preinit_1</STRONG> (Thumb, 0 bytes, Stack size unknown bytes, libinit2.o(.ARM.Collect$$libinit$$00000006))

<P><STRONG><a name="[187]"></a>__rt_lib_init_rand_1</STRONG> (Thumb, 0 bytes, Stack size unknown bytes, libinit2.o(.ARM.Collect$$libinit$$00000010))

<P><STRONG><a name="[188]"></a>__rt_lib_init_relocate_pie_1</STRONG> (Thumb, 0 bytes, Stack size unknown bytes, libinit2.o(.ARM.Collect$$libinit$$00000004))

<P><STRONG><a name="[189]"></a>__rt_lib_init_return</STRONG> (Thumb, 0 bytes, Stack size unknown bytes, libinit2.o(.ARM.Collect$$libinit$$00000035))

<P><STRONG><a name="[18a]"></a>__rt_lib_init_signal_1</STRONG> (Thumb, 0 bytes, Stack size unknown bytes, libinit2.o(.ARM.Collect$$libinit$$0000001F))

<P><STRONG><a name="[18b]"></a>__rt_lib_init_stdio_1</STRONG> (Thumb, 0 bytes, Stack size unknown bytes, libinit2.o(.ARM.Collect$$libinit$$00000027))

<P><STRONG><a name="[18c]"></a>__rt_lib_init_user_alloc_1</STRONG> (Thumb, 0 bytes, Stack size unknown bytes, libinit2.o(.ARM.Collect$$libinit$$0000000E))

<P><STRONG><a name="[b1]"></a>__rt_lib_shutdown</STRONG> (Thumb, 0 bytes, Stack size unknown bytes, libshutdown.o(.ARM.Collect$$libshutdown$$00000000))
<BR><BR>[Called By]<UL><LI><a href="#[b0]">&gt;&gt;</a>&nbsp;&nbsp;&nbsp;__rt_exit_ls
</UL>

<P><STRONG><a name="[18d]"></a>__rt_lib_shutdown_cpp_1</STRONG> (Thumb, 0 bytes, Stack size unknown bytes, libshutdown2.o(.ARM.Collect$$libshutdown$$00000002))

<P><STRONG><a name="[18e]"></a>__rt_lib_shutdown_fp_trap_1</STRONG> (Thumb, 0 bytes, Stack size unknown bytes, libshutdown2.o(.ARM.Collect$$libshutdown$$00000007))

<P><STRONG><a name="[18f]"></a>__rt_lib_shutdown_heap_1</STRONG> (Thumb, 0 bytes, Stack size unknown bytes, libshutdown2.o(.ARM.Collect$$libshutdown$$0000000F))

<P><STRONG><a name="[190]"></a>__rt_lib_shutdown_return</STRONG> (Thumb, 0 bytes, Stack size unknown bytes, libshutdown2.o(.ARM.Collect$$libshutdown$$00000010))

<P><STRONG><a name="[191]"></a>__rt_lib_shutdown_signal_1</STRONG> (Thumb, 0 bytes, Stack size unknown bytes, libshutdown2.o(.ARM.Collect$$libshutdown$$0000000A))

<P><STRONG><a name="[192]"></a>__rt_lib_shutdown_stdio_1</STRONG> (Thumb, 0 bytes, Stack size unknown bytes, libshutdown2.o(.ARM.Collect$$libshutdown$$00000004))

<P><STRONG><a name="[193]"></a>__rt_lib_shutdown_user_alloc_1</STRONG> (Thumb, 0 bytes, Stack size unknown bytes, libshutdown2.o(.ARM.Collect$$libshutdown$$0000000C))

<P><STRONG><a name="[9b]"></a>__rt_entry</STRONG> (Thumb, 0 bytes, Stack size unknown bytes, __rtentry.o(.ARM.Collect$$rtentry$$00000000))
<BR><BR>[Called By]<UL><LI><a href="#[8b]">&gt;&gt;</a>&nbsp;&nbsp;&nbsp;__main
<LI><a href="#[9c]">&gt;&gt;</a>&nbsp;&nbsp;&nbsp;__scatterload_rt2
</UL>

<P><STRONG><a name="[194]"></a>__rt_entry_presh_1</STRONG> (Thumb, 0 bytes, Stack size unknown bytes, __rtentry2.o(.ARM.Collect$$rtentry$$00000002))

<P><STRONG><a name="[a9]"></a>__rt_entry_sh</STRONG> (Thumb, 0 bytes, Stack size unknown bytes, __rtentry4.o(.ARM.Collect$$rtentry$$00000004))
<BR><BR>[Stack]<UL><LI>Max Depth = 8 + Unknown Stack Size
<LI>Call Chain = __rt_entry_sh &rArr; __user_setup_stackheap
</UL>
<BR>[Calls]<UL><LI><a href="#[aa]">&gt;&gt;</a>&nbsp;&nbsp;&nbsp;__user_setup_stackheap
</UL>

<P><STRONG><a name="[ab]"></a>__rt_entry_li</STRONG> (Thumb, 0 bytes, Stack size unknown bytes, __rtentry2.o(.ARM.Collect$$rtentry$$0000000A))
<BR><BR>[Calls]<UL><LI><a href="#[ac]">&gt;&gt;</a>&nbsp;&nbsp;&nbsp;__rt_lib_init
</UL>

<P><STRONG><a name="[195]"></a>__rt_entry_postsh_1</STRONG> (Thumb, 0 bytes, Stack size unknown bytes, __rtentry2.o(.ARM.Collect$$rtentry$$00000009))

<P><STRONG><a name="[ad]"></a>__rt_entry_main</STRONG> (Thumb, 0 bytes, Stack size unknown bytes, __rtentry2.o(.ARM.Collect$$rtentry$$0000000D))
<BR><BR>[Stack]<UL><LI>Max Depth = 1536 + Unknown Stack Size
<LI>Call Chain = __rt_entry_main &rArr; main &rArr; ota_boot_process_update &rArr; ota_restore_backup_app &rArr; ota_manifest_store_both &rArr; ota_manifest_write &rArr; gd25lq128_read_verify &rArr; HAL_SPI_Receive
</UL>
<BR>[Calls]<UL><LI><a href="#[ae]">&gt;&gt;</a>&nbsp;&nbsp;&nbsp;main
<LI><a href="#[af]">&gt;&gt;</a>&nbsp;&nbsp;&nbsp;exit
</UL>

<P><STRONG><a name="[196]"></a>__rt_entry_postli_1</STRONG> (Thumb, 0 bytes, Stack size unknown bytes, __rtentry2.o(.ARM.Collect$$rtentry$$0000000C))

<P><STRONG><a name="[c8]"></a>__rt_exit</STRONG> (Thumb, 0 bytes, Stack size unknown bytes, rtexit.o(.ARM.Collect$$rtexit$$00000000))
<BR><BR>[Called By]<UL><LI><a href="#[af]">&gt;&gt;</a>&nbsp;&nbsp;&nbsp;exit
</UL>

<P><STRONG><a name="[b0]"></a>__rt_exit_ls</STRONG> (Thumb, 0 bytes, Stack size unknown bytes, rtexit2.o(.ARM.Collect$$rtexit$$00000003))
<BR><BR>[Calls]<UL><LI><a href="#[b1]">&gt;&gt;</a>&nbsp;&nbsp;&nbsp;__rt_lib_shutdown
</UL>

<P><STRONG><a name="[197]"></a>__rt_exit_prels_1</STRONG> (Thumb, 0 bytes, Stack size unknown bytes, rtexit2.o(.ARM.Collect$$rtexit$$00000002))

<P><STRONG><a name="[b2]"></a>__rt_exit_exit</STRONG> (Thumb, 0 bytes, Stack size unknown bytes, rtexit2.o(.ARM.Collect$$rtexit$$00000004))
<BR><BR>[Calls]<UL><LI><a href="#[b3]">&gt;&gt;</a>&nbsp;&nbsp;&nbsp;_sys_exit
</UL>

<P><STRONG><a name="[0]"></a>Reset_Handler</STRONG> (Thumb, 8 bytes, Stack size 0 bytes, startup_stm32h563xx.o(.text))
<BR>[Address Reference Count : 1]<UL><LI> startup_stm32h563xx.o(RESET)
</UL>
<P><STRONG><a name="[6]"></a>SecureFault_Handler</STRONG> (Thumb, 2 bytes, Stack size 0 bytes, startup_stm32h563xx.o(.text))
<BR><BR>[Calls]<UL><LI><a href="#[6]">&gt;&gt;</a>&nbsp;&nbsp;&nbsp;SecureFault_Handler
</UL>
<BR>[Called By]<UL><LI><a href="#[6]">&gt;&gt;</a>&nbsp;&nbsp;&nbsp;SecureFault_Handler
</UL>
<BR>[Address Reference Count : 1]<UL><LI> startup_stm32h563xx.o(RESET)
</UL>
<P><STRONG><a name="[7]"></a>SVC_Handler</STRONG> (Thumb, 2 bytes, Stack size 0 bytes, startup_stm32h563xx.o(.text))
<BR><BR>[Calls]<UL><LI><a href="#[7]">&gt;&gt;</a>&nbsp;&nbsp;&nbsp;SVC_Handler
</UL>
<BR>[Called By]<UL><LI><a href="#[7]">&gt;&gt;</a>&nbsp;&nbsp;&nbsp;SVC_Handler
</UL>
<BR>[Address Reference Count : 1]<UL><LI> startup_stm32h563xx.o(RESET)
</UL>
<P><STRONG><a name="[2f]"></a>ADC1_IRQHandler</STRONG> (Thumb, 0 bytes, Stack size 0 bytes, startup_stm32h563xx.o(.text))
<BR><BR>[Calls]<UL><LI><a href="#[2f]">&gt;&gt;</a>&nbsp;&nbsp;&nbsp;ADC1_IRQHandler
</UL>
<BR>[Called By]<UL><LI><a href="#[2f]">&gt;&gt;</a>&nbsp;&nbsp;&nbsp;ADC1_IRQHandler
</UL>
<BR>[Address Reference Count : 1]<UL><LI> startup_stm32h563xx.o(RESET)
</UL>
<P><STRONG><a name="[4f]"></a>ADC2_IRQHandler</STRONG> (Thumb, 0 bytes, Stack size 0 bytes, startup_stm32h563xx.o(.text))
<BR>[Address Reference Count : 1]<UL><LI> startup_stm32h563xx.o(RESET)
</UL>
<P><STRONG><a name="[7e]"></a>CEC_IRQHandler</STRONG> (Thumb, 0 bytes, Stack size 0 bytes, startup_stm32h563xx.o(.text))
<BR>[Address Reference Count : 1]<UL><LI> startup_stm32h563xx.o(RESET)
</UL>
<P><STRONG><a name="[79]"></a>CORDIC_IRQHandler</STRONG> (Thumb, 0 bytes, Stack size 0 bytes, startup_stm32h563xx.o(.text))
<BR>[Address Reference Count : 1]<UL><LI> startup_stm32h563xx.o(RESET)
</UL>
<P><STRONG><a name="[55]"></a>CRS_IRQHandler</STRONG> (Thumb, 0 bytes, Stack size 0 bytes, startup_stm32h563xx.o(.text))
<BR>[Address Reference Count : 1]<UL><LI> startup_stm32h563xx.o(RESET)
</UL>
<P><STRONG><a name="[30]"></a>DAC1_IRQHandler</STRONG> (Thumb, 0 bytes, Stack size 0 bytes, startup_stm32h563xx.o(.text))
<BR>[Address Reference Count : 1]<UL><LI> startup_stm32h563xx.o(RESET)
</UL>
<P><STRONG><a name="[73]"></a>DCACHE1_IRQHandler</STRONG> (Thumb, 0 bytes, Stack size 0 bytes, startup_stm32h563xx.o(.text))
<BR>[Address Reference Count : 1]<UL><LI> startup_stm32h563xx.o(RESET)
</UL>
<P><STRONG><a name="[76]"></a>DCMI_PSSI_IRQHandler</STRONG> (Thumb, 0 bytes, Stack size 0 bytes, startup_stm32h563xx.o(.text))
<BR>[Address Reference Count : 1]<UL><LI> startup_stm32h563xx.o(RESET)
</UL>
<P><STRONG><a name="[7b]"></a>DTS_IRQHandler</STRONG> (Thumb, 0 bytes, Stack size 0 bytes, startup_stm32h563xx.o(.text))
<BR>[Address Reference Count : 1]<UL><LI> startup_stm32h563xx.o(RESET)
</UL>
<P><STRONG><a name="[74]"></a>ETH_IRQHandler</STRONG> (Thumb, 0 bytes, Stack size 0 bytes, startup_stm32h563xx.o(.text))
<BR>[Address Reference Count : 1]<UL><LI> startup_stm32h563xx.o(RESET)
</UL>
<P><STRONG><a name="[75]"></a>ETH_WKUP_IRQHandler</STRONG> (Thumb, 0 bytes, Stack size 0 bytes, startup_stm32h563xx.o(.text))
<BR>[Address Reference Count : 1]<UL><LI> startup_stm32h563xx.o(RESET)
</UL>
<P><STRONG><a name="[16]"></a>EXTI0_IRQHandler</STRONG> (Thumb, 0 bytes, Stack size 0 bytes, startup_stm32h563xx.o(.text))
<BR>[Address Reference Count : 1]<UL><LI> startup_stm32h563xx.o(RESET)
</UL>
<P><STRONG><a name="[20]"></a>EXTI10_IRQHandler</STRONG> (Thumb, 0 bytes, Stack size 0 bytes, startup_stm32h563xx.o(.text))
<BR>[Address Reference Count : 1]<UL><LI> startup_stm32h563xx.o(RESET)
</UL>
<P><STRONG><a name="[21]"></a>EXTI11_IRQHandler</STRONG> (Thumb, 0 bytes, Stack size 0 bytes, startup_stm32h563xx.o(.text))
<BR>[Address Reference Count : 1]<UL><LI> startup_stm32h563xx.o(RESET)
</UL>
<P><STRONG><a name="[22]"></a>EXTI12_IRQHandler</STRONG> (Thumb, 0 bytes, Stack size 0 bytes, startup_stm32h563xx.o(.text))
<BR>[Address Reference Count : 1]<UL><LI> startup_stm32h563xx.o(RESET)
</UL>
<P><STRONG><a name="[23]"></a>EXTI13_IRQHandler</STRONG> (Thumb, 0 bytes, Stack size 0 bytes, startup_stm32h563xx.o(.text))
<BR>[Address Reference Count : 1]<UL><LI> startup_stm32h563xx.o(RESET)
</UL>
<P><STRONG><a name="[24]"></a>EXTI14_IRQHandler</STRONG> (Thumb, 0 bytes, Stack size 0 bytes, startup_stm32h563xx.o(.text))
<BR>[Address Reference Count : 1]<UL><LI> startup_stm32h563xx.o(RESET)
</UL>
<P><STRONG><a name="[25]"></a>EXTI15_IRQHandler</STRONG> (Thumb, 0 bytes, Stack size 0 bytes, startup_stm32h563xx.o(.text))
<BR>[Address Reference Count : 1]<UL><LI> startup_stm32h563xx.o(RESET)
</UL>
<P><STRONG><a name="[17]"></a>EXTI1_IRQHandler</STRONG> (Thumb, 0 bytes, Stack size 0 bytes, startup_stm32h563xx.o(.text))
<BR>[Address Reference Count : 1]<UL><LI> startup_stm32h563xx.o(RESET)
</UL>
<P><STRONG><a name="[18]"></a>EXTI2_IRQHandler</STRONG> (Thumb, 0 bytes, Stack size 0 bytes, startup_stm32h563xx.o(.text))
<BR>[Address Reference Count : 1]<UL><LI> startup_stm32h563xx.o(RESET)
</UL>
<P><STRONG><a name="[19]"></a>EXTI3_IRQHandler</STRONG> (Thumb, 0 bytes, Stack size 0 bytes, startup_stm32h563xx.o(.text))
<BR>[Address Reference Count : 1]<UL><LI> startup_stm32h563xx.o(RESET)
</UL>
<P><STRONG><a name="[1a]"></a>EXTI4_IRQHandler</STRONG> (Thumb, 0 bytes, Stack size 0 bytes, startup_stm32h563xx.o(.text))
<BR>[Address Reference Count : 1]<UL><LI> startup_stm32h563xx.o(RESET)
</UL>
<P><STRONG><a name="[1b]"></a>EXTI5_IRQHandler</STRONG> (Thumb, 0 bytes, Stack size 0 bytes, startup_stm32h563xx.o(.text))
<BR>[Address Reference Count : 1]<UL><LI> startup_stm32h563xx.o(RESET)
</UL>
<P><STRONG><a name="[1c]"></a>EXTI6_IRQHandler</STRONG> (Thumb, 0 bytes, Stack size 0 bytes, startup_stm32h563xx.o(.text))
<BR>[Address Reference Count : 1]<UL><LI> startup_stm32h563xx.o(RESET)
</UL>
<P><STRONG><a name="[1d]"></a>EXTI7_IRQHandler</STRONG> (Thumb, 0 bytes, Stack size 0 bytes, startup_stm32h563xx.o(.text))
<BR>[Address Reference Count : 1]<UL><LI> startup_stm32h563xx.o(RESET)
</UL>
<P><STRONG><a name="[1e]"></a>EXTI8_IRQHandler</STRONG> (Thumb, 0 bytes, Stack size 0 bytes, startup_stm32h563xx.o(.text))
<BR>[Address Reference Count : 1]<UL><LI> startup_stm32h563xx.o(RESET)
</UL>
<P><STRONG><a name="[1f]"></a>EXTI9_IRQHandler</STRONG> (Thumb, 0 bytes, Stack size 0 bytes, startup_stm32h563xx.o(.text))
<BR>[Address Reference Count : 1]<UL><LI> startup_stm32h563xx.o(RESET)
</UL>
<P><STRONG><a name="[31]"></a>FDCAN1_IT0_IRQHandler</STRONG> (Thumb, 0 bytes, Stack size 0 bytes, startup_stm32h563xx.o(.text))
<BR>[Address Reference Count : 1]<UL><LI> startup_stm32h563xx.o(RESET)
</UL>
<P><STRONG><a name="[32]"></a>FDCAN1_IT1_IRQHandler</STRONG> (Thumb, 0 bytes, Stack size 0 bytes, startup_stm32h563xx.o(.text))
<BR>[Address Reference Count : 1]<UL><LI> startup_stm32h563xx.o(RESET)
</UL>
<P><STRONG><a name="[77]"></a>FDCAN2_IT0_IRQHandler</STRONG> (Thumb, 0 bytes, Stack size 0 bytes, startup_stm32h563xx.o(.text))
<BR>[Address Reference Count : 1]<UL><LI> startup_stm32h563xx.o(RESET)
</UL>
<P><STRONG><a name="[78]"></a>FDCAN2_IT1_IRQHandler</STRONG> (Thumb, 0 bytes, Stack size 0 bytes, startup_stm32h563xx.o(.text))
<BR>[Address Reference Count : 1]<UL><LI> startup_stm32h563xx.o(RESET)
</UL>
<P><STRONG><a name="[11]"></a>FLASH_IRQHandler</STRONG> (Thumb, 0 bytes, Stack size 0 bytes, startup_stm32h563xx.o(.text))
<BR>[Address Reference Count : 1]<UL><LI> startup_stm32h563xx.o(RESET)
</UL>
<P><STRONG><a name="[12]"></a>FLASH_S_IRQHandler</STRONG> (Thumb, 0 bytes, Stack size 0 bytes, startup_stm32h563xx.o(.text))
<BR>[Address Reference Count : 1]<UL><LI> startup_stm32h563xx.o(RESET)
</UL>
<P><STRONG><a name="[7a]"></a>FMAC_IRQHandler</STRONG> (Thumb, 0 bytes, Stack size 0 bytes, startup_stm32h563xx.o(.text))
<BR>[Address Reference Count : 1]<UL><LI> startup_stm32h563xx.o(RESET)
</UL>
<P><STRONG><a name="[57]"></a>FMC_IRQHandler</STRONG> (Thumb, 0 bytes, Stack size 0 bytes, startup_stm32h563xx.o(.text))
<BR>[Address Reference Count : 1]<UL><LI> startup_stm32h563xx.o(RESET)
</UL>
<P><STRONG><a name="[71]"></a>FPU_IRQHandler</STRONG> (Thumb, 0 bytes, Stack size 0 bytes, startup_stm32h563xx.o(.text))
<BR>[Address Reference Count : 1]<UL><LI> startup_stm32h563xx.o(RESET)
</UL>
<P><STRONG><a name="[27]"></a>GPDMA1_Channel1_IRQHandler</STRONG> (Thumb, 0 bytes, Stack size 0 bytes, startup_stm32h563xx.o(.text))
<BR>[Address Reference Count : 1]<UL><LI> startup_stm32h563xx.o(RESET)
</UL>
<P><STRONG><a name="[28]"></a>GPDMA1_Channel2_IRQHandler</STRONG> (Thumb, 0 bytes, Stack size 0 bytes, startup_stm32h563xx.o(.text))
<BR>[Address Reference Count : 1]<UL><LI> startup_stm32h563xx.o(RESET)
</UL>
<P><STRONG><a name="[29]"></a>GPDMA1_Channel3_IRQHandler</STRONG> (Thumb, 0 bytes, Stack size 0 bytes, startup_stm32h563xx.o(.text))
<BR>[Address Reference Count : 1]<UL><LI> startup_stm32h563xx.o(RESET)
</UL>
<P><STRONG><a name="[2a]"></a>GPDMA1_Channel4_IRQHandler</STRONG> (Thumb, 0 bytes, Stack size 0 bytes, startup_stm32h563xx.o(.text))
<BR>[Address Reference Count : 1]<UL><LI> startup_stm32h563xx.o(RESET)
</UL>
<P><STRONG><a name="[2b]"></a>GPDMA1_Channel5_IRQHandler</STRONG> (Thumb, 0 bytes, Stack size 0 bytes, startup_stm32h563xx.o(.text))
<BR>[Address Reference Count : 1]<UL><LI> startup_stm32h563xx.o(RESET)
</UL>
<P><STRONG><a name="[2c]"></a>GPDMA1_Channel6_IRQHandler</STRONG> (Thumb, 0 bytes, Stack size 0 bytes, startup_stm32h563xx.o(.text))
<BR>[Address Reference Count : 1]<UL><LI> startup_stm32h563xx.o(RESET)
</UL>
<P><STRONG><a name="[2d]"></a>GPDMA1_Channel7_IRQHandler</STRONG> (Thumb, 0 bytes, Stack size 0 bytes, startup_stm32h563xx.o(.text))
<BR>[Address Reference Count : 1]<UL><LI> startup_stm32h563xx.o(RESET)
</UL>
<P><STRONG><a name="[64]"></a>GPDMA2_Channel0_IRQHandler</STRONG> (Thumb, 0 bytes, Stack size 0 bytes, startup_stm32h563xx.o(.text))
<BR>[Address Reference Count : 1]<UL><LI> startup_stm32h563xx.o(RESET)
</UL>
<P><STRONG><a name="[65]"></a>GPDMA2_Channel1_IRQHandler</STRONG> (Thumb, 0 bytes, Stack size 0 bytes, startup_stm32h563xx.o(.text))
<BR>[Address Reference Count : 1]<UL><LI> startup_stm32h563xx.o(RESET)
</UL>
<P><STRONG><a name="[66]"></a>GPDMA2_Channel2_IRQHandler</STRONG> (Thumb, 0 bytes, Stack size 0 bytes, startup_stm32h563xx.o(.text))
<BR>[Address Reference Count : 1]<UL><LI> startup_stm32h563xx.o(RESET)
</UL>
<P><STRONG><a name="[67]"></a>GPDMA2_Channel3_IRQHandler</STRONG> (Thumb, 0 bytes, Stack size 0 bytes, startup_stm32h563xx.o(.text))
<BR>[Address Reference Count : 1]<UL><LI> startup_stm32h563xx.o(RESET)
</UL>
<P><STRONG><a name="[68]"></a>GPDMA2_Channel4_IRQHandler</STRONG> (Thumb, 0 bytes, Stack size 0 bytes, startup_stm32h563xx.o(.text))
<BR>[Address Reference Count : 1]<UL><LI> startup_stm32h563xx.o(RESET)
</UL>
<P><STRONG><a name="[69]"></a>GPDMA2_Channel5_IRQHandler</STRONG> (Thumb, 0 bytes, Stack size 0 bytes, startup_stm32h563xx.o(.text))
<BR>[Address Reference Count : 1]<UL><LI> startup_stm32h563xx.o(RESET)
</UL>
<P><STRONG><a name="[6a]"></a>GPDMA2_Channel6_IRQHandler</STRONG> (Thumb, 0 bytes, Stack size 0 bytes, startup_stm32h563xx.o(.text))
<BR>[Address Reference Count : 1]<UL><LI> startup_stm32h563xx.o(RESET)
</UL>
<P><STRONG><a name="[6b]"></a>GPDMA2_Channel7_IRQHandler</STRONG> (Thumb, 0 bytes, Stack size 0 bytes, startup_stm32h563xx.o(.text))
<BR>[Address Reference Count : 1]<UL><LI> startup_stm32h563xx.o(RESET)
</UL>
<P><STRONG><a name="[13]"></a>GTZC_IRQHandler</STRONG> (Thumb, 0 bytes, Stack size 0 bytes, startup_stm32h563xx.o(.text))
<BR>[Address Reference Count : 1]<UL><LI> startup_stm32h563xx.o(RESET)
</UL>
<P><STRONG><a name="[7d]"></a>HASH_IRQHandler</STRONG> (Thumb, 0 bytes, Stack size 0 bytes, startup_stm32h563xx.o(.text))
<BR>[Address Reference Count : 1]<UL><LI> startup_stm32h563xx.o(RESET)
</UL>
<P><STRONG><a name="[3e]"></a>I2C1_ER_IRQHandler</STRONG> (Thumb, 0 bytes, Stack size 0 bytes, startup_stm32h563xx.o(.text))
<BR>[Address Reference Count : 1]<UL><LI> startup_stm32h563xx.o(RESET)
</UL>
<P><STRONG><a name="[3d]"></a>I2C1_EV_IRQHandler</STRONG> (Thumb, 0 bytes, Stack size 0 bytes, startup_stm32h563xx.o(.text))
<BR>[Address Reference Count : 1]<UL><LI> startup_stm32h563xx.o(RESET)
</UL>
<P><STRONG><a name="[40]"></a>I2C2_ER_IRQHandler</STRONG> (Thumb, 0 bytes, Stack size 0 bytes, startup_stm32h563xx.o(.text))
<BR>[Address Reference Count : 1]<UL><LI> startup_stm32h563xx.o(RESET)
</UL>
<P><STRONG><a name="[3f]"></a>I2C2_EV_IRQHandler</STRONG> (Thumb, 0 bytes, Stack size 0 bytes, startup_stm32h563xx.o(.text))
<BR>[Address Reference Count : 1]<UL><LI> startup_stm32h563xx.o(RESET)
</UL>
<P><STRONG><a name="[5b]"></a>I2C3_ER_IRQHandler</STRONG> (Thumb, 0 bytes, Stack size 0 bytes, startup_stm32h563xx.o(.text))
<BR>[Address Reference Count : 1]<UL><LI> startup_stm32h563xx.o(RESET)
</UL>
<P><STRONG><a name="[5a]"></a>I2C3_EV_IRQHandler</STRONG> (Thumb, 0 bytes, Stack size 0 bytes, startup_stm32h563xx.o(.text))
<BR>[Address Reference Count : 1]<UL><LI> startup_stm32h563xx.o(RESET)
</UL>
<P><STRONG><a name="[85]"></a>I2C4_ER_IRQHandler</STRONG> (Thumb, 0 bytes, Stack size 0 bytes, startup_stm32h563xx.o(.text))
<BR>[Address Reference Count : 1]<UL><LI> startup_stm32h563xx.o(RESET)
</UL>
<P><STRONG><a name="[84]"></a>I2C4_EV_IRQHandler</STRONG> (Thumb, 0 bytes, Stack size 0 bytes, startup_stm32h563xx.o(.text))
<BR>[Address Reference Count : 1]<UL><LI> startup_stm32h563xx.o(RESET)
</UL>
<P><STRONG><a name="[83]"></a>I3C1_ER_IRQHandler</STRONG> (Thumb, 0 bytes, Stack size 0 bytes, startup_stm32h563xx.o(.text))
<BR>[Address Reference Count : 1]<UL><LI> startup_stm32h563xx.o(RESET)
</UL>
<P><STRONG><a name="[82]"></a>I3C1_EV_IRQHandler</STRONG> (Thumb, 0 bytes, Stack size 0 bytes, startup_stm32h563xx.o(.text))
<BR>[Address Reference Count : 1]<UL><LI> startup_stm32h563xx.o(RESET)
</UL>
<P><STRONG><a name="[72]"></a>ICACHE_IRQHandler</STRONG> (Thumb, 0 bytes, Stack size 0 bytes, startup_stm32h563xx.o(.text))
<BR>[Address Reference Count : 1]<UL><LI> startup_stm32h563xx.o(RESET)
</UL>
<P><STRONG><a name="[2e]"></a>IWDG_IRQHandler</STRONG> (Thumb, 0 bytes, Stack size 0 bytes, startup_stm32h563xx.o(.text))
<BR>[Address Reference Count : 1]<UL><LI> startup_stm32h563xx.o(RESET)
</UL>
<P><STRONG><a name="[4a]"></a>LPTIM1_IRQHandler</STRONG> (Thumb, 0 bytes, Stack size 0 bytes, startup_stm32h563xx.o(.text))
<BR>[Address Reference Count : 1]<UL><LI> startup_stm32h563xx.o(RESET)
</UL>
<P><STRONG><a name="[50]"></a>LPTIM2_IRQHandler</STRONG> (Thumb, 0 bytes, Stack size 0 bytes, startup_stm32h563xx.o(.text))
<BR>[Address Reference Count : 1]<UL><LI> startup_stm32h563xx.o(RESET)
</UL>
<P><STRONG><a name="[86]"></a>LPTIM3_IRQHandler</STRONG> (Thumb, 0 bytes, Stack size 0 bytes, startup_stm32h563xx.o(.text))
<BR>[Address Reference Count : 1]<UL><LI> startup_stm32h563xx.o(RESET)
</UL>
<P><STRONG><a name="[87]"></a>LPTIM4_IRQHandler</STRONG> (Thumb, 0 bytes, Stack size 0 bytes, startup_stm32h563xx.o(.text))
<BR>[Address Reference Count : 1]<UL><LI> startup_stm32h563xx.o(RESET)
</UL>
<P><STRONG><a name="[88]"></a>LPTIM5_IRQHandler</STRONG> (Thumb, 0 bytes, Stack size 0 bytes, startup_stm32h563xx.o(.text))
<BR>[Address Reference Count : 1]<UL><LI> startup_stm32h563xx.o(RESET)
</UL>
<P><STRONG><a name="[89]"></a>LPTIM6_IRQHandler</STRONG> (Thumb, 0 bytes, Stack size 0 bytes, startup_stm32h563xx.o(.text))
<BR>[Address Reference Count : 1]<UL><LI> startup_stm32h563xx.o(RESET)
</UL>
<P><STRONG><a name="[49]"></a>LPUART1_IRQHandler</STRONG> (Thumb, 0 bytes, Stack size 0 bytes, startup_stm32h563xx.o(.text))
<BR>[Address Reference Count : 1]<UL><LI> startup_stm32h563xx.o(RESET)
</UL>
<P><STRONG><a name="[58]"></a>OCTOSPI1_IRQHandler</STRONG> (Thumb, 0 bytes, Stack size 0 bytes, startup_stm32h563xx.o(.text))
<BR>[Address Reference Count : 1]<UL><LI> startup_stm32h563xx.o(RESET)
</UL>
<P><STRONG><a name="[c]"></a>PVD_AVD_IRQHandler</STRONG> (Thumb, 0 bytes, Stack size 0 bytes, startup_stm32h563xx.o(.text))
<BR>[Address Reference Count : 1]<UL><LI> startup_stm32h563xx.o(RESET)
</UL>
<P><STRONG><a name="[10]"></a>RAMCFG_IRQHandler</STRONG> (Thumb, 0 bytes, Stack size 0 bytes, startup_stm32h563xx.o(.text))
<BR>[Address Reference Count : 1]<UL><LI> startup_stm32h563xx.o(RESET)
</UL>
<P><STRONG><a name="[14]"></a>RCC_IRQHandler</STRONG> (Thumb, 0 bytes, Stack size 0 bytes, startup_stm32h563xx.o(.text))
<BR>[Address Reference Count : 1]<UL><LI> startup_stm32h563xx.o(RESET)
</UL>
<P><STRONG><a name="[15]"></a>RCC_S_IRQHandler</STRONG> (Thumb, 0 bytes, Stack size 0 bytes, startup_stm32h563xx.o(.text))
<BR>[Address Reference Count : 1]<UL><LI> startup_stm32h563xx.o(RESET)
</UL>
<P><STRONG><a name="[7c]"></a>RNG_IRQHandler</STRONG> (Thumb, 0 bytes, Stack size 0 bytes, startup_stm32h563xx.o(.text))
<BR>[Address Reference Count : 1]<UL><LI> startup_stm32h563xx.o(RESET)
</UL>
<P><STRONG><a name="[d]"></a>RTC_IRQHandler</STRONG> (Thumb, 0 bytes, Stack size 0 bytes, startup_stm32h563xx.o(.text))
<BR>[Address Reference Count : 1]<UL><LI> startup_stm32h563xx.o(RESET)
</UL>
<P><STRONG><a name="[e]"></a>RTC_S_IRQHandler</STRONG> (Thumb, 0 bytes, Stack size 0 bytes, startup_stm32h563xx.o(.text))
<BR>[Address Reference Count : 1]<UL><LI> startup_stm32h563xx.o(RESET)
</UL>
<P><STRONG><a name="[62]"></a>SAI1_IRQHandler</STRONG> (Thumb, 0 bytes, Stack size 0 bytes, startup_stm32h563xx.o(.text))
<BR>[Address Reference Count : 1]<UL><LI> startup_stm32h563xx.o(RESET)
</UL>
<P><STRONG><a name="[63]"></a>SAI2_IRQHandler</STRONG> (Thumb, 0 bytes, Stack size 0 bytes, startup_stm32h563xx.o(.text))
<BR>[Address Reference Count : 1]<UL><LI> startup_stm32h563xx.o(RESET)
</UL>
<P><STRONG><a name="[59]"></a>SDMMC1_IRQHandler</STRONG> (Thumb, 0 bytes, Stack size 0 bytes, startup_stm32h563xx.o(.text))
<BR>[Address Reference Count : 1]<UL><LI> startup_stm32h563xx.o(RESET)
</UL>
<P><STRONG><a name="[70]"></a>SDMMC2_IRQHandler</STRONG> (Thumb, 0 bytes, Stack size 0 bytes, startup_stm32h563xx.o(.text))
<BR>[Address Reference Count : 1]<UL><LI> startup_stm32h563xx.o(RESET)
</UL>
<P><STRONG><a name="[41]"></a>SPI1_IRQHandler</STRONG> (Thumb, 0 bytes, Stack size 0 bytes, startup_stm32h563xx.o(.text))
<BR>[Address Reference Count : 1]<UL><LI> startup_stm32h563xx.o(RESET)
</UL>
<P><STRONG><a name="[42]"></a>SPI2_IRQHandler</STRONG> (Thumb, 0 bytes, Stack size 0 bytes, startup_stm32h563xx.o(.text))
<BR>[Address Reference Count : 1]<UL><LI> startup_stm32h563xx.o(RESET)
</UL>
<P><STRONG><a name="[43]"></a>SPI3_IRQHandler</STRONG> (Thumb, 0 bytes, Stack size 0 bytes, startup_stm32h563xx.o(.text))
<BR>[Address Reference Count : 1]<UL><LI> startup_stm32h563xx.o(RESET)
</UL>
<P><STRONG><a name="[5c]"></a>SPI4_IRQHandler</STRONG> (Thumb, 0 bytes, Stack size 0 bytes, startup_stm32h563xx.o(.text))
<BR>[Address Reference Count : 1]<UL><LI> startup_stm32h563xx.o(RESET)
</UL>
<P><STRONG><a name="[5d]"></a>SPI5_IRQHandler</STRONG> (Thumb, 0 bytes, Stack size 0 bytes, startup_stm32h563xx.o(.text))
<BR>[Address Reference Count : 1]<UL><LI> startup_stm32h563xx.o(RESET)
</UL>
<P><STRONG><a name="[5e]"></a>SPI6_IRQHandler</STRONG> (Thumb, 0 bytes, Stack size 0 bytes, startup_stm32h563xx.o(.text))
<BR>[Address Reference Count : 1]<UL><LI> startup_stm32h563xx.o(RESET)
</UL>
<P><STRONG><a name="[f]"></a>TAMP_IRQHandler</STRONG> (Thumb, 0 bytes, Stack size 0 bytes, startup_stm32h563xx.o(.text))
<BR>[Address Reference Count : 1]<UL><LI> startup_stm32h563xx.o(RESET)
</UL>
<P><STRONG><a name="[7f]"></a>TIM12_IRQHandler</STRONG> (Thumb, 0 bytes, Stack size 0 bytes, startup_stm32h563xx.o(.text))
<BR>[Address Reference Count : 1]<UL><LI> startup_stm32h563xx.o(RESET)
</UL>
<P><STRONG><a name="[80]"></a>TIM13_IRQHandler</STRONG> (Thumb, 0 bytes, Stack size 0 bytes, startup_stm32h563xx.o(.text))
<BR>[Address Reference Count : 1]<UL><LI> startup_stm32h563xx.o(RESET)
</UL>
<P><STRONG><a name="[81]"></a>TIM14_IRQHandler</STRONG> (Thumb, 0 bytes, Stack size 0 bytes, startup_stm32h563xx.o(.text))
<BR>[Address Reference Count : 1]<UL><LI> startup_stm32h563xx.o(RESET)
</UL>
<P><STRONG><a name="[51]"></a>TIM15_IRQHandler</STRONG> (Thumb, 0 bytes, Stack size 0 bytes, startup_stm32h563xx.o(.text))
<BR>[Address Reference Count : 1]<UL><LI> startup_stm32h563xx.o(RESET)
</UL>
<P><STRONG><a name="[52]"></a>TIM16_IRQHandler</STRONG> (Thumb, 0 bytes, Stack size 0 bytes, startup_stm32h563xx.o(.text))
<BR>[Address Reference Count : 1]<UL><LI> startup_stm32h563xx.o(RESET)
</UL>
<P><STRONG><a name="[33]"></a>TIM1_BRK_IRQHandler</STRONG> (Thumb, 0 bytes, Stack size 0 bytes, startup_stm32h563xx.o(.text))
<BR>[Address Reference Count : 1]<UL><LI> startup_stm32h563xx.o(RESET)
</UL>
<P><STRONG><a name="[36]"></a>TIM1_CC_IRQHandler</STRONG> (Thumb, 0 bytes, Stack size 0 bytes, startup_stm32h563xx.o(.text))
<BR>[Address Reference Count : 1]<UL><LI> startup_stm32h563xx.o(RESET)
</UL>
<P><STRONG><a name="[35]"></a>TIM1_TRG_COM_IRQHandler</STRONG> (Thumb, 0 bytes, Stack size 0 bytes, startup_stm32h563xx.o(.text))
<BR>[Address Reference Count : 1]<UL><LI> startup_stm32h563xx.o(RESET)
</UL>
<P><STRONG><a name="[34]"></a>TIM1_UP_IRQHandler</STRONG> (Thumb, 0 bytes, Stack size 0 bytes, startup_stm32h563xx.o(.text))
<BR>[Address Reference Count : 1]<UL><LI> startup_stm32h563xx.o(RESET)
</UL>
<P><STRONG><a name="[37]"></a>TIM2_IRQHandler</STRONG> (Thumb, 0 bytes, Stack size 0 bytes, startup_stm32h563xx.o(.text))
<BR>[Address Reference Count : 1]<UL><LI> startup_stm32h563xx.o(RESET)
</UL>
<P><STRONG><a name="[38]"></a>TIM3_IRQHandler</STRONG> (Thumb, 0 bytes, Stack size 0 bytes, startup_stm32h563xx.o(.text))
<BR>[Address Reference Count : 1]<UL><LI> startup_stm32h563xx.o(RESET)
</UL>
<P><STRONG><a name="[39]"></a>TIM4_IRQHandler</STRONG> (Thumb, 0 bytes, Stack size 0 bytes, startup_stm32h563xx.o(.text))
<BR>[Address Reference Count : 1]<UL><LI> startup_stm32h563xx.o(RESET)
</UL>
<P><STRONG><a name="[3a]"></a>TIM5_IRQHandler</STRONG> (Thumb, 0 bytes, Stack size 0 bytes, startup_stm32h563xx.o(.text))
<BR>[Address Reference Count : 1]<UL><LI> startup_stm32h563xx.o(RESET)
</UL>
<P><STRONG><a name="[3b]"></a>TIM6_IRQHandler</STRONG> (Thumb, 0 bytes, Stack size 0 bytes, startup_stm32h563xx.o(.text))
<BR>[Address Reference Count : 1]<UL><LI> startup_stm32h563xx.o(RESET)
</UL>
<P><STRONG><a name="[3c]"></a>TIM7_IRQHandler</STRONG> (Thumb, 0 bytes, Stack size 0 bytes, startup_stm32h563xx.o(.text))
<BR>[Address Reference Count : 1]<UL><LI> startup_stm32h563xx.o(RESET)
</UL>
<P><STRONG><a name="[4b]"></a>TIM8_BRK_IRQHandler</STRONG> (Thumb, 0 bytes, Stack size 0 bytes, startup_stm32h563xx.o(.text))
<BR>[Address Reference Count : 1]<UL><LI> startup_stm32h563xx.o(RESET)
</UL>
<P><STRONG><a name="[4e]"></a>TIM8_CC_IRQHandler</STRONG> (Thumb, 0 bytes, Stack size 0 bytes, startup_stm32h563xx.o(.text))
<BR>[Address Reference Count : 1]<UL><LI> startup_stm32h563xx.o(RESET)
</UL>
<P><STRONG><a name="[4d]"></a>TIM8_TRG_COM_IRQHandler</STRONG> (Thumb, 0 bytes, Stack size 0 bytes, startup_stm32h563xx.o(.text))
<BR>[Address Reference Count : 1]<UL><LI> startup_stm32h563xx.o(RESET)
</UL>
<P><STRONG><a name="[4c]"></a>TIM8_UP_IRQHandler</STRONG> (Thumb, 0 bytes, Stack size 0 bytes, startup_stm32h563xx.o(.text))
<BR>[Address Reference Count : 1]<UL><LI> startup_stm32h563xx.o(RESET)
</UL>
<P><STRONG><a name="[6f]"></a>UART12_IRQHandler</STRONG> (Thumb, 0 bytes, Stack size 0 bytes, startup_stm32h563xx.o(.text))
<BR>[Address Reference Count : 1]<UL><LI> startup_stm32h563xx.o(RESET)
</UL>
<P><STRONG><a name="[47]"></a>UART4_IRQHandler</STRONG> (Thumb, 0 bytes, Stack size 0 bytes, startup_stm32h563xx.o(.text))
<BR>[Address Reference Count : 1]<UL><LI> startup_stm32h563xx.o(RESET)
</UL>
<P><STRONG><a name="[48]"></a>UART5_IRQHandler</STRONG> (Thumb, 0 bytes, Stack size 0 bytes, startup_stm32h563xx.o(.text))
<BR>[Address Reference Count : 1]<UL><LI> startup_stm32h563xx.o(RESET)
</UL>
<P><STRONG><a name="[6c]"></a>UART7_IRQHandler</STRONG> (Thumb, 0 bytes, Stack size 0 bytes, startup_stm32h563xx.o(.text))
<BR>[Address Reference Count : 1]<UL><LI> startup_stm32h563xx.o(RESET)
</UL>
<P><STRONG><a name="[6d]"></a>UART8_IRQHandler</STRONG> (Thumb, 0 bytes, Stack size 0 bytes, startup_stm32h563xx.o(.text))
<BR>[Address Reference Count : 1]<UL><LI> startup_stm32h563xx.o(RESET)
</UL>
<P><STRONG><a name="[6e]"></a>UART9_IRQHandler</STRONG> (Thumb, 0 bytes, Stack size 0 bytes, startup_stm32h563xx.o(.text))
<BR>[Address Reference Count : 1]<UL><LI> startup_stm32h563xx.o(RESET)
</UL>
<P><STRONG><a name="[56]"></a>UCPD1_IRQHandler</STRONG> (Thumb, 0 bytes, Stack size 0 bytes, startup_stm32h563xx.o(.text))
<BR>[Address Reference Count : 1]<UL><LI> startup_stm32h563xx.o(RESET)
</UL>
<P><STRONG><a name="[60]"></a>USART10_IRQHandler</STRONG> (Thumb, 0 bytes, Stack size 0 bytes, startup_stm32h563xx.o(.text))
<BR>[Address Reference Count : 1]<UL><LI> startup_stm32h563xx.o(RESET)
</UL>
<P><STRONG><a name="[61]"></a>USART11_IRQHandler</STRONG> (Thumb, 0 bytes, Stack size 0 bytes, startup_stm32h563xx.o(.text))
<BR>[Address Reference Count : 1]<UL><LI> startup_stm32h563xx.o(RESET)
</UL>
<P><STRONG><a name="[46]"></a>USART3_IRQHandler</STRONG> (Thumb, 0 bytes, Stack size 0 bytes, startup_stm32h563xx.o(.text))
<BR>[Address Reference Count : 1]<UL><LI> startup_stm32h563xx.o(RESET)
</UL>
<P><STRONG><a name="[5f]"></a>USART6_IRQHandler</STRONG> (Thumb, 0 bytes, Stack size 0 bytes, startup_stm32h563xx.o(.text))
<BR>[Address Reference Count : 1]<UL><LI> startup_stm32h563xx.o(RESET)
</UL>
<P><STRONG><a name="[b]"></a>WWDG_IRQHandler</STRONG> (Thumb, 0 bytes, Stack size 0 bytes, startup_stm32h563xx.o(.text))
<BR>[Address Reference Count : 1]<UL><LI> startup_stm32h563xx.o(RESET)
</UL>
<P><STRONG><a name="[c7]"></a>__user_initial_stackheap</STRONG> (Thumb, 10 bytes, Stack size 0 bytes, startup_stm32h563xx.o(.text))
<BR><BR>[Called By]<UL><LI><a href="#[aa]">&gt;&gt;</a>&nbsp;&nbsp;&nbsp;__user_setup_stackheap
</UL>

<P><STRONG><a name="[198]"></a>_tx_initialize_low_level</STRONG> (Thumb, 0 bytes, Stack size unknown bytes, tx_initialize_low_level.o(.text), UNUSED)

<P><STRONG><a name="[b4]"></a>__tx_BadHandler</STRONG> (Thumb, 0 bytes, Stack size unknown bytes, tx_initialize_low_level.o(.text), UNUSED)
<BR><BR>[Calls]<UL><LI><a href="#[b4]">&gt;&gt;</a>&nbsp;&nbsp;&nbsp;__tx_BadHandler
</UL>
<BR>[Called By]<UL><LI><a href="#[b4]">&gt;&gt;</a>&nbsp;&nbsp;&nbsp;__tx_BadHandler
</UL>

<P><STRONG><a name="[199]"></a>__tx_IntHandler</STRONG> (Thumb, 0 bytes, Stack size unknown bytes, tx_initialize_low_level.o(.text), UNUSED)

<P><STRONG><a name="[a]"></a>SysTick_Handler</STRONG> (Thumb, 0 bytes, Stack size unknown bytes, tx_initialize_low_level.o(.text))
<BR><BR>[Stack]<UL><LI>Max Depth = 24 + Unknown Stack Size
<LI>Call Chain = SysTick_Handler &rArr; _tx_timer_interrupt &rArr; _tx_timer_expiration_process &rArr; _tx_thread_system_resume
</UL>
<BR>[Calls]<UL><LI><a href="#[b5]">&gt;&gt;</a>&nbsp;&nbsp;&nbsp;_tx_timer_interrupt
</UL>
<BR>[Address Reference Count : 1]<UL><LI> startup_stm32h563xx.o(RESET)
</UL>
<P><STRONG><a name="[b6]"></a>__tx_NMIHandler</STRONG> (Thumb, 0 bytes, Stack size unknown bytes, tx_initialize_low_level.o(.text), UNUSED)
<BR><BR>[Calls]<UL><LI><a href="#[b6]">&gt;&gt;</a>&nbsp;&nbsp;&nbsp;__tx_NMIHandler
</UL>
<BR>[Called By]<UL><LI><a href="#[b6]">&gt;&gt;</a>&nbsp;&nbsp;&nbsp;__tx_NMIHandler
</UL>

<P><STRONG><a name="[b7]"></a>__tx_DBGHandler</STRONG> (Thumb, 0 bytes, Stack size unknown bytes, tx_initialize_low_level.o(.text), UNUSED)
<BR><BR>[Calls]<UL><LI><a href="#[b7]">&gt;&gt;</a>&nbsp;&nbsp;&nbsp;__tx_DBGHandler
</UL>
<BR>[Called By]<UL><LI><a href="#[b7]">&gt;&gt;</a>&nbsp;&nbsp;&nbsp;__tx_DBGHandler
</UL>

<P><STRONG><a name="[19a]"></a>_tx_thread_schedule</STRONG> (Thumb, 0 bytes, Stack size unknown bytes, tx_thread_schedule.o(.text), UNUSED)

<P><STRONG><a name="[9]"></a>PendSV_Handler</STRONG> (Thumb, 0 bytes, Stack size unknown bytes, tx_thread_schedule.o(.text))
<BR>[Address Reference Count : 1]<UL><LI> startup_stm32h563xx.o(RESET)
</UL>
<P><STRONG><a name="[19b]"></a>_tx_vfp_access</STRONG> (Thumb, 0 bytes, Stack size unknown bytes, tx_thread_schedule.o(.text), UNUSED)

<P><STRONG><a name="[b5]"></a>_tx_timer_interrupt</STRONG> (Thumb, 0 bytes, Stack size unknown bytes, tx_timer_interrupt.o(.text))
<BR><BR>[Stack]<UL><LI>Max Depth = 24 + Unknown Stack Size
<LI>Call Chain = _tx_timer_interrupt &rArr; _tx_timer_expiration_process &rArr; _tx_thread_system_resume
</UL>
<BR>[Calls]<UL><LI><a href="#[b9]">&gt;&gt;</a>&nbsp;&nbsp;&nbsp;_tx_thread_time_slice
<LI><a href="#[b8]">&gt;&gt;</a>&nbsp;&nbsp;&nbsp;_tx_timer_expiration_process
</UL>
<BR>[Called By]<UL><LI><a href="#[a]">&gt;&gt;</a>&nbsp;&nbsp;&nbsp;SysTick_Handler
</UL>

<P><STRONG><a name="[19c]"></a>__use_no_semihosting</STRONG> (Thumb, 2 bytes, Stack size 0 bytes, use_no_semi_2.o(.text), UNUSED)

<P><STRONG><a name="[bb]"></a>_printf_pre_padding</STRONG> (Thumb, 44 bytes, Stack size 16 bytes, _printf_pad.o(.text))
<BR><BR>[Stack]<UL><LI>Max Depth = 16<LI>Call Chain = _printf_pre_padding
</UL>
<BR>[Called By]<UL><LI><a href="#[bd]">&gt;&gt;</a>&nbsp;&nbsp;&nbsp;_printf_int_common
<LI><a href="#[ba]">&gt;&gt;</a>&nbsp;&nbsp;&nbsp;_printf_str
</UL>

<P><STRONG><a name="[bc]"></a>_printf_post_padding</STRONG> (Thumb, 34 bytes, Stack size 16 bytes, _printf_pad.o(.text))
<BR><BR>[Stack]<UL><LI>Max Depth = 16<LI>Call Chain = _printf_post_padding
</UL>
<BR>[Called By]<UL><LI><a href="#[bd]">&gt;&gt;</a>&nbsp;&nbsp;&nbsp;_printf_int_common
<LI><a href="#[ba]">&gt;&gt;</a>&nbsp;&nbsp;&nbsp;_printf_str
</UL>

<P><STRONG><a name="[ba]"></a>_printf_str</STRONG> (Thumb, 82 bytes, Stack size 16 bytes, _printf_str.o(.text))
<BR><BR>[Stack]<UL><LI>Max Depth = 32<LI>Call Chain = _printf_str &rArr; _printf_post_padding
</UL>
<BR>[Calls]<UL><LI><a href="#[bc]">&gt;&gt;</a>&nbsp;&nbsp;&nbsp;_printf_post_padding
<LI><a href="#[bb]">&gt;&gt;</a>&nbsp;&nbsp;&nbsp;_printf_pre_padding
</UL>
<BR>[Called By]<UL><LI><a href="#[c4]">&gt;&gt;</a>&nbsp;&nbsp;&nbsp;_printf_cs_common
</UL>

<P><STRONG><a name="[9f]"></a>_printf_int_dec</STRONG> (Thumb, 104 bytes, Stack size 24 bytes, _printf_dec.o(.text))
<BR><BR>[Stack]<UL><LI>Max Depth = 72<LI>Call Chain = _printf_int_dec &rArr; _printf_int_common &rArr; _printf_post_padding
</UL>
<BR>[Calls]<UL><LI><a href="#[bd]">&gt;&gt;</a>&nbsp;&nbsp;&nbsp;_printf_int_common
</UL>
<BR>[Called By]<UL><LI><a href="#[a0]">&gt;&gt;</a>&nbsp;&nbsp;&nbsp;_printf_u
<LI><a href="#[9e]">&gt;&gt;</a>&nbsp;&nbsp;&nbsp;_printf_d
</UL>

<P><STRONG><a name="[a4]"></a>_printf_longlong_dec</STRONG> (Thumb, 108 bytes, Stack size 24 bytes, _printf_longlong_dec.o(.text))
<BR><BR>[Stack]<UL><LI>Max Depth = 72<LI>Call Chain = _printf_longlong_dec &rArr; _printf_int_common &rArr; _printf_post_padding
</UL>
<BR>[Calls]<UL><LI><a href="#[bd]">&gt;&gt;</a>&nbsp;&nbsp;&nbsp;_printf_int_common
<LI><a href="#[be]">&gt;&gt;</a>&nbsp;&nbsp;&nbsp;_ll_udiv10
</UL>
<BR>[Called By]<UL><LI><a href="#[a3]">&gt;&gt;</a>&nbsp;&nbsp;&nbsp;_printf_llu
</UL>

<P><STRONG><a name="[a2]"></a>_printf_int_hex</STRONG> (Thumb, 84 bytes, Stack size 16 bytes, _printf_hex_int.o(.text))
<BR><BR>[Stack]<UL><LI>Max Depth = 64<LI>Call Chain = _printf_int_hex &rArr; _printf_int_common &rArr; _printf_post_padding
</UL>
<BR>[Calls]<UL><LI><a href="#[bd]">&gt;&gt;</a>&nbsp;&nbsp;&nbsp;_printf_int_common
</UL>
<BR>[Called By]<UL><LI><a href="#[a1]">&gt;&gt;</a>&nbsp;&nbsp;&nbsp;_printf_x
</UL>

<P><STRONG><a name="[19d]"></a>_printf_longlong_hex</STRONG> (Thumb, 0 bytes, Stack size 16 bytes, _printf_hex_int.o(.text), UNUSED)

<P><STRONG><a name="[157]"></a>memcmp</STRONG> (Thumb, 88 bytes, Stack size 8 bytes, memcmp.o(.text))
<BR><BR>[Stack]<UL><LI>Max Depth = 8<LI>Call Chain = memcmp
</UL>
<BR>[Called By]<UL><LI><a href="#[156]">&gt;&gt;</a>&nbsp;&nbsp;&nbsp;gd25lq128_read_verify
</UL>

<P><STRONG><a name="[165]"></a>__aeabi_memcpy</STRONG> (Thumb, 0 bytes, Stack size 0 bytes, rt_memcpy_v6.o(.text))
<BR><BR>[Called By]<UL><LI><a href="#[166]">&gt;&gt;</a>&nbsp;&nbsp;&nbsp;ota_crc32_internal_flash
<LI><a href="#[16e]">&gt;&gt;</a>&nbsp;&nbsp;&nbsp;ota_flash_verify_app
<LI><a href="#[164]">&gt;&gt;</a>&nbsp;&nbsp;&nbsp;ota_backup_current_app
</UL>

<P><STRONG><a name="[bf]"></a>__rt_memcpy</STRONG> (Thumb, 138 bytes, Stack size 0 bytes, rt_memcpy_v6.o(.text), UNUSED)
<BR><BR>[Calls]<UL><LI><a href="#[c0]">&gt;&gt;</a>&nbsp;&nbsp;&nbsp;__aeabi_memcpy4
</UL>

<P><STRONG><a name="[19e]"></a>_memcpy_lastbytes</STRONG> (Thumb, 0 bytes, Stack size unknown bytes, rt_memcpy_v6.o(.text), UNUSED)

<P><STRONG><a name="[c0]"></a>__aeabi_memcpy4</STRONG> (Thumb, 0 bytes, Stack size 8 bytes, rt_memcpy_w.o(.text))
<BR><BR>[Stack]<UL><LI>Max Depth = 8<LI>Call Chain = __aeabi_memcpy4
</UL>
<BR>[Called By]<UL><LI><a href="#[170]">&gt;&gt;</a>&nbsp;&nbsp;&nbsp;ota_manifest_write
<LI><a href="#[167]">&gt;&gt;</a>&nbsp;&nbsp;&nbsp;ota_manifest_read
<LI><a href="#[163]">&gt;&gt;</a>&nbsp;&nbsp;&nbsp;ota_boot_process_update
<LI><a href="#[bf]">&gt;&gt;</a>&nbsp;&nbsp;&nbsp;__rt_memcpy
</UL>

<P><STRONG><a name="[19f]"></a>__aeabi_memcpy8</STRONG> (Thumb, 0 bytes, Stack size 8 bytes, rt_memcpy_w.o(.text), UNUSED)

<P><STRONG><a name="[1a0]"></a>__rt_memcpy_w</STRONG> (Thumb, 100 bytes, Stack size 8 bytes, rt_memcpy_w.o(.text), UNUSED)

<P><STRONG><a name="[1a1]"></a>_memcpy_lastbytes_aligned</STRONG> (Thumb, 0 bytes, Stack size unknown bytes, rt_memcpy_w.o(.text), UNUSED)

<P><STRONG><a name="[c1]"></a>__aeabi_memset4</STRONG> (Thumb, 16 bytes, Stack size 0 bytes, aeabi_memset4.o(.text))
<BR><BR>[Stack]<UL><LI>Max Depth = 4<LI>Call Chain = __aeabi_memset4 &rArr; _memset_w
</UL>
<BR>[Calls]<UL><LI><a href="#[c2]">&gt;&gt;</a>&nbsp;&nbsp;&nbsp;_memset_w
</UL>
<BR>[Called By]<UL><LI><a href="#[16d]">&gt;&gt;</a>&nbsp;&nbsp;&nbsp;ota_flash_program_app
<LI><a href="#[168]">&gt;&gt;</a>&nbsp;&nbsp;&nbsp;ota_restore_backup_app
</UL>

<P><STRONG><a name="[1a2]"></a>__aeabi_memset8</STRONG> (Thumb, 0 bytes, Stack size 0 bytes, aeabi_memset4.o(.text), UNUSED)

<P><STRONG><a name="[14e]"></a>__aeabi_memclr</STRONG> (Thumb, 0 bytes, Stack size unknown bytes, rt_memclr.o(.text))
<BR><BR>[Called By]<UL><LI><a href="#[13c]">&gt;&gt;</a>&nbsp;&nbsp;&nbsp;_ux_utility_descriptor_parse
</UL>

<P><STRONG><a name="[1a3]"></a>__rt_memclr</STRONG> (Thumb, 0 bytes, Stack size unknown bytes, rt_memclr.o(.text), UNUSED)

<P><STRONG><a name="[c3]"></a>_memset</STRONG> (Thumb, 64 bytes, Stack size 0 bytes, rt_memclr.o(.text), UNUSED)
<BR><BR>[Calls]<UL><LI><a href="#[c2]">&gt;&gt;</a>&nbsp;&nbsp;&nbsp;_memset_w
</UL>

<P><STRONG><a name="[12e]"></a>__aeabi_memclr4</STRONG> (Thumb, 0 bytes, Stack size unknown bytes, rt_memclr_w.o(.text))
<BR><BR>[Called By]<UL><LI><a href="#[12d]">&gt;&gt;</a>&nbsp;&nbsp;&nbsp;MX_SPI1_Init
</UL>

<P><STRONG><a name="[106]"></a>__aeabi_memclr8</STRONG> (Thumb, 0 bytes, Stack size unknown bytes, rt_memclr_w.o(.text))
<BR><BR>[Called By]<UL><LI><a href="#[105]">&gt;&gt;</a>&nbsp;&nbsp;&nbsp;HAL_SPI_MspInit
</UL>

<P><STRONG><a name="[1a4]"></a>__rt_memclr_w</STRONG> (Thumb, 0 bytes, Stack size unknown bytes, rt_memclr_w.o(.text), UNUSED)

<P><STRONG><a name="[c2]"></a>_memset_w</STRONG> (Thumb, 74 bytes, Stack size 4 bytes, rt_memclr_w.o(.text))
<BR><BR>[Stack]<UL><LI>Max Depth = 4<LI>Call Chain = _memset_w
</UL>
<BR>[Called By]<UL><LI><a href="#[c3]">&gt;&gt;</a>&nbsp;&nbsp;&nbsp;_memset
<LI><a href="#[c1]">&gt;&gt;</a>&nbsp;&nbsp;&nbsp;__aeabi_memset4
</UL>

<P><STRONG><a name="[1a5]"></a>__use_two_region_memory</STRONG> (Thumb, 2 bytes, Stack size 0 bytes, heapauxi.o(.text), UNUSED)

<P><STRONG><a name="[1a6]"></a>__rt_heap_escrow</STRONG> (Thumb, 2 bytes, Stack size 0 bytes, heapauxi.o(.text), UNUSED)

<P><STRONG><a name="[1a7]"></a>__rt_heap_expand</STRONG> (Thumb, 2 bytes, Stack size 0 bytes, heapauxi.o(.text), UNUSED)

<P><STRONG><a name="[1a8]"></a>__I$use$semihosting</STRONG> (Thumb, 0 bytes, Stack size 0 bytes, use_no_semi.o(.text), UNUSED)

<P><STRONG><a name="[1a9]"></a>__use_no_semihosting_swi</STRONG> (Thumb, 2 bytes, Stack size 0 bytes, use_no_semi.o(.text), UNUSED)

<P><STRONG><a name="[be]"></a>_ll_udiv10</STRONG> (Thumb, 138 bytes, Stack size 12 bytes, lludiv10.o(.text))
<BR><BR>[Stack]<UL><LI>Max Depth = 12<LI>Call Chain = _ll_udiv10
</UL>
<BR>[Called By]<UL><LI><a href="#[a4]">&gt;&gt;</a>&nbsp;&nbsp;&nbsp;_printf_longlong_dec
</UL>

<P><STRONG><a name="[bd]"></a>_printf_int_common</STRONG> (Thumb, 178 bytes, Stack size 32 bytes, _printf_intcommon.o(.text))
<BR><BR>[Stack]<UL><LI>Max Depth = 48<LI>Call Chain = _printf_int_common &rArr; _printf_post_padding
</UL>
<BR>[Calls]<UL><LI><a href="#[bc]">&gt;&gt;</a>&nbsp;&nbsp;&nbsp;_printf_post_padding
<LI><a href="#[bb]">&gt;&gt;</a>&nbsp;&nbsp;&nbsp;_printf_pre_padding
</UL>
<BR>[Called By]<UL><LI><a href="#[a2]">&gt;&gt;</a>&nbsp;&nbsp;&nbsp;_printf_int_hex
<LI><a href="#[a4]">&gt;&gt;</a>&nbsp;&nbsp;&nbsp;_printf_longlong_dec
<LI><a href="#[9f]">&gt;&gt;</a>&nbsp;&nbsp;&nbsp;_printf_int_dec
</UL>

<P><STRONG><a name="[c4]"></a>_printf_cs_common</STRONG> (Thumb, 20 bytes, Stack size 8 bytes, _printf_char.o(.text))
<BR><BR>[Stack]<UL><LI>Max Depth = 40<LI>Call Chain = _printf_cs_common &rArr; _printf_str &rArr; _printf_post_padding
</UL>
<BR>[Calls]<UL><LI><a href="#[ba]">&gt;&gt;</a>&nbsp;&nbsp;&nbsp;_printf_str
</UL>
<BR>[Called By]<UL><LI><a href="#[a6]">&gt;&gt;</a>&nbsp;&nbsp;&nbsp;_printf_string
<LI><a href="#[c5]">&gt;&gt;</a>&nbsp;&nbsp;&nbsp;_printf_char
</UL>

<P><STRONG><a name="[c5]"></a>_printf_char</STRONG> (Thumb, 16 bytes, Stack size 0 bytes, _printf_char.o(.text), UNUSED)
<BR><BR>[Calls]<UL><LI><a href="#[c4]">&gt;&gt;</a>&nbsp;&nbsp;&nbsp;_printf_cs_common
</UL>

<P><STRONG><a name="[a6]"></a>_printf_string</STRONG> (Thumb, 8 bytes, Stack size 0 bytes, _printf_char.o(.text))
<BR><BR>[Stack]<UL><LI>Max Depth = 40<LI>Call Chain = _printf_string &rArr; _printf_cs_common &rArr; _printf_str &rArr; _printf_post_padding
</UL>
<BR>[Calls]<UL><LI><a href="#[c4]">&gt;&gt;</a>&nbsp;&nbsp;&nbsp;_printf_cs_common
</UL>
<BR>[Called By]<UL><LI><a href="#[a5]">&gt;&gt;</a>&nbsp;&nbsp;&nbsp;_printf_s
</UL>

<P><STRONG><a name="[aa]"></a>__user_setup_stackheap</STRONG> (Thumb, 74 bytes, Stack size 8 bytes, sys_stackheap_outer.o(.text))
<BR><BR>[Stack]<UL><LI>Max Depth = 8<LI>Call Chain = __user_setup_stackheap
</UL>
<BR>[Calls]<UL><LI><a href="#[c7]">&gt;&gt;</a>&nbsp;&nbsp;&nbsp;__user_initial_stackheap
<LI><a href="#[c6]">&gt;&gt;</a>&nbsp;&nbsp;&nbsp;__user_perproc_libspace
</UL>
<BR>[Called By]<UL><LI><a href="#[a9]">&gt;&gt;</a>&nbsp;&nbsp;&nbsp;__rt_entry_sh
</UL>

<P><STRONG><a name="[af]"></a>exit</STRONG> (Thumb, 18 bytes, Stack size 8 bytes, exit.o(.text))
<BR><BR>[Stack]<UL><LI>Max Depth = 8 + Unknown Stack Size
<LI>Call Chain = exit
</UL>
<BR>[Calls]<UL><LI><a href="#[c8]">&gt;&gt;</a>&nbsp;&nbsp;&nbsp;__rt_exit
</UL>
<BR>[Called By]<UL><LI><a href="#[ad]">&gt;&gt;</a>&nbsp;&nbsp;&nbsp;__rt_entry_main
</UL>

<P><STRONG><a name="[1aa]"></a>__user_libspace</STRONG> (Thumb, 8 bytes, Stack size 0 bytes, libspace.o(.text), UNUSED)

<P><STRONG><a name="[c6]"></a>__user_perproc_libspace</STRONG> (Thumb, 0 bytes, Stack size 0 bytes, libspace.o(.text))
<BR><BR>[Called By]<UL><LI><a href="#[aa]">&gt;&gt;</a>&nbsp;&nbsp;&nbsp;__user_setup_stackheap
</UL>

<P><STRONG><a name="[1ab]"></a>__user_perthread_libspace</STRONG> (Thumb, 0 bytes, Stack size 0 bytes, libspace.o(.text), UNUSED)

<P><STRONG><a name="[4]"></a>BusFault_Handler</STRONG> (Thumb, 2 bytes, Stack size 0 bytes, stm32h5xx_it.o(.text.BusFault_Handler))
<BR><BR>[Calls]<UL><LI><a href="#[4]">&gt;&gt;</a>&nbsp;&nbsp;&nbsp;BusFault_Handler
</UL>
<BR>[Called By]<UL><LI><a href="#[4]">&gt;&gt;</a>&nbsp;&nbsp;&nbsp;BusFault_Handler
</UL>
<BR>[Address Reference Count : 1]<UL><LI> startup_stm32h563xx.o(RESET)
</UL>
<P><STRONG><a name="[8]"></a>DebugMon_Handler</STRONG> (Thumb, 2 bytes, Stack size 0 bytes, stm32h5xx_it.o(.text.DebugMon_Handler))
<BR>[Address Reference Count : 1]<UL><LI> startup_stm32h563xx.o(RESET)
</UL>
<P><STRONG><a name="[c9]"></a>Error_Handler</STRONG> (Thumb, 366 bytes, Stack size 8 bytes, main.o(.text.Error_Handler))
<BR><BR>[Stack]<UL><LI>Max Depth = 8<LI>Call Chain = Error_Handler
</UL>
<BR>[Calls]<UL><LI><a href="#[ca]">&gt;&gt;</a>&nbsp;&nbsp;&nbsp;HAL_GPIO_WritePin
</UL>
<BR>[Called By]<UL><LI><a href="#[105]">&gt;&gt;</a>&nbsp;&nbsp;&nbsp;HAL_SPI_MspInit
<LI><a href="#[12d]">&gt;&gt;</a>&nbsp;&nbsp;&nbsp;MX_SPI1_Init
<LI><a href="#[128]">&gt;&gt;</a>&nbsp;&nbsp;&nbsp;MX_DCACHE1_Init
<LI><a href="#[12b]">&gt;&gt;</a>&nbsp;&nbsp;&nbsp;MX_ICACHE_Init
</UL>

<P><STRONG><a name="[cb]"></a>FLASH_WaitForLastOperation</STRONG> (Thumb, 144 bytes, Stack size 16 bytes, stm32h5xx_hal_flash.o(.text.FLASH_WaitForLastOperation))
<BR><BR>[Stack]<UL><LI>Max Depth = 16<LI>Call Chain = FLASH_WaitForLastOperation
</UL>
<BR>[Calls]<UL><LI><a href="#[cc]">&gt;&gt;</a>&nbsp;&nbsp;&nbsp;HAL_GetTick
</UL>
<BR>[Called By]<UL><LI><a href="#[d1]">&gt;&gt;</a>&nbsp;&nbsp;&nbsp;HAL_FLASHEx_Erase
</UL>

<P><STRONG><a name="[26]"></a>GPDMA1_Channel0_IRQHandler</STRONG> (Thumb, 12 bytes, Stack size 0 bytes, stm32h5xx_it.o(.text.GPDMA1_Channel0_IRQHandler))
<BR><BR>[Stack]<UL><LI>Max Depth = 8<LI>Call Chain = GPDMA1_Channel0_IRQHandler &rArr; HAL_DMA_IRQHandler
</UL>
<BR>[Calls]<UL><LI><a href="#[cd]">&gt;&gt;</a>&nbsp;&nbsp;&nbsp;HAL_DMA_IRQHandler
</UL>
<BR>[Address Reference Count : 1]<UL><LI> startup_stm32h563xx.o(RESET)
</UL>
<P><STRONG><a name="[90]"></a>HAL_DCACHE_CleanAndInvalidateByAddrCallback</STRONG> (Thumb, 2 bytes, Stack size 0 bytes, stm32h5xx_hal_dcache.o(.text.HAL_DCACHE_CleanAndInvalidateByAddrCallback))
<BR>[Address Reference Count : 1]<UL><LI> stm32h5xx_hal_dcache.o(.text.HAL_DCACHE_Init)
</UL>
<P><STRONG><a name="[8d]"></a>HAL_DCACHE_CleanByAddrCallback</STRONG> (Thumb, 2 bytes, Stack size 0 bytes, stm32h5xx_hal_dcache.o(.text.HAL_DCACHE_CleanByAddrCallback))
<BR>[Address Reference Count : 1]<UL><LI> stm32h5xx_hal_dcache.o(.text.HAL_DCACHE_Init)
</UL>
<P><STRONG><a name="[8c]"></a>HAL_DCACHE_ErrorCallback</STRONG> (Thumb, 2 bytes, Stack size 0 bytes, stm32h5xx_hal_dcache.o(.text.HAL_DCACHE_ErrorCallback))
<BR>[Address Reference Count : 1]<UL><LI> stm32h5xx_hal_dcache.o(.text.HAL_DCACHE_Init)
</UL>
<P><STRONG><a name="[129]"></a>HAL_DCACHE_Init</STRONG> (Thumb, 134 bytes, Stack size 8 bytes, stm32h5xx_hal_dcache.o(.text.HAL_DCACHE_Init))
<BR><BR>[Stack]<UL><LI>Max Depth = 8<LI>Call Chain = HAL_DCACHE_Init
</UL>
<BR>[Called By]<UL><LI><a href="#[128]">&gt;&gt;</a>&nbsp;&nbsp;&nbsp;MX_DCACHE1_Init
</UL>

<P><STRONG><a name="[ce]"></a>HAL_DCACHE_InvalidateByAddr</STRONG> (Thumb, 138 bytes, Stack size 16 bytes, stm32h5xx_hal_dcache.o(.text.HAL_DCACHE_InvalidateByAddr))
<BR><BR>[Stack]<UL><LI>Max Depth = 16<LI>Call Chain = HAL_DCACHE_InvalidateByAddr
</UL>
<BR>[Calls]<UL><LI><a href="#[cc]">&gt;&gt;</a>&nbsp;&nbsp;&nbsp;HAL_GetTick
</UL>
<BR>[Called By]<UL><LI><a href="#[11f]">&gt;&gt;</a>&nbsp;&nbsp;&nbsp;HAL_UARTEx_RxEventCallback
</UL>

<P><STRONG><a name="[8e]"></a>HAL_DCACHE_InvalidateByAddrCallback</STRONG> (Thumb, 2 bytes, Stack size 0 bytes, stm32h5xx_hal_dcache.o(.text.HAL_DCACHE_InvalidateByAddrCallback))
<BR>[Address Reference Count : 1]<UL><LI> stm32h5xx_hal_dcache.o(.text.HAL_DCACHE_Init)
</UL>
<P><STRONG><a name="[8f]"></a>HAL_DCACHE_InvalidateCompleteCallback</STRONG> (Thumb, 2 bytes, Stack size 0 bytes, stm32h5xx_hal_dcache.o(.text.HAL_DCACHE_InvalidateCompleteCallback))
<BR>[Address Reference Count : 1]<UL><LI> stm32h5xx_hal_dcache.o(.text.HAL_DCACHE_Init)
</UL>
<P><STRONG><a name="[91]"></a>HAL_DCACHE_MspInit</STRONG> (Thumb, 48 bytes, Stack size 4 bytes, dcache.o(.text.HAL_DCACHE_MspInit))
<BR><BR>[Stack]<UL><LI>Max Depth = 4<LI>Call Chain = HAL_DCACHE_MspInit
</UL>
<BR>[Address Reference Count : 1]<UL><LI> stm32h5xx_hal_dcache.o(.text.HAL_DCACHE_Init)
</UL>
<P><STRONG><a name="[134]"></a>HAL_DMAEx_List_Start_IT</STRONG> (Thumb, 216 bytes, Stack size 8 bytes, stm32h5xx_hal_dma_ex.o(.text.HAL_DMAEx_List_Start_IT))
<BR><BR>[Stack]<UL><LI>Max Depth = 8<LI>Call Chain = HAL_DMAEx_List_Start_IT
</UL>
<BR>[Called By]<UL><LI><a href="#[11c]">&gt;&gt;</a>&nbsp;&nbsp;&nbsp;UART_Start_Receive_DMA
</UL>

<P><STRONG><a name="[cf]"></a>HAL_DMA_Abort</STRONG> (Thumb, 168 bytes, Stack size 16 bytes, stm32h5xx_hal_dma.o(.text.HAL_DMA_Abort))
<BR><BR>[Stack]<UL><LI>Max Depth = 16<LI>Call Chain = HAL_DMA_Abort
</UL>
<BR>[Calls]<UL><LI><a href="#[cc]">&gt;&gt;</a>&nbsp;&nbsp;&nbsp;HAL_GetTick
</UL>
<BR>[Called By]<UL><LI><a href="#[122]">&gt;&gt;</a>&nbsp;&nbsp;&nbsp;HAL_UART_IRQHandler
</UL>

<P><STRONG><a name="[126]"></a>HAL_DMA_Abort_IT</STRONG> (Thumb, 40 bytes, Stack size 0 bytes, stm32h5xx_hal_dma.o(.text.HAL_DMA_Abort_IT))
<BR><BR>[Called By]<UL><LI><a href="#[122]">&gt;&gt;</a>&nbsp;&nbsp;&nbsp;HAL_UART_IRQHandler
</UL>

<P><STRONG><a name="[cd]"></a>HAL_DMA_IRQHandler</STRONG> (Thumb, 430 bytes, Stack size 8 bytes, stm32h5xx_hal_dma.o(.text.HAL_DMA_IRQHandler))
<BR><BR>[Stack]<UL><LI>Max Depth = 8<LI>Call Chain = HAL_DMA_IRQHandler
</UL>
<BR>[Called By]<UL><LI><a href="#[26]">&gt;&gt;</a>&nbsp;&nbsp;&nbsp;GPDMA1_Channel0_IRQHandler
</UL>

<P><STRONG><a name="[133]"></a>HAL_DMA_Start_IT</STRONG> (Thumb, 178 bytes, Stack size 8 bytes, stm32h5xx_hal_dma.o(.text.HAL_DMA_Start_IT))
<BR><BR>[Stack]<UL><LI>Max Depth = 8<LI>Call Chain = HAL_DMA_Start_IT
</UL>
[...]
</UL>

<P><STRONG><a name="[161]"></a>ldc_ring_free</STRONG> (Thumb, 36 bytes, Stack size 0 bytes, ldc_ring.o(.text.ldc_ring_free))
<BR><BR>[Called By]<UL><LI><a href="#[120]">&gt;&gt;</a>&nbsp;&nbsp;&nbsp;ldc_write
</UL>

<P><STRONG><a name="[15d]"></a>ldc_ring_used</STRONG> (Thumb, 28 bytes, Stack size 0 bytes, ldc_ring.o(.text.ldc_ring_used))
<BR><BR>[Called By]<UL><LI><a href="#[15b]">&gt;&gt;</a>&nbsp;&nbsp;&nbsp;ldc_drop_oldest_packet
<LI><a href="#[159]">&gt;&gt;</a>&nbsp;&nbsp;&nbsp;ldc_commit_frame_unlocked
<LI><a href="#[120]">&gt;&gt;</a>&nbsp;&nbsp;&nbsp;ldc_write
</UL>

<P><STRONG><a name="[162]"></a>ldc_ring_write</STRONG> (Thumb, 290 bytes, Stack size 28 bytes, ldc_ring.o(.text.ldc_ring_write))
<BR><BR>[Stack]<UL><LI>Max Depth = 28<LI>Call Chain = ldc_ring_write
</UL>
<BR>[Called By]<UL><LI><a href="#[120]">&gt;&gt;</a>&nbsp;&nbsp;&nbsp;ldc_write
</UL>

<P><STRONG><a name="[120]"></a>ldc_write</STRONG> (Thumb, 418 bytes, Stack size 56 bytes, ldc_core.o(.text.ldc_write))
<BR><BR>[Stack]<UL><LI>Max Depth = 112<LI>Call Chain = ldc_write &rArr; ldc_commit_frame_unlocked &rArr; ldc_drop_oldest_packet &rArr; ldc_ring_drop
</UL>
<BR>[Calls]<UL><LI><a href="#[162]">&gt;&gt;</a>&nbsp;&nbsp;&nbsp;ldc_ring_write
<LI><a href="#[15e]">&gt;&gt;</a>&nbsp;&nbsp;&nbsp;ldc_packet_count
<LI><a href="#[15d]">&gt;&gt;</a>&nbsp;&nbsp;&nbsp;ldc_ring_used
<LI><a href="#[160]">&gt;&gt;</a>&nbsp;&nbsp;&nbsp;ldc_ring_drop
<LI><a href="#[15f]">&gt;&gt;</a>&nbsp;&nbsp;&nbsp;ldc_packet_pop
<LI><a href="#[161]">&gt;&gt;</a>&nbsp;&nbsp;&nbsp;ldc_ring_free
<LI><a href="#[159]">&gt;&gt;</a>&nbsp;&nbsp;&nbsp;ldc_commit_frame_unlocked
</UL>
<BR>[Called By]<UL><LI><a href="#[11f]">&gt;&gt;</a>&nbsp;&nbsp;&nbsp;HAL_UARTEx_RxEventCallback
</UL>

<P><STRONG><a name="[ae]"></a>main</STRONG> (Thumb, 4984 bytes, Stack size 24 bytes, main.o(.text.main))
<BR><BR>[Stack]<UL><LI>Max Depth = 1536 + Unknown Stack Size
<LI>Call Chain = main &rArr; ota_boot_process_update &rArr; ota_restore_backup_app &rArr; ota_manifest_store_both &rArr; ota_manifest_write &rArr; gd25lq128_read_verify &rArr; HAL_SPI_Receive
</UL>
<BR>[Calls]<UL><LI><a href="#[163]">&gt;&gt;</a>&nbsp;&nbsp;&nbsp;ota_boot_process_update
<LI><a href="#[155]">&gt;&gt;</a>&nbsp;&nbsp;&nbsp;gd25lq128_read_id
<LI><a href="#[12d]">&gt;&gt;</a>&nbsp;&nbsp;&nbsp;MX_SPI1_Init
<LI><a href="#[128]">&gt;&gt;</a>&nbsp;&nbsp;&nbsp;MX_DCACHE1_Init
<LI><a href="#[12b]">&gt;&gt;</a>&nbsp;&nbsp;&nbsp;MX_ICACHE_Init
<LI><a href="#[12a]">&gt;&gt;</a>&nbsp;&nbsp;&nbsp;MX_GPIO_Init
<LI><a href="#[12f]">&gt;&gt;</a>&nbsp;&nbsp;&nbsp;SystemClock_Config
<LI><a href="#[107]">&gt;&gt;</a>&nbsp;&nbsp;&nbsp;HAL_GPIO_Init
<LI><a href="#[ca]">&gt;&gt;</a>&nbsp;&nbsp;&nbsp;HAL_GPIO_WritePin
<LI><a href="#[d3]">&gt;&gt;</a>&nbsp;&nbsp;&nbsp;HAL_Init
</UL>
<BR>[Called By]<UL><LI><a href="#[ad]">&gt;&gt;</a>&nbsp;&nbsp;&nbsp;__rt_entry_main
</UL>

<P><STRONG><a name="[163]"></a>ota_boot_process_update</STRONG> (Thumb, 524 bytes, Stack size 592 bytes, ota_boot.o(.text.ota_boot_process_update))
<BR><BR>[Stack]<UL><LI>Max Depth = 1512<LI>Call Chain = ota_boot_process_update &rArr; ota_restore_backup_app &rArr; ota_manifest_store_both &rArr; ota_manifest_write &rArr; gd25lq128_read_verify &rArr; HAL_SPI_Receive
</UL>
<BR>[Calls]<UL><LI><a href="#[16f]">&gt;&gt;</a>&nbsp;&nbsp;&nbsp;HAL_FLASH_Lock
<LI><a href="#[16b]">&gt;&gt;</a>&nbsp;&nbsp;&nbsp;HAL_FLASH_Unlock
<LI><a href="#[166]">&gt;&gt;</a>&nbsp;&nbsp;&nbsp;ota_crc32_internal_flash
<LI><a href="#[16e]">&gt;&gt;</a>&nbsp;&nbsp;&nbsp;ota_flash_verify_app
<LI><a href="#[16d]">&gt;&gt;</a>&nbsp;&nbsp;&nbsp;ota_flash_program_app
<LI><a href="#[16c]">&gt;&gt;</a>&nbsp;&nbsp;&nbsp;ota_flash_erase_app
<LI><a href="#[16a]">&gt;&gt;</a>&nbsp;&nbsp;&nbsp;ota_manifest_store_both
<LI><a href="#[164]">&gt;&gt;</a>&nbsp;&nbsp;&nbsp;ota_backup_current_app
<LI><a href="#[169]">&gt;&gt;</a>&nbsp;&nbsp;&nbsp;ota_verify_download_image
<LI><a href="#[168]">&gt;&gt;</a>&nbsp;&nbsp;&nbsp;ota_restore_backup_app
<LI><a href="#[167]">&gt;&gt;</a>&nbsp;&nbsp;&nbsp;ota_manifest_read
<LI><a href="#[c0]">&gt;&gt;</a>&nbsp;&nbsp;&nbsp;__aeabi_memcpy4
</UL>
<BR>[Called By]<UL><LI><a href="#[ae]">&gt;&gt;</a>&nbsp;&nbsp;&nbsp;main
</UL>

<P><STRONG><a name="[a8]"></a>_fp_init</STRONG> (Thumb, 26 bytes, Stack size 0 bytes, fpinit.o(x$fpl$fpinit))
<BR><BR>[Called By]<UL><LI><a href="#[a7]">&gt;&gt;</a>&nbsp;&nbsp;&nbsp;__rt_lib_init_fp_1
</UL>

<P><STRONG><a name="[1ac]"></a>__fplib_config_fpu_vfp</STRONG> (Thumb, 0 bytes, Stack size unknown bytes, fpinit.o(x$fpl$fpinit), UNUSED)

<P><STRONG><a name="[1ad]"></a>__fplib_config_pureend_doubles</STRONG> (Thumb, 0 bytes, Stack size unknown bytes, fpinit.o(x$fpl$fpinit), UNUSED)
<P>
<H3>
Local Symbols
</H3>
<P><STRONG><a name="[150]"></a>gd25_wait_busy</STRONG> (Thumb, 160 bytes, Stack size 40 bytes, gd25lq128.o(.text.gd25_wait_busy))
<BR><BR>[Stack]<UL><LI>Max Depth = 80<LI>Call Chain = gd25_wait_busy &rArr; HAL_SPI_Receive
</UL>
<BR>[Calls]<UL><LI><a href="#[d0]">&gt;&gt;</a>&nbsp;&nbsp;&nbsp;HAL_Delay
<LI><a href="#[108]">&gt;&gt;</a>&nbsp;&nbsp;&nbsp;HAL_SPI_Receive
<LI><a href="#[10a]">&gt;&gt;</a>&nbsp;&nbsp;&nbsp;HAL_SPI_Transmit
<LI><a href="#[ca]">&gt;&gt;</a>&nbsp;&nbsp;&nbsp;HAL_GPIO_WritePin
</UL>
<BR>[Called By]<UL><LI><a href="#[153]">&gt;&gt;</a>&nbsp;&nbsp;&nbsp;gd25lq128_page_program
<LI><a href="#[152]">&gt;&gt;</a>&nbsp;&nbsp;&nbsp;gd25lq128_erase_4k
</UL>

<P><STRONG><a name="[151]"></a>gd25_write_enable</STRONG> (Thumb, 194 bytes, Stack size 24 bytes, gd25lq128.o(.text.gd25_write_enable))
<BR><BR>[Stack]<UL><LI>Max Depth = 64<LI>Call Chain = gd25_write_enable &rArr; HAL_SPI_Receive
</UL>
<BR>[Calls]<UL><LI><a href="#[108]">&gt;&gt;</a>&nbsp;&nbsp;&nbsp;HAL_SPI_Receive
<LI><a href="#[10a]">&gt;&gt;</a>&nbsp;&nbsp;&nbsp;HAL_SPI_Transmit
<LI><a href="#[ca]">&gt;&gt;</a>&nbsp;&nbsp;&nbsp;HAL_GPIO_WritePin
</UL>
<BR>[Called By]<UL><LI><a href="#[153]">&gt;&gt;</a>&nbsp;&nbsp;&nbsp;gd25lq128_page_program
<LI><a href="#[152]">&gt;&gt;</a>&nbsp;&nbsp;&nbsp;gd25lq128_erase_4k
</UL>

<P><STRONG><a name="[167]"></a>ota_manifest_read</STRONG> (Thumb, 278 bytes, Stack size 216 bytes, ota_boot.o(.text.ota_manifest_read))
<BR><BR>[Stack]<UL><LI>Max Depth = 280<LI>Call Chain = ota_manifest_read &rArr; gd25lq128_read &rArr; HAL_SPI_Receive
</UL>
<BR>[Calls]<UL><LI><a href="#[154]">&gt;&gt;</a>&nbsp;&nbsp;&nbsp;gd25lq128_read
<LI><a href="#[c0]">&gt;&gt;</a>&nbsp;&nbsp;&nbsp;__aeabi_memcpy4
</UL>
<BR>[Called By]<UL><LI><a href="#[163]">&gt;&gt;</a>&nbsp;&nbsp;&nbsp;ota_boot_process_update
</UL>

<P><STRONG><a name="[168]"></a>ota_restore_backup_app</STRONG> (Thumb, 1070 bytes, Stack size 352 bytes, ota_boot.o(.text.ota_restore_backup_app))
<BR><BR>[Stack]<UL><LI>Max Depth = 920<LI>Call Chain = ota_restore_backup_app &rArr; ota_manifest_store_both &rArr; ota_manifest_write &rArr; gd25lq128_read_verify &rArr; HAL_SPI_Receive
</UL>
<BR>[Calls]<UL><LI><a href="#[d2]">&gt;&gt;</a>&nbsp;&nbsp;&nbsp;HAL_FLASH_Program
<LI><a href="#[16f]">&gt;&gt;</a>&nbsp;&nbsp;&nbsp;HAL_FLASH_Lock
<LI><a href="#[16b]">&gt;&gt;</a>&nbsp;&nbsp;&nbsp;HAL_FLASH_Unlock
<LI><a href="#[170]">&gt;&gt;</a>&nbsp;&nbsp;&nbsp;ota_manifest_write
<LI><a href="#[166]">&gt;&gt;</a>&nbsp;&nbsp;&nbsp;ota_crc32_internal_flash
<LI><a href="#[16c]">&gt;&gt;</a>&nbsp;&nbsp;&nbsp;ota_flash_erase_app
<LI><a href="#[16a]">&gt;&gt;</a>&nbsp;&nbsp;&nbsp;ota_manifest_store_both
<LI><a href="#[154]">&gt;&gt;</a>&nbsp;&nbsp;&nbsp;gd25lq128_read
<LI><a href="#[c1]">&gt;&gt;</a>&nbsp;&nbsp;&nbsp;__aeabi_memset4
</UL>
<BR>[Called By]<UL><LI><a href="#[163]">&gt;&gt;</a>&nbsp;&nbsp;&nbsp;ota_boot_process_update
</UL>

<P><STRONG><a name="[169]"></a>ota_verify_download_image</STRONG> (Thumb, 408 bytes, Stack size 288 bytes, ota_boot.o(.text.ota_verify_download_image))
<BR><BR>[Stack]<UL><LI>Max Depth = 352<LI>Call Chain = ota_verify_download_image &rArr; gd25lq128_read &rArr; HAL_SPI_Receive
</UL>
<BR>[Calls]<UL><LI><a href="#[154]">&gt;&gt;</a>&nbsp;&nbsp;&nbsp;gd25lq128_read
</UL>
<BR>[Called By]<UL><LI><a href="#[163]">&gt;&gt;</a>&nbsp;&nbsp;&nbsp;ota_boot_process_update
</UL>

<P><STRONG><a name="[164]"></a>ota_backup_current_app</STRONG> (Thumb, 352 bytes, Stack size 288 bytes, ota_boot.o(.text.ota_backup_current_app))
<BR><BR>[Stack]<UL><LI>Max Depth = 584<LI>Call Chain = ota_backup_current_app &rArr; ota_crc32_internal_flash
</UL>
<BR>[Calls]<UL><LI><a href="#[166]">&gt;&gt;</a>&nbsp;&nbsp;&nbsp;ota_crc32_internal_flash
<LI><a href="#[158]">&gt;&gt;</a>&nbsp;&nbsp;&nbsp;gd25lq128_write
<LI><a href="#[152]">&gt;&gt;</a>&nbsp;&nbsp;&nbsp;gd25lq128_erase_4k
<LI><a href="#[165]">&gt;&gt;</a>&nbsp;&nbsp;&nbsp;__aeabi_memcpy
</UL>
<BR>[Called By]<UL><LI><a href="#[163]">&gt;&gt;</a>&nbsp;&nbsp;&nbsp;ota_boot_process_update
</UL>

<P><STRONG><a name="[16a]"></a>ota_manifest_store_both</STRONG> (Thumb, 38 bytes, Stack size 16 bytes, ota_boot.o(.text.ota_manifest_store_both))
<BR><BR>[Stack]<UL><LI>Max Depth = 568<LI>Call Chain = ota_manifest_store_both &rArr; ota_manifest_write &rArr; gd25lq128_read_verify &rArr; HAL_SPI_Receive
</UL>
<BR>[Calls]<UL><LI><a href="#[170]">&gt;&gt;</a>&nbsp;&nbsp;&nbsp;ota_manifest_write
</UL>
<BR>[Called By]<UL><LI><a href="#[168]">&gt;&gt;</a>&nbsp;&nbsp;&nbsp;ota_restore_backup_app
<LI><a href="#[163]">&gt;&gt;</a>&nbsp;&nbsp;&nbsp;ota_boot_process_update
</UL>

<P><STRONG><a name="[16c]"></a>ota_flash_erase_app</STRONG> (Thumb, 252 bytes, Stack size 56 bytes, ota_boot.o(.text.ota_flash_erase_app))
<BR><BR>[Stack]<UL><LI>Max Depth = 112<LI>Call Chain = ota_flash_erase_app &rArr; HAL_FLASHEx_Erase &rArr; FLASH_WaitForLastOperation
</UL>
<BR>[Calls]<UL><LI><a href="#[d1]">&gt;&gt;</a>&nbsp;&nbsp;&nbsp;HAL_FLASHEx_Erase
</UL>
<BR>[Called By]<UL><LI><a href="#[168]">&gt;&gt;</a>&nbsp;&nbsp;&nbsp;ota_restore_backup_app
<LI><a href="#[163]">&gt;&gt;</a>&nbsp;&nbsp;&nbsp;ota_boot_process_update
</UL>

<P><STRONG><a name="[16d]"></a>ota_flash_program_app</STRONG> (Thumb, 564 bytes, Stack size 352 bytes, ota_boot.o(.text.ota_flash_program_app))
<BR><BR>[Stack]<UL><LI>Max Depth = 416<LI>Call Chain = ota_flash_program_app &rArr; gd25lq128_read &rArr; HAL_SPI_Receive
</UL>
<BR>[Calls]<UL><LI><a href="#[d2]">&gt;&gt;</a>&nbsp;&nbsp;&nbsp;HAL_FLASH_Program
<LI><a href="#[154]">&gt;&gt;</a>&nbsp;&nbsp;&nbsp;gd25lq128_read
<LI><a href="#[c1]">&gt;&gt;</a>&nbsp;&nbsp;&nbsp;__aeabi_memset4
</UL>
<BR>[Called By]<UL><LI><a href="#[163]">&gt;&gt;</a>&nbsp;&nbsp;&nbsp;ota_boot_process_update
</UL>

<P><STRONG><a name="[16e]"></a>ota_flash_verify_app</STRONG> (Thumb, 410 bytes, Stack size 304 bytes, ota_boot.o(.text.ota_flash_verify_app))
<BR><BR>[Stack]<UL><LI>Max Depth = 304<LI>Call Chain = ota_flash_verify_app
</UL>
<BR>[Calls]<UL><LI><a href="#[165]">&gt;&gt;</a>&nbsp;&nbsp;&nbsp;__aeabi_memcpy
</UL>
<BR>[Called By]<UL><LI><a href="#[163]">&gt;&gt;</a>&nbsp;&nbsp;&nbsp;ota_boot_process_update
</UL>

<P><STRONG><a name="[166]"></a>ota_crc32_internal_flash</STRONG> (Thumb, 390 bytes, Stack size 296 bytes, ota_boot.o(.text.ota_crc32_internal_flash))
<BR><BR>[Stack]<UL><LI>Max Depth = 296<LI>Call Chain = ota_crc32_internal_flash
</UL>
<BR>[Calls]<UL><LI><a href="#[165]">&gt;&gt;</a>&nbsp;&nbsp;&nbsp;__aeabi_memcpy
</UL>
<BR>[Called By]<UL><LI><a href="#[164]">&gt;&gt;</a>&nbsp;&nbsp;&nbsp;ota_backup_current_app
<LI><a href="#[168]">&gt;&gt;</a>&nbsp;&nbsp;&nbsp;ota_restore_backup_app
<LI><a href="#[163]">&gt;&gt;</a>&nbsp;&nbsp;&nbsp;ota_boot_process_update
</UL>

<P><STRONG><a name="[170]"></a>ota_manifest_write</STRONG> (Thumb, 266 bytes, Stack size 400 bytes, ota_boot.o(.text.ota_manifest_write))
<BR><BR>[Stack]<UL><LI>Max Depth = 552<LI>Call Chain = ota_manifest_write &rArr; gd25lq128_read_verify &rArr; HAL_SPI_Receive
</UL>
<BR>[Calls]<UL><LI><a href="#[156]">&gt;&gt;</a>&nbsp;&nbsp;&nbsp;gd25lq128_read_verify
<LI><a href="#[158]">&gt;&gt;</a>&nbsp;&nbsp;&nbsp;gd25lq128_write
<LI><a href="#[152]">&gt;&gt;</a>&nbsp;&nbsp;&nbsp;gd25lq128_erase_4k
<LI><a href="#[c0]">&gt;&gt;</a>&nbsp;&nbsp;&nbsp;__aeabi_memcpy4
</UL>
<BR>[Called By]<UL><LI><a href="#[16a]">&gt;&gt;</a>&nbsp;&nbsp;&nbsp;ota_manifest_store_both
<LI><a href="#[168]">&gt;&gt;</a>&nbsp;&nbsp;&nbsp;ota_restore_backup_app
</UL>

<P><STRONG><a name="[159]"></a>ldc_commit_frame_unlocked</STRONG> (Thumb, 208 bytes, Stack size 16 bytes, ldc_core.o(.text.ldc_commit_frame_unlocked))
<BR><BR>[Stack]<UL><LI>Max Depth = 56<LI>Call Chain = ldc_commit_frame_unlocked &rArr; ldc_drop_oldest_packet &rArr; ldc_ring_drop
</UL>
<BR>[Calls]<UL><LI><a href="#[15c]">&gt;&gt;</a>&nbsp;&nbsp;&nbsp;ldc_packet_push
<LI><a href="#[15a]">&gt;&gt;</a>&nbsp;&nbsp;&nbsp;ldc_packet_is_full
<LI><a href="#[15e]">&gt;&gt;</a>&nbsp;&nbsp;&nbsp;ldc_packet_count
<LI><a href="#[15d]">&gt;&gt;</a>&nbsp;&nbsp;&nbsp;ldc_ring_used
<LI><a href="#[15b]">&gt;&gt;</a>&nbsp;&nbsp;&nbsp;ldc_drop_oldest_packet
</UL>
<BR>[Called By]<UL><LI><a href="#[120]">&gt;&gt;</a>&nbsp;&nbsp;&nbsp;ldc_write
</UL>

<P><STRONG><a name="[15b]"></a>ldc_drop_oldest_packet</STRONG> (Thumb, 132 bytes, Stack size 32 bytes, ldc_core.o(.text.ldc_drop_oldest_packet))
<BR><BR>[Stack]<UL><LI>Max Depth = 40<LI>Call Chain = ldc_drop_oldest_packet &rArr; ldc_ring_drop
</UL>
<BR>[Calls]<UL><LI><a href="#[15e]">&gt;&gt;</a>&nbsp;&nbsp;&nbsp;ldc_packet_count
<LI><a href="#[15d]">&gt;&gt;</a>&nbsp;&nbsp;&nbsp;ldc_ring_used
<LI><a href="#[160]">&gt;&gt;</a>&nbsp;&nbsp;&nbsp;ldc_ring_drop
<LI><a href="#[15f]">&gt;&gt;</a>&nbsp;&nbsp;&nbsp;ldc_packet_pop
</UL>
<BR>[Called By]<UL><LI><a href="#[159]">&gt;&gt;</a>&nbsp;&nbsp;&nbsp;ldc_commit_frame_unlocked
</UL>

<P><STRONG><a name="[100]"></a>RCCEx_PLL2_Config</STRONG> (Thumb, 234 bytes, Stack size 16 bytes, stm32h5xx_hal_rcc_ex.o(.text.RCCEx_PLL2_Config))
<BR><BR>[Stack]<UL><LI>Max Depth = 16<LI>Call Chain = RCCEx_PLL2_Config
</UL>
<BR>[Calls]<UL><LI><a href="#[cc]">&gt;&gt;</a>&nbsp;&nbsp;&nbsp;HAL_GetTick
</UL>
<BR>[Called By]<UL><LI><a href="#[ff]">&gt;&gt;</a>&nbsp;&nbsp;&nbsp;HAL_RCCEx_PeriphCLKConfig
</UL>

<P><STRONG><a name="[101]"></a>RCCEx_PLL3_Config</STRONG> (Thumb, 234 bytes, Stack size 16 bytes, stm32h5xx_hal_rcc_ex.o(.text.RCCEx_PLL3_Config))
<BR><BR>[Stack]<UL><LI>Max Depth = 16<LI>Call Chain = RCCEx_PLL3_Config
</UL>
<BR>[Calls]<UL><LI><a href="#[cc]">&gt;&gt;</a>&nbsp;&nbsp;&nbsp;HAL_GetTick
</UL>
<BR>[Called By]<UL><LI><a href="#[ff]">&gt;&gt;</a>&nbsp;&nbsp;&nbsp;HAL_RCCEx_PeriphCLKConfig
</UL>

<P><STRONG><a name="[109]"></a>SPI_CloseTransfer</STRONG> (Thumb, 208 bytes, Stack size 0 bytes, stm32h5xx_hal_spi.o(.text.SPI_CloseTransfer))
<BR><BR>[Called By]<UL><LI><a href="#[108]">&gt;&gt;</a>&nbsp;&nbsp;&nbsp;HAL_SPI_Receive
<LI><a href="#[10a]">&gt;&gt;</a>&nbsp;&nbsp;&nbsp;HAL_SPI_Transmit
</UL>

<P><STRONG><a name="[94]"></a>UART_RxISR_8BIT</STRONG> (Thumb, 434 bytes, Stack size 0 bytes, stm32h5xx_hal_uart.o(.text.UART_RxISR_8BIT))
<BR><BR>[Stack]<UL><LI>Max Depth = 128<LI>Call Chain = UART_RxISR_8BIT &rArr; HAL_UARTEx_RxEventCallback &rArr; ldc_write &rArr; ldc_commit_frame_unlocked &rArr; ldc_drop_oldest_packet &rArr; ldc_ring_drop
</UL>
<BR>[Calls]<UL><LI><a href="#[11f]">&gt;&gt;</a>&nbsp;&nbsp;&nbsp;HAL_UARTEx_RxEventCallback
<LI><a href="#[131]">&gt;&gt;</a>&nbsp;&nbsp;&nbsp;HAL_UART_RxCpltCallback
</UL>
<BR>[Address Reference Count : 2]<UL><LI> stm32h5xx_hal_uart.o(.text.UART_Start_Receive_IT)
<LI> stm32h5xx_hal_uart.o(.text.UART_RxISR_8BIT_FIFOEN)
</UL>
<P><STRONG><a name="[98]"></a>UART_RxISR_8BIT_FIFOEN</STRONG> (Thumb, 792 bytes, Stack size 40 bytes, stm32h5xx_hal_uart.o(.text.UART_RxISR_8BIT_FIFOEN))
<BR><BR>[Stack]<UL><LI>Max Depth = 168<LI>Call Chain = UART_RxISR_8BIT_FIFOEN &rArr; HAL_UARTEx_RxEventCallback &rArr; ldc_write &rArr; ldc_commit_frame_unlocked &rArr; ldc_drop_oldest_packet &rArr; ldc_ring_drop
</UL>
<BR>[Calls]<UL><LI><a href="#[121]">&gt;&gt;</a>&nbsp;&nbsp;&nbsp;HAL_UART_ErrorCallback
<LI><a href="#[11f]">&gt;&gt;</a>&nbsp;&nbsp;&nbsp;HAL_UARTEx_RxEventCallback
<LI><a href="#[131]">&gt;&gt;</a>&nbsp;&nbsp;&nbsp;HAL_UART_RxCpltCallback
</UL>
<BR>[Address Reference Count : 1]<UL><LI> stm32h5xx_hal_uart.o(.text.UART_Start_Receive_IT)
</UL>
<P><STRONG><a name="[93]"></a>UART_RxISR_16BIT</STRONG> (Thumb, 430 bytes, Stack size 0 bytes, stm32h5xx_hal_uart.o(.text.UART_RxISR_16BIT))
<BR><BR>[Stack]<UL><LI>Max Depth = 128<LI>Call Chain = UART_RxISR_16BIT &rArr; HAL_UARTEx_RxEventCallback &rArr; ldc_write &rArr; ldc_commit_frame_unlocked &rArr; ldc_drop_oldest_packet &rArr; ldc_ring_drop
</UL>
<BR>[Calls]<UL><LI><a href="#[11f]">&gt;&gt;</a>&nbsp;&nbsp;&nbsp;HAL_UARTEx_RxEventCallback
<LI><a href="#[131]">&gt;&gt;</a>&nbsp;&nbsp;&nbsp;HAL_UART_RxCpltCallback
</UL>
<BR>[Address Reference Count : 2]<UL><LI> stm32h5xx_hal_uart.o(.text.UART_Start_Receive_IT)
<LI> stm32h5xx_hal_uart.o(.text.UART_RxISR_16BIT_FIFOEN)
</UL>
<P><STRONG><a name="[99]"></a>UART_RxISR_16BIT_FIFOEN</STRONG> (Thumb, 788 bytes, Stack size 40 bytes, stm32h5xx_hal_uart.o(.text.UART_RxISR_16BIT_FIFOEN))
<BR><BR>[Stack]<UL><LI>Max Depth = 168<LI>Call Chain = UART_RxISR_16BIT_FIFOEN &rArr; HAL_UARTEx_RxEventCallback &rArr; ldc_write &rArr; ldc_commit_frame_unlocked &rArr; ldc_drop_oldest_packet &rArr; ldc_ring_drop
</UL>
<BR>[Calls]<UL><LI><a href="#[121]">&gt;&gt;</a>&nbsp;&nbsp;&nbsp;HAL_UART_ErrorCallback
<LI><a href="#[11f]">&gt;&gt;</a>&nbsp;&nbsp;&nbsp;HAL_UARTEx_RxEventCallback
<LI><a href="#[131]">&gt;&gt;</a>&nbsp;&nbsp;&nbsp;HAL_UART_RxCpltCallback
</UL>
<BR>[Address Reference Count : 1]<UL><LI> stm32h5xx_hal_uart.o(.text.UART_Start_Receive_IT)
</UL>
<P><STRONG><a name="[97]"></a>UART_DMAError</STRONG> (Thumb, 474 bytes, Stack size 0 bytes, stm32h5xx_hal_uart.o(.text.UART_DMAError))
<BR><BR>[Stack]<UL><LI>Max Depth = 32<LI>Call Chain = UART_DMAError &rArr; HAL_UART_ErrorCallback &rArr; HAL_UARTEx_ReceiveToIdle_DMA &rArr; UART_Start_Receive_DMA &rArr; HAL_DMAEx_List_Start_IT
</UL>
<BR>[Calls]<UL><LI><a href="#[121]">&gt;&gt;</a>&nbsp;&nbsp;&nbsp;HAL_UART_ErrorCallback
</UL>
<BR>[Address Reference Count : 1]<UL><LI> stm32h5xx_hal_uart.o(.text.UART_Start_Receive_DMA)
</UL>
<P><STRONG><a name="[95]"></a>UART_DMAReceiveCplt</STRONG> (Thumb, 304 bytes, Stack size 0 bytes, stm32h5xx_hal_uart.o(.text.UART_DMAReceiveCplt))
<BR><BR>[Stack]<UL><LI>Max Depth = 128<LI>Call Chain = UART_DMAReceiveCplt &rArr; HAL_UARTEx_RxEventCallback &rArr; ldc_write &rArr; ldc_commit_frame_unlocked &rArr; ldc_drop_oldest_packet &rArr; ldc_ring_drop
</UL>
<BR>[Calls]<UL><LI><a href="#[11f]">&gt;&gt;</a>&nbsp;&nbsp;&nbsp;HAL_UARTEx_RxEventCallback
<LI><a href="#[131]">&gt;&gt;</a>&nbsp;&nbsp;&nbsp;HAL_UART_RxCpltCallback
</UL>
<BR>[Address Reference Count : 1]<UL><LI> stm32h5xx_hal_uart.o(.text.UART_Start_Receive_DMA)
</UL>
<P><STRONG><a name="[96]"></a>UART_DMARxHalfCplt</STRONG> (Thumb, 54 bytes, Stack size 0 bytes, stm32h5xx_hal_uart.o(.text.UART_DMARxHalfCplt))
<BR><BR>[Stack]<UL><LI>Max Depth = 128<LI>Call Chain = UART_DMARxHalfCplt &rArr; HAL_UARTEx_RxEventCallback &rArr; ldc_write &rArr; ldc_commit_frame_unlocked &rArr; ldc_drop_oldest_packet &rArr; ldc_ring_drop
</UL>
<BR>[Calls]<UL><LI><a href="#[11f]">&gt;&gt;</a>&nbsp;&nbsp;&nbsp;HAL_UARTEx_RxEventCallback
<LI><a href="#[132]">&gt;&gt;</a>&nbsp;&nbsp;&nbsp;HAL_UART_RxHalfCpltCallback
</UL>
<BR>[Address Reference Count : 1]<UL><LI> stm32h5xx_hal_uart.o(.text.UART_Start_Receive_DMA)
</UL>
<P><STRONG><a name="[92]"></a>UART_DMAAbortOnError</STRONG> (Thumb, 12 bytes, Stack size 0 bytes, stm32h5xx_hal_uart.o(.text.UART_DMAAbortOnError))
<BR><BR>[Stack]<UL><LI>Max Depth = 32<LI>Call Chain = UART_DMAAbortOnError &rArr; HAL_UART_ErrorCallback &rArr; HAL_UARTEx_ReceiveToIdle_DMA &rArr; UART_Start_Receive_DMA &rArr; HAL_DMAEx_List_Start_IT
</UL>
<BR>[Calls]<UL><LI><a href="#[121]">&gt;&gt;</a>&nbsp;&nbsp;&nbsp;HAL_UART_ErrorCallback
</UL>
<BR>[Address Reference Count : 1]<UL><LI> stm32h5xx_hal_uart.o(.text.HAL_UART_IRQHandler)
</UL><P>
<H3>
Undefined Global Symbols
</H3><HR></body></html>
