<html>
<body>
<pre>
<h1>µVision Build Log</h1>
<h2>Tool Versions:</h2>
IDE-Version: ¦ÌVision V5.39.0.0
Copyright (C) 2023 ARM Ltd and ARM Germany GmbH. All rights reserved.
License Information: w 993889589@qq.com, d, LIC=X1E4T-RXWZP-XCSJ0-BNZU7-28WHG-LCF7C
 
Tool Versions:
Toolchain:       MDK-ARM Professional  Version: 5.39.0.0
Toolchain Path:  C:\Keil_v5\ARM\ARMCLANG\Bin
C Compiler:      ArmClang.exe V6.21
Assembler:       Armasm.exe V6.21
Linker/Locator:  ArmLink.exe V6.21
Library Manager: ArmAr.exe V6.21
Hex Converter:   FromElf.exe V6.21
CPU DLL:         
Dialog DLL:      
Target DLL:      STLink\ST-LINKIII-KEIL_SWO.dll V3.2.0.0
Dialog DLL:      TCM.DLL V1.56.4.0
 
<h2>Project:</h2>
D:\Embedded\H5\STM32H563_Bootloader\MDK-ARM\STM32H563_Threadx_usbx_cdc_acm.uvprojx
Project File Date:  06/11/2026

<h2>Output:</h2>
*** Using Compiler 'V6.21', folder: 'C:\Keil_v5\ARM\ARMCLANG\Bin'
Rebuild target 'STM32H563_Bootloader'
assembling tx_initialize_low_level.S...
compiling main.c...
assembling startup_stm32h563xx.s...
compiling app_threadx.c...
compiling modbus_rtu.c...
compiling memorymap.c...
compiling ldc_ring.c...
compiling gpio.c...
compiling usart.c...
compiling stm32h5xx_hal_timebase_tim.c...
compiling ldc_frame_policy.c...
compiling stm32h5xx_it.c...
compiling spi.c...
compiling app_azure_rtos.c...
compiling ldc_packet.c...
compiling ux_device_cdc_acm.c...
compiling ux_device_descriptors.c...
compiling ldc_proto_dispatcher.c...
compiling modbus_slave.c...
compiling stm32h5xx_hal_msp.c...
compiling dcache.c...
compiling icache.c...
compiling ldc_core.c...
compiling usb.c...
compiling app_usbx_device.c...
compiling stm32h5xx_hal_cortex.c...
compiling gd25lq128.c...
compiling stm32h5xx_hal_dcache.c...
compiling stm32h5xx_hal_rcc.c...
compiling ota_boot.c...
compiling stm32h5xx_hal_tim_ex.c...
compiling stm32h5xx_hal_pwr.c...
compiling stm32h5xx_hal_gpio.c...
compiling stm32h5xx_hal_flash.c...
compiling stm32h5xx_hal_exti.c...
compiling stm32h5xx_hal_pwr_ex.c...
compiling stm32h5xx_hal_tim.c...
compiling stm32h5xx_hal.c...
compiling stm32h5xx_hal_dma.c...
compiling stm32h5xx_hal_flash_ex.c...
compiling stm32h5xx_hal_icache.c...
compiling app_board_io.c...
compiling stm32h5xx_hal_pcd_ex.c...
compiling stm32h5xx_hal_uart_ex.c...
compiling tx_initialize_kernel_enter.c...
compiling tx_initialize_high_level.c...
compiling stm32h5xx_hal_rcc_ex.c...
compiling tx_initialize_kernel_setup.c...
compiling system_stm32h5xx.c...
compiling stm32h5xx_hal_pcd.c...
compiling stm32h5xx_hal_dma_ex.c...
assembling tx_thread_context_restore.S...
assembling tx_thread_context_save.S...
compiling stm32h5xx_hal_spi.c...
assembling tx_thread_interrupt_control.S...
compiling tx_thread_stack_error_handler.c...
compiling tx_thread_stack_error_notify.c...
assembling tx_thread_interrupt_disable.S...
assembling tx_thread_interrupt_restore.S...
compiling stm32h5xx_ll_usb.c...
assembling tx_thread_schedule.S...
compiling stm32h5xx_hal_uart.c...
compiling tx_thread_system_resume.c...
assembling tx_thread_system_return.S...
assembling tx_thread_stack_build.S...
compiling tx_block_allocate.c...
compiling tx_block_pool_cleanup.c...
assembling tx_timer_interrupt.S...
compiling tx_block_pool_create.c...
compiling tx_block_pool_delete.c...
compiling tx_block_pool_info_get.c...
compiling tx_block_pool_initialize.c...
compiling tx_block_pool_prioritize.c...
compiling tx_block_release.c...
compiling tx_byte_allocate.c...
compiling tx_byte_pool_cleanup.c...
compiling tx_byte_pool_create.c...
compiling tx_byte_pool_delete.c...
compiling tx_byte_pool_info_get.c...
compiling tx_byte_pool_initialize.c...
compiling tx_byte_pool_prioritize.c...
compiling tx_event_flags_cleanup.c...
compiling tx_byte_pool_search.c...
compiling tx_byte_release.c...
compiling tx_event_flags_create.c...
compiling tx_event_flags_delete.c...
compiling tx_event_flags_get.c...
compiling tx_event_flags_initialize.c...
compiling tx_event_flags_info_get.c...
compiling tx_event_flags_set.c...
compiling tx_event_flags_set_notify.c...
compiling tx_mutex_create.c...
compiling tx_mutex_cleanup.c...
compiling tx_mutex_delete.c...
compiling tx_mutex_get.c...
compiling tx_mutex_info_get.c...
compiling tx_mutex_initialize.c...
compiling tx_mutex_prioritize.c...
compiling tx_mutex_priority_change.c...
compiling tx_mutex_put.c...
compiling tx_queue_cleanup.c...
compiling tx_queue_create.c...
compiling tx_queue_delete.c...
compiling tx_queue_flush.c...
compiling tx_queue_front_send.c...
compiling tx_queue_info_get.c...
compiling tx_queue_initialize.c...
compiling tx_queue_prioritize.c...
compiling tx_queue_receive.c...
compiling tx_queue_send_notify.c...
compiling tx_queue_send.c...
compiling tx_semaphore_ceiling_put.c...
compiling tx_semaphore_cleanup.c...
compiling tx_semaphore_create.c...
compiling tx_semaphore_delete.c...
compiling tx_semaphore_get.c...
compiling tx_semaphore_info_get.c...
compiling tx_semaphore_initialize.c...
compiling tx_semaphore_prioritize.c...
compiling tx_semaphore_put_notify.c...
compiling tx_semaphore_put.c...
compiling tx_thread_create.c...
compiling tx_thread_delete.c...
compiling tx_thread_entry_exit_notify.c...
compiling tx_thread_identify.c...
compiling tx_thread_info_get.c...
compiling tx_thread_initialize.c...
compiling tx_thread_preemption_change.c...
compiling tx_thread_priority_change.c...
compiling tx_thread_resume.c...
compiling tx_thread_relinquish.c...
compiling tx_thread_reset.c...
compiling tx_thread_shell_entry.c...
compiling tx_thread_sleep.c...
compiling tx_thread_stack_analyze.c...
compiling tx_thread_suspend.c...
compiling tx_thread_system_preempt_check.c...
compiling tx_thread_system_suspend.c...
compiling tx_thread_terminate.c...
compiling tx_thread_time_slice.c...
compiling tx_thread_time_slice_change.c...
compiling tx_thread_timeout.c...
compiling tx_thread_wait_abort.c...
compiling tx_time_get.c...
compiling tx_time_set.c...
compiling txe_block_allocate.c...
compiling txe_block_pool_create.c...
compiling txe_block_pool_delete.c...
compiling txe_block_pool_info_get.c...
compiling txe_block_release.c...
compiling txe_block_pool_prioritize.c...
compiling txe_byte_allocate.c...
compiling txe_byte_pool_create.c...
compiling txe_byte_pool_delete.c...
compiling txe_byte_pool_info_get.c...
compiling txe_byte_pool_prioritize.c...
compiling txe_byte_release.c...
compiling txe_event_flags_create.c...
compiling txe_event_flags_delete.c...
compiling txe_event_flags_get.c...
compiling txe_event_flags_info_get.c...
compiling txe_event_flags_set.c...
compiling txe_event_flags_set_notify.c...
compiling txe_mutex_delete.c...
compiling txe_mutex_create.c...
compiling txe_mutex_get.c...
compiling txe_mutex_info_get.c...
compiling txe_mutex_prioritize.c...
compiling txe_mutex_put.c...
compiling txe_queue_create.c...
compiling txe_queue_delete.c...
compiling txe_queue_flush.c...
compiling txe_queue_front_send.c...
compiling txe_queue_info_get.c...
compiling txe_queue_prioritize.c...
compiling txe_queue_receive.c...
compiling txe_queue_send.c...
compiling txe_queue_send_notify.c...
compiling txe_semaphore_ceiling_put.c...
compiling txe_semaphore_create.c...
compiling txe_semaphore_delete.c...
compiling txe_semaphore_get.c...
compiling txe_semaphore_info_get.c...
compiling txe_semaphore_prioritize.c...
compiling txe_semaphore_put.c...
compiling txe_semaphore_put_notify.c...
compiling txe_thread_create.c...
compiling txe_thread_delete.c...
compiling txe_thread_entry_exit_notify.c...
compiling txe_thread_info_get.c...
compiling txe_thread_preemption_change.c...
compiling txe_thread_priority_change.c...
compiling txe_thread_relinquish.c...
compiling txe_thread_reset.c...
compiling txe_thread_suspend.c...
compiling txe_thread_resume.c...
compiling txe_thread_terminate.c...
compiling txe_thread_time_slice_change.c...
compiling txe_thread_wait_abort.c...
compiling tx_timer_activate.c...
compiling tx_timer_change.c...
compiling tx_timer_create.c...
compiling tx_timer_deactivate.c...
compiling tx_timer_delete.c...
compiling tx_timer_expiration_process.c...
compiling tx_timer_info_get.c...
compiling tx_timer_initialize.c...
compiling tx_timer_system_activate.c...
compiling tx_timer_system_deactivate.c...
compiling tx_timer_thread_entry.c...
compiling txe_timer_activate.c...
compiling txe_timer_change.c...
compiling txe_timer_create.c...
compiling txe_timer_deactivate.c...
compiling txe_timer_delete.c...
compiling txe_timer_info_get.c...
compiling ux_dcd_stm32_endpoint_create.c...
compiling ux_dcd_stm32_callback.c...
compiling ux_dcd_stm32_endpoint_destroy.c...
compiling ux_dcd_stm32_endpoint_reset.c...
compiling ux_dcd_stm32_endpoint_stall.c...
compiling ux_dcd_stm32_endpoint_status.c...
compiling ux_dcd_stm32_frame_number_get.c...
compiling ux_dcd_stm32_function.c...
compiling ux_dcd_stm32_initialize.c...
compiling ux_dcd_stm32_interrupt_handler.c...
compiling ux_dcd_stm32_initialize_complete.c...
compiling ux_utility_debug_callback_register.c...
compiling ux_utility_debug_log.c...
compiling ux_dcd_stm32_transfer_abort.c...
compiling ux_dcd_stm32_uninitialize.c...
compiling ux_dcd_stm32_transfer_request.c...
compiling ux_utility_delay_ms.c...
compiling ux_utility_descriptor_pack.c...
compiling ux_utility_descriptor_parse.c...
compiling ux_utility_error_callback_register.c...
compiling ux_utility_event_flags_create.c...
compiling ux_utility_event_flags_delete.c...
compiling ux_utility_event_flags_get.c...
compiling ux_utility_long_get.c...
compiling ux_utility_event_flags_set.c...
compiling ux_utility_long_get_big_endian.c...
compiling ux_utility_long_put.c...
compiling ux_utility_long_put_big_endian.c...
compiling ux_utility_memory_allocate_add_safe.c...
compiling ux_utility_memory_allocate_mulc_safe.c...
compiling ux_utility_memory_allocate.c...
compiling ux_utility_memory_allocate_mulv_safe.c...
compiling ux_utility_memory_compare.c...
compiling ux_utility_memory_copy.c...
compiling ux_utility_memory_free.c...
compiling ux_utility_memory_byte_pool_create.c...
compiling ux_utility_mutex_create.c...
compiling ux_utility_memory_set.c...
compiling ux_utility_memory_byte_pool_search.c...
compiling ux_utility_mutex_delete.c...
compiling ux_utility_mutex_off.c...
compiling ux_utility_mutex_on.c...
compiling ux_utility_pci_class_scan.c...
compiling ux_utility_pci_write.c...
compiling ux_utility_pci_read.c...
compiling ux_utility_physical_address.c...
compiling ux_utility_semaphore_create.c...
compiling ux_utility_semaphore_delete.c...
compiling ux_utility_semaphore_get.c...
compiling ux_utility_short_get_big_endian.c...
compiling ux_utility_semaphore_put.c...
compiling ux_utility_set_interrupt_handler.c...
compiling ux_utility_short_get.c...
compiling ux_utility_short_put.c...
compiling ux_utility_short_put_big_endian.c...
compiling ux_utility_thread_delete.c...
compiling ux_utility_string_length_get.c...
compiling ux_utility_thread_create.c...
compiling ux_utility_string_to_unicode.c...
compiling ux_utility_string_length_check.c...
compiling ux_utility_thread_identify.c...
compiling ux_utility_thread_relinquish.c...
compiling ux_utility_thread_resume.c...
compiling ux_utility_thread_suspend.c...
compiling ux_utility_thread_schedule_other.c...
compiling ux_utility_thread_sleep.c...
compiling ux_utility_timer_create.c...
compiling ux_utility_timer_delete.c...
compiling ux_utility_unicode_to_string.c...
compiling ux_utility_virtual_address.c...
compiling ux_system_error_handler.c...
compiling ux_system_uninitialize.c...
compiling ux_system_initialize.c...
compiling ux_device_stack_alternate_setting_get.c...
compiling ux_device_stack_class_register.c...
compiling ux_device_stack_alternate_setting_set.c...
compiling ux_device_stack_configuration_get.c...
compiling ux_device_stack_clear_feature.c...
compiling ux_device_stack_class_unregister.c...
compiling ux_device_stack_configuration_set.c...
compiling ux_device_stack_control_request_process.c...
compiling ux_device_stack_descriptor_send.c...
compiling ux_device_stack_disconnect.c...
compiling ux_device_stack_endpoint_stall.c...
compiling ux_device_stack_get_status.c...
compiling ux_device_stack_host_wakeup.c...
compiling ux_device_stack_initialize.c...
compiling ux_device_stack_interface_delete.c...
compiling ux_device_stack_interface_get.c...
compiling ux_device_stack_interface_start.c...
compiling ux_device_stack_microsoft_extension_register.c...
compiling ux_device_stack_interface_set.c...
compiling ux_device_stack_set_feature.c...
compiling ux_device_stack_transfer_all_request_abort.c...
compiling ux_device_stack_transfer_abort.c...
compiling ux_device_stack_transfer_request.c...
compiling ux_device_class_cdc_acm_activate.c...
compiling ux_device_stack_uninitialize.c...
compiling ux_device_class_cdc_acm_bulkin_thread.c...
compiling ux_device_class_cdc_acm_bulkout_thread.c...
compiling ux_device_class_cdc_acm_control_request.c...
compiling ux_device_class_cdc_acm_deactivate.c...
compiling ux_device_class_cdc_acm_entry.c...
compiling ux_device_class_cdc_acm_initialize.c...
compiling ux_device_class_cdc_acm_ioctl.c...
compiling ux_device_class_cdc_acm_read.c...
compiling ux_device_class_cdc_acm_unitialize.c...
compiling ux_device_class_cdc_acm_write.c...
compiling ux_device_class_cdc_acm_write_with_callback.c...
linking...
Program Size: Code=52266 RO-data=686 RW-data=88 ZI-data=4312  
FromELF: creating hex file...
"STM32H563_Bootloader\STM32H563_Bootloader.axf" - 0 Error(s), 0 Warning(s).

<h2>Software Packages used:</h2>

Package Vendor: ARM
                https://www.keil.com/pack/ARM.CMSIS.6.1.0.pack
                ARM::CMSIS@6.1.0
                CMSIS (Common Microcontroller Software Interface Standard)
   * Component: CORE Version: 6.1.0

Package Vendor: Keil
                https://www.keil.com/pack/Keil.STM32H5xx_DFP.1.2.0.pack
                Keil::STM32H5xx_DFP@1.2.0
                STMicroelectronics STM32H5 Series Device Support

<h2>Collection of Component include folders:</h2>
  ./RTE/_STM32H563_Bootloader
  C:/Users/99388/AppData/Local/Arm/Packs/ARM/CMSIS/6.1.0/CMSIS/Core/Include
  C:/Users/99388/AppData/Local/Arm/Packs/Keil/STM32H5xx_DFP/1.2.0/Drivers/CMSIS/Device/ST/STM32H5xx/Include

<h2>Collection of Component Files used:</h2>

   * Component: ARM::CMSIS:CORE@6.1.0
      Include file:  CMSIS/Core/Include/tz_context.h
Build Time Elapsed:  00:00:10
</pre>
</body>
</html>
